<html>
<body>
<pre>
<h1>µVision Build Log</h1>
<h2>Tool Versions:</h2>
IDE-Version: •ÏVision V5.18.0.0
Copyright (C) 2016 ARM Ltd and ARM Germany GmbH. All rights reserved.
License Information: df Microsoft, Microsoft, LIC=50DY8-3UCWZ-TJG6H-WWEX0-GX9RW-SWU27
 
Tool Versions:
Toolchain:       MDK-ARM Professional  Version: 5.18
Toolchain Path:  C:\Keil_v5\ARM\ARMCC\Bin
C Compiler:      Armcc.exe V5.06 update 1 (build 61)
Assembler:       Armasm.exe V5.06 update 1 (build 61)
Linker/Locator:  ArmLink.exe V5.06 update 1 (build 61)
Library Manager: ArmAr.exe V5.06 update 1 (build 61)
Hex Converter:   FromElf.exe V5.06 update 1 (build 61)
CPU DLL:         SARMCM3.DLL V5.18
Dialog DLL:      DCM.DLL V1.13.6.0
Target DLL:      Segger\JL2CM3.dll V2.99.18.0
Dialog DLL:      TCM.DLL V1.14.8.0
 
<h2>Project:</h2>
D:\mdk\blinky-k64f1\addon_mdk\Boards\Freescale\FRDM-K64F\Blinky\Blinky.uvprojx
Project File Date:  03/18/2016

<h2>Output:</h2>
*** Using Compiler 'V5.06 update 1 (build 61)', folder: 'C:\Keil_v5\ARM\ARMCC\Bin'
Rebuild target 'MK64FN1M Flash'

FCARM uses the following Files via command file '.\Auto_FcArm_Cmd.inp':
~graph.html,
~index.htm,
~jquery.min.js.gz,
~smoothie.js.gz,
~loc.cgx 
TO web.c RTE PRINT ROOT(Web)
custom translating @.\Auto_FcArm_Cmd.inp...
Custom: C:\Keil_v5\ARM\Bin\FCARM.exe @.\Auto_FcArm_Cmd.inp
FCARM FILE CONVERTER V2.54
Completed 5 File(s), Ratio 99%
compiling LEDThread.c...
compiling HTTP_Server_CGI.c...
compiling seThread.c...
compiling web.c...
compiling FXOS8700.c...
compiling Blinky.c...
Blinky.c(103): warning:  #177-D: variable "i" was declared but never referenced
  			unsigned char i;
Blinky.c(237): warning:  #177-D: variable "i" was declared but never referenced
    int32_t i;
Blinky.c: 2 warnings, 0 errors
compiling RTX_Conf_CM.c...
compiling Buttons_FRDM_K64F.c...
compiling LED_FRDM_K64F.c...
compiling PHY_KSZ8081RNA.c...
compiling retarget_io.c...
compiling EMAC_MK64F.c...
compiling I2C_MK64F.c...
compiling board.c...
compiling gpio_pins.c...
compiling pin_mux.c...
compiling startup.c...
compiling fsl_edma_common.c...
compiling fsl_edma_driver.c...
compiling fsl_edma_irq.c...
compiling fsl_gpio_common.c...
compiling fsl_gpio_driver.c...
compiling fsl_rtc_common.c...
compiling fsl_rtc_driver.c...
compiling fsl_edma_hal.c...
compiling fsl_dmamux_hal.c...
compiling fsl_enet_hal.c...
compiling fsl_gpio_hal.c...
compiling fsl_i2c_hal.c...
compiling fsl_lptmr_hal.c...
compiling fsl_mcg_hal.c...
compiling fsl_mcg_hal_modes.c...
compiling fsl_osc_hal.c...
compiling fsl_port_hal.c...
compiling fsl_rtc_hal.c...
compiling fsl_sim_hal_MK64F12.c...
compiling fsl_uart_hal.c...
compiling fsl_os_abstraction_bm.c...
compiling fsl_clock_MK64F12.c...
compiling fsl_interrupt_manager.c...
compiling fsl_clock_manager_common.c...
compiling fsl_clock_manager.c...
compiling print_scan.c...
assembling startup_MK64F12.s...
compiling hardware_init.c...
RTE\Device\MK64FN1M0VLL12\hardware_init.c(37): warning:  #177-D: variable "I" was declared but never referenced
   uint8_t I;
RTE\Device\MK64FN1M0VLL12\hardware_init.c: 1 warning, 0 errors
compiling fsl_debug_console.c...
compiling Net_Config.c...
compiling system_MK64F12.c...
linking...
Program Size: Code=69560 RO-data=46252 RW-data=344 ZI-data=33268  
".\Flash\Blinky.axf" - 0 Error(s), 3 Warning(s).

<h2>Software Packages used:</h2>

Package Vendor: ARM
                http://www.keil.com/pack/ARM.CMSIS.4.5.0.pack
                ::CMSIS:RTOS:1.0 (API)
                CMSIS (Cortex Microcontroller Software Interface Standard)
   * Component: RTOS Version: 1.0
   * Component: I2C Version: 2.02
   * Component: Ethernet MAC Version: 2.01
   * Component: Ethernet PHY Version: 2.00
   * Component: CORE Version: 4.3.0
   * Component: Keil RTX Version: 4.80.0

Package Vendor: Keil
                http://www.keil.com/pack/Keil.ARM_Compiler.1.0.0.pack
                Keil::Compiler:I/O:STDOUT:ITM:1.0.0
                Keil ARM Compiler extensions
   * Component: STDOUT Variant: ITM Version: 1.0.0

Package Vendor: Keil
                http://www.keil.com/pack/Keil.Kinetis_SDK_DFP.2.2.0.pack
                ::Device:KSDK Configuration (API)
                Freescale Kinetis SDK v1.2.0 including MK64FN1M0VLL12 CMSIS Device Support and Drivers
   * Component: KSDK Configuration Version: 
   * Component: Startup Version: 2.8
   * Component: FRDM-K64F Version: 1.2.0
   * Component: DMAMUX Version: 1.2.0
   * Component: eDMA Version: 1.2.0
   * Component: ENET Version: 1.2.0
   * Component: GPIO Version: 1.2.0
   * Component: I2C Version: 1.2.0
   * Component: LPTMR Version: 1.2.0
   * Component: MCG Version: 1.2.0
   * Component: OSC Version: 1.2.0
   * Component: PORT Version: 1.2.0
   * Component: RTC Version: 1.2.0
   * Component: SIM Version: 1.2.0
   * Component: UART Version: 1.2.0
   * Component: eDMA Version: 1.2.0
   * Component: GPIO Version: 1.2.0
   * Component: RTC Version: 1.2.0
   * Component: Clock Version: 1.2.0
   * Component: Interrupt Version: 1.2.0
   * Component: OSA Variant: Bare Metal Version: 1.2.0
   * Component: Debug Console Version: 1.2.0
   * Component: Ethernet MAC Version: 1.2
   * Component: I2C Version: 1.3
   * Component: LED Version: 1.2
   * Component: Buttons Version: 1.2
   * Component: Accelerometer Version: 1.2
   * Component: Magnetometer Version: 1.2

Package Vendor: Keil
                http://www.keil.com/pack/Keil.MDK-Middleware.6.6.0.pack
                ::Board Support:LED:1.00 (API)
                Keil MDK-ARM Professional Middleware for ARM Cortex-M based devices
   * Component: LED Version: 1.00
   * Component: Buttons Version: 1.00
   * Component: Accelerometer Version: 1.00
   * Component: Magnetometer Version: 1.00
   * Component: CORE Variant: Release Version: 6.6.0
   * Component: ETH Version: 6.6.0
   * Component: UDP Version: 6.6.0
   * Component: TCP Version: 6.6.0
   * Component: Web Server Compact Version: 6.6.0
   * Component: KSZ8081RNA Version: 6.1

<h2>Collection of Component include folders:</h2>
  D:\mdk\blinky-k64f1\addon_mdk\Boards\Freescale\FRDM-K64F\Blinky\RTE
  D:\mdk\blinky-k64f1\addon_mdk\Boards\Freescale\FRDM-K64F\Blinky\RTE\Device\MK64FN1M0VLL12
  C:\Keil_v5\ARM\PACK\ARM\CMSIS\4.5.0\CMSIS\Driver\Include
  C:\Keil_v5\ARM\PACK\ARM\CMSIS\4.5.0\CMSIS\Include
  C:\Keil_v5\ARM\PACK\ARM\CMSIS\4.5.0\CMSIS\RTOS\RTX\INC
  C:\Keil_v5\ARM\PACK\Keil\Kinetis_SDK_DFP\2.2.0\examples\frdmk64f
  C:\Keil_v5\ARM\PACK\Keil\Kinetis_SDK_DFP\2.2.0\platform\devices
  C:\Keil_v5\ARM\PACK\Keil\Kinetis_SDK_DFP\2.2.0\platform\drivers\inc
  C:\Keil_v5\ARM\PACK\Keil\Kinetis_SDK_DFP\2.2.0\platform\hal\inc
  C:\Keil_v5\ARM\PACK\Keil\Kinetis_SDK_DFP\2.2.0\platform\osa\inc
  C:\Keil_v5\ARM\PACK\Keil\Kinetis_SDK_DFP\2.2.0\platform\system\inc
  C:\Keil_v5\ARM\PACK\Keil\Kinetis_SDK_DFP\2.2.0\platform\utilities\inc
  C:\Keil_v5\ARM\PACK\Keil\MDK-Middleware\6.6.0\Board
  C:\Keil_v5\ARM\PACK\Keil\MDK-Middleware\6.6.0\Network\Include

<h2>Collection of Component Files used:</h2>

   * Component: ::CMSIS:RTOS:1.0 (API)

   * Component: ::CMSIS Driver:I2C:2.02 (API)
      Include file:  CMSIS\Driver\Include\Driver_I2C.h

   * Component: ::CMSIS Driver:Ethernet MAC:2.01 (API)
      Include file:  CMSIS\Driver\Include\Driver_ETH_MAC.h

   * Component: ::CMSIS Driver:Ethernet PHY:2.00 (API)
      Include file:  CMSIS\Driver\Include\Driver_ETH_PHY.h

   * Component: ARM::CMSIS:CORE:4.3.0

   * Component: ARM::CMSIS:RTOS:Keil RTX:4.80.0
      Include file:  CMSIS\RTOS\RTX\INC\cmsis_os.h
      Source file:   CMSIS\RTOS\RTX\Templates\RTX_Conf_CM.c
      Include file:  CMSIS\RTOS\RTX\UserCodeTemplates\osObjects.h
      Source file:   CMSIS\RTOS\RTX\UserCodeTemplates\main.c
      Source file:   CMSIS\RTOS\RTX\UserCodeTemplates\MailQueue.c
      Source file:   CMSIS\RTOS\RTX\UserCodeTemplates\MemPool.c
      Source file:   CMSIS\RTOS\RTX\UserCodeTemplates\MsgQueue.c
      Source file:   CMSIS\RTOS\RTX\UserCodeTemplates\Mutex.c
      Source file:   CMSIS\RTOS\RTX\UserCodeTemplates\Semaphore.c
      Source file:   CMSIS\RTOS\RTX\UserCodeTemplates\Thread.c
      Source file:   CMSIS\RTOS\RTX\UserCodeTemplates\Timer.c
      Source file:   CMSIS\RTOS\RTX\SRC\ARM\SVC_Table.s
      Library file:  CMSIS\RTOS\RTX\LIB\ARM\RTX_CM4.lib

   * Component: Keil::Compiler:I/O:STDOUT:ITM:1.0.0
      Source file:   Source\retarget_io.c

   * Component: ::Device:KSDK Configuration (API)

   * Component: Keil::Device:Startup:2.8
      Source file:   platform\devices\startup.c
      Source file:   platform\devices\MK64F12\startup\arm\startup_MK64F12.s
      Include file:  platform\devices\MK64F12\startup\system_MK64F12.h
      Source file:   platform\devices\MK64F12\startup\system_MK64F12.c
      Include file:  addon_cmsis\Driver\MK64F\Config\RTE_Device.h

   * Component: Keil::Device:KSDK Configuration:FRDM-K64F:1.2.0
      Include file:  examples\frdmk64f\board.h
      Source file:   examples\frdmk64f\board.c
      Source file:   examples\frdmk64f\hardware_init.c
      Source file:   examples\frdmk64f\gpio_pins.c
      Source file:   examples\frdmk64f\pin_mux.c

   * Component: Keil::Device:KSDK HAL:DMAMUX:1.2.0
      Include file:  platform\hal\inc\fsl_dmamux_hal.h
      Source file:   platform\hal\src\dmamux\fsl_dmamux_hal.c

   * Component: Keil::Device:KSDK HAL:eDMA:1.2.0
      Include file:  platform\hal\inc\fsl_edma_hal.h
      Source file:   platform\hal\src\edma\fsl_edma_hal.c

   * Component: Keil::Device:KSDK HAL:ENET:1.2.0
      Include file:  platform\hal\inc\fsl_enet_hal.h
      Source file:   platform\hal\src\enet\fsl_enet_hal.c

   * Component: Keil::Device:KSDK HAL:GPIO:1.2.0
      Include file:  platform\hal\inc\fsl_gpio_hal.h
      Source file:   platform\hal\src\gpio\fsl_gpio_hal.c

   * Component: Keil::Device:KSDK HAL:I2C:1.2.0
      Include file:  platform\hal\inc\fsl_i2c_hal.h
      Source file:   platform\hal\src\i2c\fsl_i2c_hal.c

   * Component: Keil::Device:KSDK HAL:LPTMR:1.2.0
      Include file:  platform\hal\inc\fsl_lptmr_hal.h
      Source file:   platform\hal\src\lptmr\fsl_lptmr_hal.c

   * Component: Keil::Device:KSDK HAL:MCG:1.2.0
      Include file:  platform\hal\inc\fsl_mcg_hal.h
      Include file:  platform\hal\inc\fsl_mcg_hal_modes.h
      Source file:   platform\hal\src\mcg\fsl_mcg_hal.c
      Source file:   platform\hal\src\mcg\fsl_mcg_hal_modes.c

   * Component: Keil::Device:KSDK HAL:OSC:1.2.0
      Include file:  platform\hal\inc\fsl_osc_hal.h
      Source file:   platform\hal\src\osc\fsl_osc_hal.c

   * Component: Keil::Device:KSDK HAL:PORT:1.2.0
      Include file:  platform\hal\inc\fsl_port_hal.h
      Source file:   platform\hal\src\port\fsl_port_hal.c

   * Component: Keil::Device:KSDK HAL:RTC:1.2.0
      Include file:  platform\hal\inc\fsl_rtc_hal.h
      Source file:   platform\hal\src\rtc\fsl_rtc_hal.c

   * Component: Keil::Device:KSDK HAL:SIM:1.2.0
      Include file:  platform\hal\inc\fsl_sim_hal.h
      Source file:   platform\hal\src\sim\MK64F12\fsl_sim_hal_MK64F12.c

   * Component: Keil::Device:KSDK HAL:UART:1.2.0
      Include file:  platform\hal\inc\fsl_uart_hal.h
      Source file:   platform\hal\src\uart\fsl_uart_hal.c

   * Component: Keil::Device:KSDK Driver:eDMA:1.2.0
      Include file:  platform\drivers\inc\fsl_edma_driver.h
      Source file:   platform\drivers\src\edma\fsl_edma_driver.c
      Source file:   platform\drivers\src\edma\fsl_edma_common.c
      Source file:   platform\drivers\src\edma\fsl_edma_irq.c
      Source file:   platform\drivers\src\edma\fsl_edma_lpm_callback.c

   * Component: Keil::Device:KSDK Driver:GPIO:1.2.0
      Include file:  platform\drivers\inc\fsl_gpio_driver.h
      Source file:   platform\drivers\src\gpio\fsl_gpio_driver.c
      Source file:   platform\drivers\src\gpio\fsl_gpio_common.c
      Source file:   platform\drivers\src\gpio\fsl_gpio_irq.c
      Source file:   platform\drivers\src\gpio\fsl_gpio_lpm_callback.c

   * Component: Keil::Device:KSDK Driver:RTC:1.2.0
      Include file:  platform\drivers\inc\fsl_rtc_driver.h
      Source file:   platform\drivers\src\rtc\fsl_rtc_driver.c
      Source file:   platform\drivers\src\rtc\fsl_rtc_common.c
      Source file:   platform\drivers\src\rtc\fsl_rtc_irq.c
      Source file:   platform\drivers\src\rtc\fsl_rtc_lpm_callback.c

   * Component: Keil::Device:KSDK System:Clock:1.2.0
      Include file:  platform\system\inc\fsl_clock_manager.h
      Source file:   platform\system\src\clock\fsl_clock_manager.c
      Source file:   platform\system\src\clock\fsl_clock_manager_common.c
      Source file:   platform\system\src\clock\MK64F12\fsl_clock_MK64F12.c

   * Component: Keil::Device:KSDK System:Interrupt:1.2.0
      Include file:  platform\system\inc\fsl_interrupt_manager.h
      Source file:   platform\system\src\interrupt\fsl_interrupt_manager.c

   * Component: Keil::Device:KSDK OSA:OSA:Bare Metal:1.2.0
      Include file:  platform\osa\inc\fsl_os_abstraction.h
      Source file:   platform\osa\src\fsl_os_abstraction_bm.c

   * Component: Keil::Device:KSDK Utility:Debug Console:1.2.0
      Include file:  platform\utilities\inc\fsl_debug_console.h
      Source file:   platform\utilities\src\fsl_debug_console.c
      Source file:   platform\utilities\src\print_scan.c

   * Component: Keil::CMSIS Driver:Ethernet MAC:1.2
      Source file:   addon_cmsis\Driver\MK64F\EMAC_MK64F.c

   * Component: Keil::CMSIS Driver:I2C:1.3
      Source file:   addon_cmsis\Driver\MK64F\I2C_MK64F.c

   * Component: Keil.FRDM-K64F::Board Support:LED:1.2
      Source file:   addon_mdk\Boards\Freescale\FRDM-K64F\Common\LED_FRDM_K64F.c

   * Component: Keil.FRDM-K64F::Board Support:Buttons:1.2
      Source file:   addon_mdk\Boards\Freescale\FRDM-K64F\Common\Buttons_FRDM_K64F.c

   * Component: Keil.FRDM-K64F::Board Support:Accelerometer:1.2
      Source file:   addon_mdk\Boards\Freescale\FRDM-K64F\Common\FXOS8700.c

   * Component: Keil.FRDM-K64F::Board Support:Magnetometer:1.2
      Source file:   addon_mdk\Boards\Freescale\FRDM-K64F\Common\FXOS8700.c

   * Component: ::Board Support:LED:1.00 (API)
      Include file:  Board\Board_LED.h

   * Component: ::Board Support:Buttons:1.00 (API)
      Include file:  Board\Board_Buttons.h

   * Component: ::Board Support:Accelerometer:1.00 (API)
      Include file:  Board\Board_Accelerometer.h

   * Component: ::Board Support:Magnetometer:1.00 (API)
      Include file:  Board\Board_Magnetometer.h

   * Component: Keil.MDK-Pro::Network:CORE:Release:6.6.0
      Include file:  Network\Include\rl_net.h
      Source file:   Network\Config\Net_Config.c
      Library file:  Network\Lib\ARM\Net_CM3_L.lib

   * Component: Keil.MDK-Pro::Network:Interface:ETH:6.6.0
      Source file:   Network\Config\Net_Config_ETH.h

   * Component: Keil.MDK-Pro::Network:Socket:UDP:6.6.0
      Source file:   Network\Config\Net_Config_UDP.h
      Source file:   Network\Template\UDP_Socket.c

   * Component: Keil.MDK-Pro::Network:Socket:TCP:6.6.0
      Source file:   Network\Config\Net_Config_TCP.h
      Source file:   Network\Template\TCP_Socket_Server.c
      Source file:   Network\Template\TCP_Socket_Client.c

   * Component: Keil.MDK-Pro::Network:Service:Web Server Compact:6.6.0
      Source file:   Network\Config\Net_Config_HTTP_Server.h
      Source file:   Network\Template\HTTP_Server_CGI.c
      Source file:   Network\Template\HTTP_Server_Access.c
      Source file:   Network\Template\HTTP_Server_Multiuser.c
      Source file:   Network\Template\HTTP_Server_Error.c

   * Component: Keil::CMSIS Driver:Ethernet PHY:KSZ8081RNA:6.1
      Source file:   Network\Driver\PHY_KSZ8081RNA.c
Build Time Elapsed:  00:00:11
</pre>
</body>
</html>
