Component: ARM Compiler 5.06 update 1 (build 61) Tool: armlink [4d35a8]

==============================================================================

Section Cross References

    blinky.o(.text) refers to net_addr4.o(i.ip4_ntoa) for ip4_ntoa
    blinky.o(.text) refers to printf8.o(i.__0sprintf$8) for __2sprintf
    blinky.o(.text) refers to printf8.o(i.__0printf$8) for __2printf
    blinky.o(.text) refers to rt_cmsis.o(i.osDelay) for osDelay
    blinky.o(.text) refers to led_frdm_k64f.o(.text) for LED_SetOut
    blinky.o(.text) refers to rt_cmsis.o(i.osKernelInitialize) for osKernelInitialize
    blinky.o(.text) refers to hardware_init.o(.text) for hardware_init
    blinky.o(.text) refers to buttons_frdm_k64f.o(.text) for Buttons_Initialize
    blinky.o(.text) refers to ledthread.o(.text) for Init_Thread
    blinky.o(.text) refers to net_sys.o(i.net_initialize) for net_initialize
    blinky.o(.text) refers to board.o(.text) for dbg_uart_init
    blinky.o(.text) refers to rt_cmsis.o(i.osThreadCreate) for osThreadCreate
    blinky.o(.text) refers to rt_cmsis.o(i.osKernelStart) for osKernelStart
    blinky.o(.text) refers to net_sys.o(i.net_main) for net_main
    blinky.o(.text) refers to rt_cmsis.o(i.osThreadYield) for osThreadYield
    blinky.o(.text) refers to blinky.o(.bss) for msg_text
    blinky.o(.text) refers to blinky.o(.data) for MSGupdate
    blinky.o(.text) refers to stdout.o(.data) for __stdout
    blinky.o(.text) refers to blinky.o(.constdata) for os_thread_def_BlinkLed
    blinky.o(.constdata) refers to blinky.o(.text) for BlinkLed
    ledthread.o(.text) refers to rt_cmsis.o(i.osThreadCreate) for osThreadCreate
    ledthread.o(.text) refers to fxos8700.o(.text) for Accelerometer_Initialize
    ledthread.o(.text) refers to led_frdm_k64f.o(.text) for LED_SetOut
    ledthread.o(.text) refers to rt_cmsis.o(i.osDelay) for osDelay
    ledthread.o(.text) refers to rt_cmsis.o(i.osThreadYield) for osThreadYield
    ledthread.o(.text) refers to ledthread.o(.constdata) for os_thread_def_Thread
    ledthread.o(.text) refers to ledthread.o(.data) for tid_Thread
    ledthread.o(.text) refers to ledthread.o(.bss) for g_accel
    ledthread.o(.constdata) refers to ledthread.o(.text) for Thread
    http_server_cgi.o(.text) refers to net_http_server.o(i.http_get_env_var) for http_get_env_var
    http_server_cgi.o(.text) refers to led_frdm_k64f.o(.text) for LED_On
    http_server_cgi.o(.text) refers to printf8.o(i.__0sprintf$8) for __2sprintf
    http_server_cgi.o(.text) refers to strlen.o(.text) for strlen
    http_server_cgi.o(.text) refers to ledthread.o(.bss) for g_accel
    http_server_cgi.o(.text) refers to http_server_cgi.o(.conststring) for .conststring
    web.o(.text) refers to web.o(.constdata) for imageFileTable
    sethread.o(.text) refers to rt_cmsis.o(i.osThreadCreate) for osThreadCreate
    sethread.o(.text) refers to rt_cmsis.o(i.osThreadYield) for osThreadYield
    sethread.o(.text) refers to sethread.o(.constdata) for os_thread_def_Thread1
    sethread.o(.text) refers to sethread.o(.data) for tid_Thread1
    sethread.o(.constdata) refers to sethread.o(.text) for Thread1
    buttons_frdm_k64f.o(.text) refers to fsl_gpio_driver.o(.text) for GPIO_DRV_Init
    buttons_frdm_k64f.o(.text) refers to gpio_pins.o(.data) for switchPins
    fxos8700.o(.text) refers to rt_cmsis.o(i.osSemaphoreCreate) for osSemaphoreCreate
    fxos8700.o(.text) refers to rt_cmsis.o(i.osSemaphoreWait) for osSemaphoreWait
    fxos8700.o(.text) refers to rt_cmsis.o(i.osSemaphoreRelease) for osSemaphoreRelease
    fxos8700.o(.text) refers to i2c_mk64f.o(.constdata) for Driver_I2C0
    fxos8700.o(.text) refers to fxos8700.o(.data) for Status
    fxos8700.o(.text) refers to fxos8700.o(.constdata) for os_semaphore_def_Semaphore
    fxos8700.o(.constdata) refers to fxos8700.o(.data) for os_semaphore_cb_Semaphore
    led_frdm_k64f.o(.text) refers to fsl_gpio_driver.o(.text) for GPIO_DRV_Init
    led_frdm_k64f.o(.text) refers to retarget_io.o(.text) for __aeabi_assert
    led_frdm_k64f.o(.text) refers to gpio_pins.o(.constdata) for ledPins
    led_frdm_k64f.o(.text) refers to led_frdm_k64f.o(.conststring) for .conststring
    rtx_conf_cm.o(.ARM.Collect$$$$000000FF) refers to rt_cmsis.o(i.osKernelInitialize) for osKernelInitialize
    rtx_conf_cm.o(.ARM.Collect$$$$000000FF) refers to rt_cmsis.o(i.osThreadCreate) for osThreadCreate
    rtx_conf_cm.o(.ARM.Collect$$$$000000FF) refers to rt_cmsis.o(i.osKernelStart) for osKernelStart
    rtx_conf_cm.o(.ARM.Collect$$$$000000FF) refers to rtx_conf_cm.o(.data) for .data
    rtx_conf_cm.o(.constdata) refers to rt_cmsis.o(i.osTimerThread) for osTimerThread
    rtx_conf_cm.o(.constdata) refers to rtx_conf_cm.o(.bss) for os_messageQ_q_osTimerMessageQ
    rtx_conf_cm.o(.data) refers to blinky.o(.text) for main
    emac_mk64f.o(.text) refers to system_mk64f12.o(.text) for SystemCoreClockUpdate
[...]
    PORTD_IRQHandler                         0x0000aa1d   Thumb Code     0  startup_mk64f12.o(.text)
    PORTE_IRQHandler                         0x0000aa1d   Thumb Code     0  startup_mk64f12.o(.text)
    RNG_IRQHandler                           0x0000aa1d   Thumb Code     0  startup_mk64f12.o(.text)
    RTC_IRQHandler                           0x0000aa1d   Thumb Code     0  startup_mk64f12.o(.text)
    RTC_Seconds_IRQHandler                   0x0000aa1d   Thumb Code     0  startup_mk64f12.o(.text)
    Read_Collision_IRQHandler                0x0000aa1d   Thumb Code     0  startup_mk64f12.o(.text)
    Reserved71_IRQHandler                    0x0000aa1d   Thumb Code     0  startup_mk64f12.o(.text)
    SDHC_IRQHandler                          0x0000aa1d   Thumb Code     0  startup_mk64f12.o(.text)
    SPI0_IRQHandler                          0x0000aa1d   Thumb Code     0  startup_mk64f12.o(.text)
    SPI1_IRQHandler                          0x0000aa1d   Thumb Code     0  startup_mk64f12.o(.text)
    SPI2_IRQHandler                          0x0000aa1d   Thumb Code     0  startup_mk64f12.o(.text)
    SWI_IRQHandler                           0x0000aa1d   Thumb Code     0  startup_mk64f12.o(.text)
    UART0_ERR_IRQHandler                     0x0000aa1d   Thumb Code     0  startup_mk64f12.o(.text)
    UART0_LON_IRQHandler                     0x0000aa1d   Thumb Code     0  startup_mk64f12.o(.text)
    UART0_RX_TX_IRQHandler                   0x0000aa1d   Thumb Code     0  startup_mk64f12.o(.text)
    UART1_ERR_IRQHandler                     0x0000aa1d   Thumb Code     0  startup_mk64f12.o(.text)
    UART1_RX_TX_IRQHandler                   0x0000aa1d   Thumb Code     0  startup_mk64f12.o(.text)
    UART2_ERR_IRQHandler                     0x0000aa1d   Thumb Code     0  startup_mk64f12.o(.text)
    UART2_RX_TX_IRQHandler                   0x0000aa1d   Thumb Code     0  startup_mk64f12.o(.text)
    UART3_ERR_IRQHandler                     0x0000aa1d   Thumb Code     0  startup_mk64f12.o(.text)
    UART3_RX_TX_IRQHandler                   0x0000aa1d   Thumb Code     0  startup_mk64f12.o(.text)
    UART4_ERR_IRQHandler                     0x0000aa1d   Thumb Code     0  startup_mk64f12.o(.text)
    UART4_RX_TX_IRQHandler                   0x0000aa1d   Thumb Code     0  startup_mk64f12.o(.text)
    UART5_ERR_IRQHandler                     0x0000aa1d   Thumb Code     0  startup_mk64f12.o(.text)
    UART5_RX_TX_IRQHandler                   0x0000aa1d   Thumb Code     0  startup_mk64f12.o(.text)
    USB0_IRQHandler                          0x0000aa1d   Thumb Code     0  startup_mk64f12.o(.text)
    USBDCD_IRQHandler                        0x0000aa1d   Thumb Code     0  startup_mk64f12.o(.text)
    WDOG_EWM_IRQHandler                      0x0000aa1d   Thumb Code     0  startup_mk64f12.o(.text)
    SystemInit                               0x0000aa31   Thumb Code    34  system_mk64f12.o(.text)
    SystemCoreClockUpdate                    0x0000aa53   Thumb Code   426  system_mk64f12.o(.text)
    net_sys_init                             0x0000ac1d   Thumb Code    38  net_config.o(.text)
    net_sys_run                              0x0000ac43   Thumb Code    30  net_config.o(.text)
    igmp_is_member                           0x0000ac61   Thumb Code     4  net_config.o(.text)
    igmp_process                             0x0000ac65   Thumb Code     2  net_config.o(.text)
    ppp_send_frame                           0x0000ac67   Thumb Code     4  net_config.o(.text)
    slip_send_frame                          0x0000ac6b   Thumb Code     4  net_config.o(.text)
    sntp_get_time                            0x0000ac6f   Thumb Code     4  net_config.o(.text)
    http_server_fopen                        0x0000ac73   Thumb Code     4  net_config.o(.text)
    http_server_fclose                       0x0000ac77   Thumb Code     2  net_config.o(.text)
    http_server_fread                        0x0000ac79   Thumb Code     4  net_config.o(.text)
    http_server_fgets                        0x0000ac7d   Thumb Code     4  net_config.o(.text)
    http_server_ftime                        0x0000ac81   Thumb Code     4  net_config.o(.text)
    net_sys_error                            0x0000ac85   Thumb Code     2  net_config.o(.text)
    __aeabi_uldivmod                         0x0000ac87   Thumb Code    98  uldiv.o(.text)
    __aeabi_memcpy                           0x0000ace9   Thumb Code    36  memcpya.o(.text)
    __aeabi_memcpy4                          0x0000ace9   Thumb Code     0  memcpya.o(.text)
    __aeabi_memcpy8                          0x0000ace9   Thumb Code     0  memcpya.o(.text)
    __aeabi_memset                           0x0000ad0d   Thumb Code    14  memseta.o(.text)
    __aeabi_memset4                          0x0000ad0d   Thumb Code     0  memseta.o(.text)
    __aeabi_memset8                          0x0000ad0d   Thumb Code     0  memseta.o(.text)
    __aeabi_memclr                           0x0000ad1b   Thumb Code     4  memseta.o(.text)
    __aeabi_memclr4                          0x0000ad1b   Thumb Code     0  memseta.o(.text)
    __aeabi_memclr8                          0x0000ad1b   Thumb Code     0  memseta.o(.text)
    _memset$wrapper                          0x0000ad1f   Thumb Code    18  memseta.o(.text)
    strlen                                   0x0000ad31   Thumb Code    14  strlen.o(.text)
    strcmp                                   0x0000ad3f   Thumb Code    28  strcmp.o(.text)
    memcmp                                   0x0000ad5b   Thumb Code    26  memcmp.o(.text)
    calloc                                   0x0000ad75   Thumb Code    28  calloc.o(.text)
    atoi                                     0x0000ad91   Thumb Code    26  atoi.o(.text)
    __aeabi_llsl                             0x0000adab   Thumb Code    30  llshl.o(.text)
    _ll_shift_l                              0x0000adab   Thumb Code     0  llshl.o(.text)
    __aeabi_llsr                             0x0000adc9   Thumb Code    32  llushr.o(.text)
    _ll_ushift_r                             0x0000adc9   Thumb Code     0  llushr.o(.text)
    _chval                                   0x0000ade9   Thumb Code    28  _chval.o(.text)
    strtol                                   0x0000ae05   Thumb Code   112  strtol.o(.text)
    __scatterload                            0x0000ae75   Thumb Code    28  init.o(.text)
    __scatterload_rt2                        0x0000ae75   Thumb Code     0  init.o(.text)
    __rt_ctype_table                         0x0000ae99   Thumb Code     4  ctype_o.o(.text)
    _strtoul                                 0x0000aea1   Thumb Code   158  _strtoul.o(.text)
    __decompress                             0x0000af3f   Thumb Code     0  __dczerorl2.o(.text)
    __decompress1                            0x0000af3f   Thumb Code    86  __dczerorl2.o(.text)
    SVC_Count                                0x0000af94   Data           4  svc_table.o(SVC_TABLE)
    SVC_Table                                0x0000af98   Data           0  svc_table.o(SVC_TABLE)
    __0printf$8                              0x0000af99   Thumb Code    22  printf8.o(i.__0printf$8)
    __1printf$8                              0x0000af99   Thumb Code     0  printf8.o(i.__0printf$8)
    __2printf                                0x0000af99   Thumb Code     0  printf8.o(i.__0printf$8)
    __0sprintf$8                             0x0000afb9   Thumb Code    34  printf8.o(i.__0sprintf$8)
    __1sprintf$8                             0x0000afb9   Thumb Code     0  printf8.o(i.__0sprintf$8)
    __2sprintf                               0x0000afb9   Thumb Code     0  printf8.o(i.__0sprintf$8)
    __aeabi_errno_addr                       0x0000afe1   Thumb Code     4  errno.o(i.__aeabi_errno_addr)
    __rt_errno_addr                          0x0000afe1   Thumb Code     0  errno.o(i.__aeabi_errno_addr)
    free                                     0x0000afe9   Thumb Code    76  malloc2.o(i.__free$2region)
    malloc                                   0x0000b039   Thumb Code    92  malloc2.o(i.__malloc$2region)
    __scatterload_copy                       0x0000b0a5   Thumb Code    14  handlers.o(i.__scatterload_copy)
    __scatterload_null                       0x0000b0b3   Thumb Code     2  handlers.o(i.__scatterload_null)
    __scatterload_zeroinit                   0x0000b0b5   Thumb Code    14  handlers.o(i.__scatterload_zeroinit)
    _init_box                                0x0000b0c3   Thumb Code    70  rt_membox.o(i._init_box)
    arp_cache_add                            0x0000b5a9   Thumb Code   156  net_arp.o(i.arp_cache_add)
    arp_cache_early                          0x0000b6d5   Thumb Code   128  net_arp.o(i.arp_cache_early)
    arp_cache_find                           0x0000b75d   Thumb Code   148  net_arp.o(i.arp_cache_find)
    arp_cache_update                         0x0000b7fd   Thumb Code   212  net_arp.o(i.arp_cache_update)
    arp_init                                 0x0000b8e1   Thumb Code    38  net_arp.o(i.arp_init)
    arp_notify                               0x0000b94d   Thumb Code    26  net_arp.o(i.arp_notify)
    arp_probe                                0x0000b975   Thumb Code    14  net_arp.o(i.arp_probe)
    arp_process                              0x0000b9fd   Thumb Code   276  net_arp.o(i.arp_process)
    b64_to_asc                               0x0000bc6d   Thumb Code   122  net_common.o(i.b64_to_asc)
    cgi_content_type                         0x0000bce7   Thumb Code     4  net_http_server.o(i.cgi_content_type)
    chksum16                                 0x0000be5d   Thumb Code    50  net_common.o(i.chksum16)
    dbg_init                                 0x0000bed5   Thumb Code    34  hal_cm.o(i.dbg_init)
    dbg_task_notify                          0x0000bf05   Thumb Code    32  hal_cm.o(i.dbg_task_notify)
    dbg_task_switch                          0x0000bf25   Thumb Code    16  hal_cm.o(i.dbg_task_switch)
    dhcp_client_init                         0x0000bf35   Thumb Code    70  net_dhcp_client.o(i.dhcp_client_init)
    dhcp_client_run                          0x0000bf89   Thumb Code   560  net_dhcp_client.o(i.dhcp_client_run)
    eth_chk_addr                             0x0000c6ad   Thumb Code    28  net_eth.o(i.eth_chk_addr)
    eth_init_link                            0x0000c73d   Thumb Code   222  net_eth.o(i.eth_init_link)
    eth_link_notify                          0x0000c835   Thumb Code     2  net_eth.o(i.eth_link_notify)
    eth_run_link                             0x0000c84d   Thumb Code   210  net_eth.o(i.eth_run_link)
    eth_send_frame                           0x0000c931   Thumb Code   152  net_eth.o(i.eth_send_frame)
    eth_thread                               0x0000c9d9   Thumb Code    14  net_eth.o(i.eth_thread)
    fputs                                    0x0000c9e7   Thumb Code    24  fputs.o(i.fputs)
    get_rnd32                                0x0000ca79   Thumb Code    18  net_sys.o(i.get_rnd32)
    http_accept_client                       0x0000caa7   Thumb Code     4  net_http_server.o(i.http_accept_client)
    http_check_account                       0x0000cdbd   Thumb Code     4  net_http_server.o(i.http_check_account)
    http_file_access                         0x0000cf39   Thumb Code     4  net_http_server.o(i.http_file_access)
    http_get_env_var                         0x0000cf3d   Thumb Code   104  net_http_server.o(i.http_get_env_var)
    http_server_init                         0x0000d73d   Thumb Code    82  net_http_server.o(i.http_server_init)
    http_server_run                          0x0000d799   Thumb Code   808  net_http_server.o(i.http_server_run)
    icmp_process                             0x0000db91   Thumb Code   210  net_icmp.o(i.icmp_process)
    icmp_service_init                        0x0000dced   Thumb Code    10  net_icmp.o(i.icmp_service_init)
    icmp_service_run                         0x0000dcfd   Thumb Code    58  net_icmp.o(i.icmp_service_run)
    ip4_checksum                             0x0000dd45   Thumb Code    76  net_ip.o(i.ip4_checksum)
    ip4_ntoa                                 0x0000dd91   Thumb Code    34  net_addr4.o(i.ip4_ntoa)
    ip_chk_frame                             0x0000ddc9   Thumb Code   196  net_ip.o(i.ip_chk_frame)
    ip_get_locadr                            0x0000dea5   Thumb Code    54  net_ip.o(i.ip_get_locadr)
    ip_localhost_init                        0x0000df75   Thumb Code    20  net_ip.o(i.ip_localhost_init)
    ip_localhost_run                         0x0000df91   Thumb Code    86  net_ip.o(i.ip_localhost_run)
    ip_send_frame                            0x0000dff1   Thumb Code   312  net_ip.o(i.ip_send_frame)
    ip_tx_offload                            0x0000e131   Thumb Code    40  net_ip.o(i.ip_tx_offload)
    is_subnet                                0x0000e161   Thumb Code    26  net_addr4.o(i.is_subnet)
    is_subnet_bcast                          0x0000e17d   Thumb Code    34  net_ip.o(i.is_subnet_bcast)
    isrMessageGet                            0x0000e1a5   Thumb Code    42  rt_cmsis.o(i.isrMessageGet)
    isrMessagePut                            0x0000e1cf   Thumb Code    44  rt_cmsis.o(i.isrMessagePut)
    isrSemaphoreRelease                      0x0000e1fb   Thumb Code    40  rt_cmsis.o(i.isrSemaphoreRelease)
    isrSignalSet                             0x0000e223   Thumb Code    36  rt_cmsis.o(i.isrSignalSet)
    isr_evt_set                              0x0000e249   Thumb Code    34  rt_event.o(i.isr_evt_set)
    isr_mbx_receive                          0x0000e271   Thumb Code    82  rt_mailbox.o(i.isr_mbx_receive)
    isr_mbx_send                             0x0000e2c3   Thumb Code    14  rt_mailbox.o(i.isr_mbx_send)
    isr_sem_send                             0x0000e2d1   Thumb Code    16  rt_semaphore.o(i.isr_sem_send)
    mem_alloc                                0x0000e2e1   Thumb Code   130  net_mem.o(i.mem_alloc)
    mem_avail                                0x0000e36d   Thumb Code    22  net_mem.o(i.mem_avail)
    mem_crc32                                0x0000e389   Thumb Code    32  net_common.o(i.mem_crc32)
    mem_free                                 0x0000e3a9   Thumb Code   100  net_mem.o(i.mem_free)
    mem_init                                 0x0000e415   Thumb Code    86  net_mem.o(i.mem_init)
    mem_resize                               0x0000e489   Thumb Code    50  net_mem.o(i.mem_resize)
    nbns_client_init                         0x0000e4cd   Thumb Code    40  net_nbns_client.o(i.nbns_client_init)
    net_initialize                           0x0000e65d   Thumb Code    58  net_sys.o(i.net_initialize)
    net_main                                 0x0000e6a9   Thumb Code    86  net_sys.o(i.net_main)
    osDelay                                  0x0000e721   Thumb Code    18  rt_cmsis.o(i.osDelay)
    osKernelInitialize                       0x0000e739   Thumb Code    30  rt_cmsis.o(i.osKernelInitialize)
    osKernelStart                            0x0000e75d   Thumb Code    98  rt_cmsis.o(i.osKernelStart)
    osMessageGet                             0x0000e7c9   Thumb Code    18  rt_cmsis.o(i.osMessageGet)
    osMutexCreate                            0x0000e7e1   Thumb Code    38  rt_cmsis.o(i.osMutexCreate)
    osMutexRelease                           0x0000e811   Thumb Code    18  rt_cmsis.o(i.osMutexRelease)
    osMutexWait                              0x0000e829   Thumb Code    18  rt_cmsis.o(i.osMutexWait)
    osSemaphoreCreate                        0x0000e841   Thumb Code    38  rt_cmsis.o(i.osSemaphoreCreate)
    osSemaphoreRelease                       0x0000e871   Thumb Code    18  rt_cmsis.o(i.osSemaphoreRelease)
    osSemaphoreWait                          0x0000e889   Thumb Code    20  rt_cmsis.o(i.osSemaphoreWait)
    osSignalSet                              0x0000e8a1   Thumb Code    18  rt_cmsis.o(i.osSignalSet)
    osSignalWait                             0x0000e8b9   Thumb Code    18  rt_cmsis.o(i.osSignalWait)
    osThreadCreate                           0x0000e8d1   Thumb Code    38  rt_cmsis.o(i.osThreadCreate)
    osThreadExit                             0x0000e901   Thumb Code    14  rt_cmsis.o(i.osThreadExit)
    osThreadYield                            0x0000e919   Thumb Code    18  rt_cmsis.o(i.osThreadYield)
    osTimerCall                              0x0000e931   Thumb Code     8  rt_cmsis.o(i.osTimerCall)
    osTimerCreate                            0x0000e93d   Thumb Code    44  rt_cmsis.o(i.osTimerCreate)
    osTimerStart                             0x0000e971   Thumb Code    18  rt_cmsis.o(i.osTimerStart)
    osTimerThread                            0x0000e989   Thumb Code    38  rt_cmsis.o(i.osTimerThread)
    os_tick_init                             0x0000e9b5   Thumb Code    32  rt_system.o(i.os_tick_init)
    os_tick_irqack                           0x0000e9dd   Thumb Code     2  rt_system.o(i.os_tick_irqack)
    rt_alloc_box                             0x0000ec55   Thumb Code    26  rt_membox.o(i.rt_alloc_box)
    rt_alloc_mem                             0x0000ec6f   Thumb Code    62  rt_memory.o(i.rt_alloc_mem)
    rt_block                                 0x0000ecad   Thumb Code    48  rt_task.o(i.rt_block)
    rt_chk_robin                             0x0000ece5   Thumb Code    60  rt_robin.o(i.rt_chk_robin)
    rt_dec_dly                               0x0000ed2d   Thumb Code   102  rt_list.o(i.rt_dec_dly)
    rt_dispatch                              0x0000ed9d   Thumb Code    60  rt_task.o(i.rt_dispatch)
    rt_dly_wait                              0x0000ede1   Thumb Code     6  rt_time.o(i.rt_dly_wait)
    rt_evt_psh                               0x0000ede9   Thumb Code    76  rt_event.o(i.rt_evt_psh)
    rt_evt_set                               0x0000ee39   Thumb Code    88  rt_event.o(i.rt_evt_set)
    rt_evt_wait                              0x0000ee95   Thumb Code    56  rt_event.o(i.rt_evt_wait)
    rt_free_box                              0x0000eed1   Thumb Code    44  rt_membox.o(i.rt_free_box)
    rt_free_mem                              0x0000eefd   Thumb Code    40  rt_memory.o(i.rt_free_mem)
    rt_get_first                             0x0000ef25   Thumb Code    40  rt_list.o(i.rt_get_first)
    rt_get_same_rdy_prio                     0x0000ef4d   Thumb Code    26  rt_list.o(i.rt_get_same_rdy_prio)
    rt_init_mem                              0x0000efc1   Thumb Code    26  rt_memory.o(i.rt_init_mem)
    rt_init_robin                            0x0000efdd   Thumb Code    14  rt_robin.o(i.rt_init_robin)
    rt_init_stack                            0x0000eff5   Thumb Code   118  hal_cm.o(i.rt_init_stack)
    rt_mbx_check                             0x0000f075   Thumb Code     8  rt_mailbox.o(i.rt_mbx_check)
    rt_mbx_init                              0x0000f07d   Thumb Code    26  rt_mailbox.o(i.rt_mbx_init)
    rt_mbx_psh                               0x0000f099   Thumb Code   236  rt_mailbox.o(i.rt_mbx_psh)
    rt_mbx_wait                              0x0000f189   Thumb Code   174  rt_mailbox.o(i.rt_mbx_wait)
    rt_mut_init                              0x0000f281   Thumb Code    16  rt_mutex.o(i.rt_mut_init)
    rt_mut_release                           0x0000f291   Thumb Code   208  rt_mutex.o(i.rt_mut_release)
    rt_mut_wait                              0x0000f369   Thumb Code   100  rt_mutex.o(i.rt_mut_wait)
    rt_pop_req                               0x0000f3d1   Thumb Code   112  rt_system.o(i.rt_pop_req)
    rt_psh_req                               0x0000f44d   Thumb Code    22  rt_system.o(i.rt_psh_req)
    rt_psq_enq                               0x0000f46d   Thumb Code    88  rt_list.o(i.rt_psq_enq)
    rt_put_dly                               0x0000f4c9   Thumb Code    68  rt_list.o(i.rt_put_dly)
    rt_put_prio                              0x0000f511   Thumb Code    54  rt_list.o(i.rt_put_prio)
    rt_put_rdy_first                         0x0000f549   Thumb Code    14  rt_list.o(i.rt_put_rdy_first)
    rt_resort_prio                           0x0000f55d   Thumb Code    46  rt_list.o(i.rt_resort_prio)
    rt_ret_val                               0x0000f5a1   Thumb Code    12  hal_cm.o(i.rt_ret_val)
    rt_ret_val2                              0x0000f5ad   Thumb Code    16  hal_cm.o(i.rt_ret_val2)
    rt_rmv_dly                               0x0000f5bd   Thumb Code    40  rt_list.o(i.rt_rmv_dly)
    rt_rmv_list                              0x0000f5e5   Thumb Code    44  rt_list.o(i.rt_rmv_list)
    rt_sem_init                              0x0000f615   Thumb Code    12  rt_semaphore.o(i.rt_sem_init)
    rt_sem_psh                               0x0000f621   Thumb Code    48  rt_semaphore.o(i.rt_sem_psh)
    rt_sem_send                              0x0000f655   Thumb Code    42  rt_semaphore.o(i.rt_sem_send)
    rt_sem_wait                              0x0000f681   Thumb Code    58  rt_semaphore.o(i.rt_sem_wait)
    rt_stk_check                             0x0000f6c1   Thumb Code    28  rt_system.o(i.rt_stk_check)
    rt_switch_req                            0x0000f6e5   Thumb Code    30  rt_task.o(i.rt_switch_req)
    rt_sys_init                              0x0000f70d   Thumb Code   138  rt_task.o(i.rt_sys_init)
    rt_sys_start                             0x0000f7d9   Thumb Code   110  rt_task.o(i.rt_sys_start)
    rt_systick                               0x0000f851   Thumb Code    50  rt_system.o(i.rt_systick)
    rt_tsk_create                            0x0000f915   Thumb Code   118  rt_task.o(i.rt_tsk_create)
    rt_tsk_delete                            0x0000f99d   Thumb Code   352  rt_task.o(i.rt_tsk_delete)
    rt_tsk_pass                              0x0000fb19   Thumb Code    38  rt_task.o(i.rt_tsk_pass)
    rt_tsk_prio                              0x0000fb49   Thumb Code   108  rt_task.o(i.rt_tsk_prio)
    rt_tsk_self                              0x0000fbc5   Thumb Code    12  rt_task.o(i.rt_tsk_self)
    str_copy                                 0x0000fc1d   Thumb Code    18  net_common.o(i.str_copy)
    str_pos                                  0x0000fc2f   Thumb Code    22  net_common.o(i.str_pos)
    str_scomp                                0x0000fc45   Thumb Code    26  net_common.o(i.str_scomp)
    str_up_case                              0x0000fc5f   Thumb Code    26  net_common.o(i.str_up_case)
    svcDelay                                 0x0000fc79   Thumb Code    18  rt_cmsis.o(i.svcDelay)
    svcKernelInitialize                      0x0000fc8d   Thumb Code    80  rt_cmsis.o(i.svcKernelInitialize)
    svcKernelStart                           0x0000fcfd   Thumb Code    62  rt_cmsis.o(i.svcKernelStart)
    svcMessageCreate                         0x0000fd45   Thumb Code    36  rt_cmsis.o(i.svcMessageCreate)
    svcMessageGet                            0x0000fd69   Thumb Code    58  rt_cmsis.o(i.svcMessageGet)
    svcMutexCreate                           0x0000fda3   Thumb Code    28  rt_cmsis.o(i.svcMutexCreate)
    svcMutexRelease                          0x0000fdbf   Thumb Code    34  rt_cmsis.o(i.svcMutexRelease)
    svcMutexWait                             0x0000fde1   Thumb Code    54  rt_cmsis.o(i.svcMutexWait)
    svcSemaphoreCreate                       0x0000fe17   Thumb Code    36  rt_cmsis.o(i.svcSemaphoreCreate)
    svcSemaphoreRelease                      0x0000fe3b   Thumb Code    40  rt_cmsis.o(i.svcSemaphoreRelease)
    svcSemaphoreWait                         0x0000fe63   Thumb Code    50  rt_cmsis.o(i.svcSemaphoreWait)
    svcSignalSet                             0x0000fe95   Thumb Code    36  rt_cmsis.o(i.svcSignalSet)
    svcSignalWait                            0x0000feb9   Thumb Code    80  rt_cmsis.o(i.svcSignalWait)
    svcThreadCreate                          0x0000ff0d   Thumb Code   100  rt_cmsis.o(i.svcThreadCreate)
    svcThreadGetId                           0x0000ff7d   Thumb Code    22  rt_cmsis.o(i.svcThreadGetId)
    svcThreadTerminate                       0x0000ff99   Thumb Code    50  rt_cmsis.o(i.svcThreadTerminate)
    svcThreadYield                           0x0000ffd1   Thumb Code    10  rt_cmsis.o(i.svcThreadYield)
    svcTimerCall                             0x0000ffdb   Thumb Code    24  rt_cmsis.o(i.svcTimerCall)
    svcTimerCreate                           0x0000fff5   Thumb Code    52  rt_cmsis.o(i.svcTimerCreate)
    svcTimerStart                            0x0001002d   Thumb Code    96  rt_cmsis.o(i.svcTimerStart)
    sysTimerTick                             0x00010091   Thumb Code    84  rt_cmsis.o(i.sysTimerTick)
    tcp_abort                                0x000100ed   Thumb Code    82  net_tcp.o(i.tcp_abort)
    tcp_close                                0x00010145   Thumb Code   154  net_tcp.o(i.tcp_close)
    tcp_get_buf                              0x000101e5   Thumb Code    30  net_tcp.o(i.tcp_get_buf)
    tcp_get_socket                           0x00010205   Thumb Code    76  net_tcp.o(i.tcp_get_socket)
    tcp_get_state                            0x00010255   Thumb Code    34  net_tcp.o(i.tcp_get_state)
    tcp_listen                               0x0001027d   Thumb Code   102  net_tcp.o(i.tcp_listen)
    tcp_max_data_size                        0x00010365   Thumb Code    30  net_tcp.o(i.tcp_max_data_size)
    tcp_process                              0x00010501   Thumb Code  1178  net_tcp.o(i.tcp_process)
    tcp_send                                 0x00010a65   Thumb Code   214  net_tcp.o(i.tcp_send)
    tcp_socket_init                          0x00010c7d   Thumb Code    16  net_tcp.o(i.tcp_socket_init)
    tcp_socket_poll                          0x00010c91   Thumb Code   634  net_tcp.o(i.tcp_socket_poll)
    udp_get_buf                              0x00011025   Thumb Code    30  net_udp.o(i.udp_get_buf)
    udp_get_socket                           0x00011045   Thumb Code    68  net_udp.o(i.udp_get_socket)
    udp_open                                 0x0001108d   Thumb Code    98  net_udp.o(i.udp_open)
    udp_process                              0x00011125   Thumb Code   142  net_udp.o(i.udp_process)
    udp_send                                 0x000111bd   Thumb Code   260  net_udp.o(i.udp_send)
    udp_socket_init                          0x000112c5   Thumb Code    16  net_udp.o(i.udp_socket_init)
    os_thread_def_BlinkLed                   0x000113c8   Data          16  blinky.o(.constdata)
    os_thread_def_Message                    0x000113d8   Data          16  blinky.o(.constdata)
    os_thread_def_Thread                     0x000113e8   Data          16  ledthread.o(.constdata)
    imageLastModified                        0x00011400   Data           4  web.o(.constdata)
    os_semaphore_def_Semaphore               0x0001b40c   Data           4  fxos8700.o(.constdata)
    os_maxtaskrun                            0x0001b410   Data           2  rtx_conf_cm.o(.constdata)
    os_stackinfo                             0x0001b414   Data           4  rtx_conf_cm.o(.constdata)
    os_rrobin                                0x0001b418   Data           4  rtx_conf_cm.o(.constdata)
    os_tickfreq                              0x0001b41c   Data           4  rtx_conf_cm.o(.constdata)
    os_tickus_i                              0x0001b420   Data           2  rtx_conf_cm.o(.constdata)
    os_tickus_f                              0x0001b422   Data           2  rtx_conf_cm.o(.constdata)
    os_trv                                   0x0001b424   Data           4  rtx_conf_cm.o(.constdata)
    os_flags                                 0x0001b428   Data           1  rtx_conf_cm.o(.constdata)
    CMSIS_RTOS_API_Version                   0x0001b42c   Data           4  rtx_conf_cm.o(.constdata)
    CMSIS_RTOS_RTX_Version                   0x0001b430   Data           4  rtx_conf_cm.o(.constdata)
    os_clockrate                             0x0001b434   Data           4  rtx_conf_cm.o(.constdata)
    os_timernum                              0x0001b438   Data           4  rtx_conf_cm.o(.constdata)
    mp_tcb_size                              0x0001b43c   Data           2  rtx_conf_cm.o(.constdata)
    mp_stk_size                              0x0001b440   Data           4  rtx_conf_cm.o(.constdata)
    os_stack_sz                              0x0001b444   Data           4  rtx_conf_cm.o(.constdata)
    os_fifo_size                             0x0001b448   Data           1  rtx_conf_cm.o(.constdata)
    os_thread_def_osTimerThread              0x0001b44c   Data          16  rtx_conf_cm.o(.constdata)
    os_messageQ_def_osTimerMessageQ          0x0001b45c   Data           8  rtx_conf_cm.o(.constdata)
    mp_tmr_size                              0x0001b464   Data           2  rtx_conf_cm.o(.constdata)
    Driver_ETH_MAC0                          0x0001b470   Data          68  emac_mk64f.o(.constdata)
    Driver_I2C0                              0x0001b534   Data          48  i2c_mk64f.o(.constdata)
    Driver_I2C1                              0x0001b564   Data          48  i2c_mk64f.o(.constdata)
    Driver_I2C2                              0x0001b594   Data          48  i2c_mk64f.o(.constdata)
    Driver_ETH_PHY0                          0x0001b5c8   Data          32  phy_ksz8081rna.o(.constdata)
    g_defaultClockConfigVlpr                 0x0001b5e8   Data          22  board.o(.constdata)
    g_defaultClockConfigRun                  0x0001b5fe   Data          22  board.o(.constdata)
    sdhcCdPin                                0x0001b630   Data          24  gpio_pins.o(.constdata)
    ledPins                                  0x0001b648   Data          48  gpio_pins.o(.constdata)
    g_edmaBase                               0x0001b678   Data           4  fsl_edma_common.o(.constdata)
    g_dmamuxBase                             0x0001b67c   Data           4  fsl_edma_common.o(.constdata)
    g_edmaIrqId                              0x0001b680   Data          16  fsl_edma_common.o(.constdata)
    g_edmaErrIrqId                           0x0001b690   Data           1  fsl_edma_common.o(.constdata)
    g_gpioBase                               0x0001b694   Data          20  fsl_gpio_common.o(.constdata)
    g_portBase                               0x0001b6a8   Data          20  fsl_gpio_common.o(.constdata)
    g_portIrqId                              0x0001b6bc   Data           5  fsl_gpio_common.o(.constdata)
    g_rtcBase                                0x0001b6c4   Data           4  fsl_rtc_common.o(.constdata)
    g_rtcIrqId                               0x0001b6c8   Data           1  fsl_rtc_common.o(.constdata)
    g_rtcSecondsIrqId                        0x0001b6c9   Data           1  fsl_rtc_common.o(.constdata)
    kI2CDividerTable                         0x0001b6ca   Data         200  fsl_i2c_hal.o(.constdata)
    g_simBase                                0x0001b7dc   Data           4  fsl_clock_manager_common.o(.constdata)
    g_mcgBase                                0x0001b7e0   Data           4  fsl_clock_manager_common.o(.constdata)
    g_oscBase                                0x0001b7e4   Data           4  fsl_clock_manager_common.o(.constdata)
    nlocalm                                  0x0001b800   Data          60  net_config.o(.constdata)
    sys_config                               0x0001b83c   Data          16  net_config.o(.constdata)
    eth0_config                              0x0001b84c   Data          40  net_config.o(.constdata)
    udp_config                               0x0001b874   Data           8  net_config.o(.constdata)
    tcp_config                               0x0001b87c   Data          24  net_config.o(.constdata)
    http_config                              0x0001b894   Data          24  net_config.o(.constdata)
    eth_bcast                                0x0001b8ac   Data           6  net_eth.o(.constdata)
    os_thread_def_eth_thread                 0x0001b8b8   Data          16  net_eth.o(.constdata)
    ip_bcast                                 0x0001b8c8   Data           4  net_ip.o(.constdata)
    net_addr_null                            0x0001b9d2   Data           8  net_addr4.o(.constdata)
    os_timer_def_net_tick                    0x0001b9dc   Data           8  net_sys.o(.constdata)
    http_error                               0x0001b9e4   Data          24  net_http_server_err.o(.constdata)
    os_mutex_def_mem_lock                    0x0001b9fc   Data           4  net_mem.o(.constdata)
    __ctype_table                            0x0001ba00   Data         129  ctype_o.o(.constdata)
    Region$$Table$$Base                      0x0001c444   Number         0  anon$$obj.o(Region$$Table)
    Region$$Table$$Limit                     0x0001c464   Number         0  anon$$obj.o(Region$$Table)
    __MW_NET_VER                             0x06060001   Number         0  net_version.o ABSOLUTE
    Image$$RW_m_data$$Base                   0x1fff0000   Number         0  anon$$obj.o ABSOLUTE
    LEDrun                                   0x20000000   Data           1  blinky.o(.data)
    MSGupdate                                0x20000001   Data           1  blinky.o(.data)
    dummy_i                                  0x20000002   Data           1  blinky.o(.data)
    tid_Thread                               0x20000004   Data           4  ledthread.o(.data)
    osThreadId_osTimerThread                 0x20000018   Data           4  rtx_conf_cm.o(.data)
    osMessageQId_osTimerMessageQ             0x2000001c   Data           4  rtx_conf_cm.o(.data)
    os_tmr                                   0x20000020   Data           4  rtx_conf_cm.o(.data)
    m_tmr                                    0x20000024   Data           4  rtx_conf_cm.o(.data)
    os_thread_def_main                       0x20000028   Data          16  rtx_conf_cm.o(.data)
    ITM_RxBuffer                             0x20000054   Data           4  retarget_io.o(.data)
    switchPins                               0x20000058   Data          36  gpio_pins.o(.data)
    g_edma                                   0x2000007c   Data           4  fsl_edma_driver.o(.data)
    g_xtal0ClkFreq                           0x20000080   Data           4  fsl_mcg_hal.o(.data)
    g_xtalRtcClkFreq                         0x20000084   Data           4  fsl_mcg_hal.o(.data)
    g_fastInternalRefClkFreq                 0x20000088   Data           4  fsl_mcg_hal.o(.data)
    g_slowInternalRefClkFreq                 0x2000008c   Data           4  fsl_mcg_hal.o(.data)
    g_enet1588ClkInFreq                      0x20000098   Data           4  fsl_clock_mk64f12.o(.data)
    g_sdhcClkInFreq                          0x2000009c   Data           4  fsl_clock_mk64f12.o(.data)
    g_usbClkInFreq                           0x200000a0   Data           4  fsl_clock_mk64f12.o(.data)
    g_ftmClkFreq                             0x200000a4   Data           8  fsl_clock_mk64f12.o(.data)
    g_interruptDisableCount                  0x200000ac   Data           4  fsl_interrupt_manager.o(.data)
    SystemCoreClock                          0x200000b0   Data           4  system_mk64f12.o(.data)
    lhost_name                               0x200000b4   Data          16  net_config.o(.data)
    os_initialized                           0x200000cc   Data           1  rt_cmsis.o(.data)
    os_running                               0x200000cd   Data           1  rt_cmsis.o(.data)
    os_timer_head                            0x200000d0   Data           4  rt_cmsis.o(.data)
    os_tsk                                   0x2000011c   Data           8  rt_task.o(.data)
    os_tick_irqn                             0x20000128   Data           4  rt_system.o(.data)
    os_time                                  0x2000012c   Data           4  rt_time.o(.data)
    dbg_msg                                  0x20000130   Data           1  hal_cm.o(.data)
    os_robin                                 0x2000013c   Data           8  rt_robin.o(.data)
    __stdout                                 0x20000144   Data           4  stdout.o(.data)
    __stderr                                 0x20000148   Data           4  stderr.o(.data)
    __microlib_freelist                      0x2000014c   Data           4  mvars.o(.data)
    __microlib_freelist_initialised          0x20000150   Data           4  mvars.o(.data)
    msg_text                                 0x20000158   Data          64  blinky.o(.bss)
    g_accel                                  0x20000198   Data          12  ledthread.o(.bss)
    g_magneto                                0x200001a4   Data          12  ledthread.o(.bss)
    mp_tcb                                   0x200001b0   Data         376  rtx_conf_cm.o(.bss)
    mp_stk                                   0x20000328   Data        6160  rtx_conf_cm.o(.bss)
    os_stack_mem                             0x20001b38   Data        1256  rtx_conf_cm.o(.bss)
    os_fifo                                  0x20002020   Data         132  rtx_conf_cm.o(.bss)
    os_active_TCB                            0x200020a4   Data          28  rtx_conf_cm.o(.bss)
    os_messageQ_q_osTimerMessageQ            0x200020c0   Data          32  rtx_conf_cm.o(.bss)
    eth_control                              0x2000796c   Data         136  net_eth.o(.bss)
    localm                                   0x20007a58   Data          60  net_sys.o(.bss)
    sys_control                              0x20007a94   Data          24  net_sys.o(.bss)
    os_timer_cb_net_tick                     0x20007aac   Data          24  net_sys.o(.bss)
    os_idle_TCB                              0x20007ac4   Data          52  rt_task.o(.bss)
    os_rdy                                   0x20007af8   Data          24  rt_list.o(.bss)
    os_dly                                   0x20007b10   Data          24  rt_list.o(.bss)
    Image$$ARM_LIB_HEAP$$ZI$$Base            0x20007b4c   Number         0  anon$$obj.o ABSOLUTE
    Image$$ARM_LIB_HEAP$$ZI$$Limit           0x20007f4c   Number         0  anon$$obj.o ABSOLUTE
    Image$$ARM_LIB_STACK$$ZI$$Limit          0x20030000   Number         0  anon$$obj.o ABSOLUTE



==============================================================================

Memory Map of the image

  Image Entry point : 0x00000411

  Load Region LR_m_text (Base: 0x00000410, Size: 0x0001c1ac, Max: 0x000ffbf0, ABSOLUTE, COMPRESSED[0x0001c0ac])

    Execution Region ER_m_text (Base: 0x00000410, Size: 0x0001c054, Max: 0x000ffbf0, ABSOLUTE)

    Base Addr    Size         Type   Attr      Idx    E Section Name        Object

    0x00000410   0x00000000   Code   RO         3282  * .ARM.Collect$$$$00000000  mc_w.l(entry.o)
    0x00000410   0x00000004   Code   RO         3604    .ARM.Collect$$$$00000003  mc_w.l(entry4.o)
    0x00000414   0x00000004   Code   RO         3607    .ARM.Collect$$$$00000004  mc_w.l(entry5.o)
    0x00000418   0x00000000   Code   RO         3609    .ARM.Collect$$$$00000008  mc_w.l(entry7b.o)
    0x00000418   0x00000000   Code   RO         3611    .ARM.Collect$$$$0000000A  mc_w.l(entry8b.o)
    0x00000418   0x00000000   Code   RO         3612    .ARM.Collect$$$$0000000D  mc_w.l(entry10a.o)
    0x00000418   0x00000000   Code   RO         3614    .ARM.Collect$$$$0000000F  mc_w.l(entry11a.o)
    0x00000418   0x00000018   Code   RO          278    .ARM.Collect$$$$000000FF  rtx_conf_cm.o
    0x00000430   0x00000004   Code   RO         3605    .ARM.Collect$$$$00002714  mc_w.l(entry4.o)
    0x00000434   0x00000198   Code   RO         3269    .emb_text           RTX_CM4.lib(hal_cm4.o)
    0x000005cc   0x000003cc   Code   RO            7    .text               blinky.o
    0x00000998   0x00000068   Code   RO          129    .text               ledthread.o
    0x00000a00   0x000000dc   Code   RO          155    .text               http_server_cgi.o
    0x00000adc   0x00000088   Code   RO          172    .text               web.o
    0x00000b64   0x00000044   Code   RO          206    .text               buttons_frdm_k64f.o
    0x00000ba8   0x00000384   Code   RO          230    .text               fxos8700.o
    0x00000f2c   0x000000a8   Code   RO          256    .text               led_frdm_k64f.o
    0x00000fd4   0x00000024   Code   RO          279    .text               rtx_conf_cm.o
    0x00000ff8   0x00000ac4   Code   RO          310    .text               emac_mk64f.o
    0x00001abc   0x0000116c   Code   RO          380    .text               i2c_mk64f.o
    0x00002c28   0x00000224   Code   RO          465    .text               phy_ksz8081rna.o
    0x00002e4c   0x00000128   Code   RO          486    .text               retarget_io.o
    0x00002f74   0x000000ac   Code   RO          518    .text               board.o
    0x00003020   0x000005f8   Code   RO          602    .text               pin_mux.o
    0x00003618   0x00000048   Code   RO          630    .text               startup.o
    0x00003660   0x000008e8   Code   RO          679    .text               fsl_edma_driver.o
    0x00003f48   0x000000a0   Code   RO          734    .text               fsl_edma_irq.o
    0x00003fe8   0x000004e0   Code   RO          786    .text               fsl_gpio_driver.o
    0x000044c8   0x00000022   Code   RO          898    .text               fsl_dmamux_hal.o
    0x000044ea   0x00000002   PAD
    0x000044ec   0x000009d8   Code   RO          922    .text               fsl_edma_hal.o
    0x00004ec4   0x00001274   Code   RO          950    .text               fsl_enet_hal.o
    0x00006138   0x00000070   Code   RO          978    .text               fsl_gpio_hal.o
    0x000061a8   0x00000526   Code   RO         1003    .text               fsl_i2c_hal.o
    0x000066ce   0x000000e2   Code   RO         1037    .text               fsl_lptmr_hal.o
    0x000067b0   0x000005b0   Code   RO         1064    .text               fsl_mcg_hal.o
    0x00006d60   0x000005d8   Code   RO         1095    .text               fsl_mcg_hal_modes.o
    0x00007338   0x0000000c   Code   RO         1123    .text               fsl_osc_hal.o
    0x00007344   0x00000928   Code   RO         1201    .text               fsl_sim_hal_mk64f12.o
    0x00007c6c   0x000007ca   Code   RO         1226    .text               fsl_uart_hal.o
    0x00008436   0x00000002   PAD
    0x00008438   0x00000730   Code   RO         1254    .text               fsl_os_abstraction_bm.o
    0x00008b68   0x000009f8   Code   RO         1299    .text               fsl_clock_mk64f12.o
    0x00009560   0x000005cc   Code   RO         1344    .text               fsl_clock_manager.o
    0x00009b2c   0x000000f0   Code   RO         1417    .text               fsl_interrupt_manager.o
    0x00009c1c   0x000001ec   Code   RO         1446    .text               fsl_debug_console.o
    0x00009e08   0x00000b8c   Code   RO         1487    .text               print_scan.o
    0x0000a994   0x00000064   Code   RO         1505    .text               hardware_init.o
    0x0000a9f8   0x00000038   Code   RO         1528    .text               startup_mk64f12.o
    0x0000aa30   0x000001ec   Code   RO         1535    .text               system_mk64f12.o
    0x0000ac1c   0x0000006a   Code   RO         1562    .text               net_config.o
    0x0000ac86   0x00000062   Code   RO         3293    .text               mc_w.l(uldiv.o)
    0x0000ace8   0x00000024   Code   RO         3295    .text               mc_w.l(memcpya.o)
    0x0000ad0c   0x00000024   Code   RO         3297    .text               mc_w.l(memseta.o)
    0x0000ad30   0x0000000e   Code   RO         3299    .text               mc_w.l(strlen.o)
    0x0000ad3e   0x0000001c   Code   RO         3301    .text               mc_w.l(strcmp.o)
    0x0000ad5a   0x0000001a   Code   RO         3303    .text               mc_w.l(memcmp.o)
    0x0000ad74   0x0000001c   Code   RO         3596    .text               mc_w.l(calloc.o)
    0x0000ad90   0x0000001a   Code   RO         3602    .text               mc_w.l(atoi.o)
    0x0000adaa   0x0000001e   Code   RO         3618    .text               mc_w.l(llshl.o)
    0x0000adc8   0x00000020   Code   RO         3620    .text               mc_w.l(llushr.o)
    0x0000ade8   0x0000001c   Code   RO         3631    .text               mc_w.l(_chval.o)
    0x0000ae04   0x00000070   Code   RO         3637    .text               mc_w.l(strtol.o)
    0x0000ae74   0x00000024   Code   RO         3650    .text               mc_w.l(init.o)
    0x0000ae98   0x00000008   Code   RO         3656    .text               mc_w.l(ctype_o.o)
    0x0000aea0   0x0000009e   Code   RO         3686    .text               mc_w.l(_strtoul.o)
    0x0000af3e   0x00000056   Code   RO         3700    .text               mc_w.l(__dczerorl2.o)
    0x0000af94   0x00000004   Code   RO         3279    SVC_TABLE           RTX_CM4.lib(svc_table.o)
    0x0000af98   0x00000020   Code   RO         3514    i.__0printf$8       mc_w.l(printf8.o)
    0x0000afb8   0x00000028   Code   RO         3516    i.__0sprintf$8      mc_w.l(printf8.o)
    0x0000afe0   0x00000008   Code   RO         3624    i.__aeabi_errno_addr  mc_w.l(errno.o)
    0x0000afe8   0x00000050   Code   RO         3568    i.__free$2region    mc_w.l(malloc2.o)
    0x0000b038   0x0000006c   Code   RO         3569    i.__malloc$2region  mc_w.l(malloc2.o)
    0x0000b0a4   0x0000000e   Code   RO         3694    i.__scatterload_copy  mc_w.l(handlers.o)
    0x0000b0b2   0x00000002   Code   RO         3695    i.__scatterload_null  mc_w.l(handlers.o)
    0x0000b0b4   0x0000000e   Code   RO         3696    i.__scatterload_zeroinit  mc_w.l(handlers.o)
    0x0000b0c2   0x00000046   Code   RO         3029    i._init_box         RTX_CM4.lib(rt_membox.o)
    0x0000b108   0x00000410   Code   RO         3521    i._printf_core      mc_w.l(printf8.o)
    0x0000b518   0x00000024   Code   RO         3522    i._printf_post_padding  mc_w.l(printf8.o)
    0x0000b53c   0x0000002e   Code   RO         3523    i._printf_pre_padding  mc_w.l(printf8.o)
    0x0000b56a   0x0000000a   Code   RO         3525    i._sputc            mc_w.l(printf8.o)
    0x0000b574   0x00000034   Code   RO         2454    i.add_server_id     Net_CM3_L.lib(net_http_server.o)
    0x0000b5a8   0x000000a4   Code   RO         3135    i.arp_cache_add     Net_CM3_L.lib(net_arp.o)
    0x0000b64c   0x00000088   Code   RO         3136    i.arp_cache_alloc   Net_CM3_L.lib(net_arp.o)
    0x0000b6d4   0x00000088   Code   RO         3137    i.arp_cache_early   Net_CM3_L.lib(net_arp.o)
    0x0000b75c   0x000000a0   Code   RO         3138    i.arp_cache_find    Net_CM3_L.lib(net_arp.o)
    0x0000b7fc   0x000000e4   Code   RO         3141    i.arp_cache_update  Net_CM3_L.lib(net_arp.o)
    0x0000b8e0   0x00000030   Code   RO         3145    i.arp_init          Net_CM3_L.lib(net_arp.o)
    0x0000b910   0x0000003c   Code   RO         3146    i.arp_is_cacheable  Net_CM3_L.lib(net_arp.o)
    0x0000b94c   0x00000028   Code   RO         3147    i.arp_notify        Net_CM3_L.lib(net_arp.o)
    0x0000b974   0x00000014   Code   RO         3148    i.arp_probe         Net_CM3_L.lib(net_arp.o)
    0x0000b988   0x00000074   Code   RO         3149    i.arp_proc_response  Net_CM3_L.lib(net_arp.o)
    0x0000b9fc   0x00000120   Code   RO         3150    i.arp_process       Net_CM3_L.lib(net_arp.o)
    0x0000bb1c   0x00000090   Code   RO         3151    i.arp_send_reply    Net_CM3_L.lib(net_arp.o)
    0x0000bbac   0x000000c0   Code   RO         3152    i.arp_send_request  Net_CM3_L.lib(net_arp.o)
    0x0000bc6c   0x0000007a   Code   RO         3210    i.b64_to_asc        Net_CM3_L.lib(net_common.o)
    0x0000bce6   0x00000004   Code   RO         2455    i.cgi_content_type  Net_CM3_L.lib(net_http_server.o)
    0x0000bcea   0x00000002   PAD
    0x0000bcec   0x00000170   Code   RO         2460    i.chk_post_req      Net_CM3_L.lib(net_http_server.o)
    0x0000be5c   0x00000032   Code   RO         3212    i.chksum16          Net_CM3_L.lib(net_common.o)
    0x0000be8e   0x0000001e   Code   RO         2461    i.cmp_fname_ext     Net_CM3_L.lib(net_http_server.o)
    0x0000beac   0x00000028   Code   RO         2462    i.cmp_header        Net_CM3_L.lib(net_http_server.o)
    0x0000bed4   0x00000030   Code   RO         3082    i.dbg_init          RTX_CM4.lib(hal_cm.o)
    0x0000bf04   0x00000020   Code   RO         3083    i.dbg_task_notify   RTX_CM4.lib(hal_cm.o)
    0x0000bf24   0x00000010   Code   RO         3084    i.dbg_task_switch   RTX_CM4.lib(hal_cm.o)
    0x0000bf34   0x00000054   Code   RO         2429    i.dhcp_client_init  Net_CM3_L.lib(net_dhcp_client.o)
    0x0000bf88   0x00000240   Code   RO         2431    i.dhcp_client_run   Net_CM3_L.lib(net_dhcp_client.o)
    0x0000c1c8   0x0000021c   Code   RO         2433    i.dhcp_listener     Net_CM3_L.lib(net_dhcp_client.o)
    0x0000c3e4   0x00000208   Code   RO         2434    i.dhcp_send_message  Net_CM3_L.lib(net_dhcp_client.o)
    0x0000c5ec   0x000000c0   Code   RO         2233    i.eth_check_link    Net_CM3_L.lib(net_eth.o)
    0x0000c6ac   0x00000020   Code   RO         2234    i.eth_chk_addr      Net_CM3_L.lib(net_eth.o)
    0x0000c6cc   0x00000070   Code   RO         2235    i.eth_fetch_frame   Net_CM3_L.lib(net_eth.o)
    0x0000c73c   0x000000f8   Code   RO         2237    i.eth_init_link     Net_CM3_L.lib(net_eth.o)
    0x0000c834   0x00000002   Code   RO         2238    i.eth_link_notify   Net_CM3_L.lib(net_eth.o)
    0x0000c836   0x00000002   PAD
    0x0000c838   0x00000014   Code   RO         2239    i.eth_notify        Net_CM3_L.lib(net_eth.o)
    0x0000c84c   0x000000e4   Code   RO         2240    i.eth_run_link      Net_CM3_L.lib(net_eth.o)
    0x0000c930   0x000000a8   Code   RO         2241    i.eth_send_frame    Net_CM3_L.lib(net_eth.o)
    0x0000c9d8   0x0000000e   Code   RO         2243    i.eth_thread        Net_CM3_L.lib(net_eth.o)
    0x0000c9e6   0x00000018   Code   RO         3285    i.fputs             mc_w.l(fputs.o)
    0x0000c9fe   0x00000002   PAD
    0x0000ca00   0x0000001c   Code   RO         3214    i.get_crc32         Net_CM3_L.lib(net_common.o)
    0x0000ca1c   0x00000028   Code   RO         2463    i.get_next_field    Net_CM3_L.lib(net_http_server.o)
    0x0000ca44   0x00000032   Code   RO         2464    i.get_next_par      Net_CM3_L.lib(net_http_server.o)
    0x0000ca76   0x00000002   PAD
    0x0000ca78   0x0000001c   Code   RO         2561    i.get_rnd32         Net_CM3_L.lib(net_sys.o)
    0x0000ca94   0x00000012   Code   RO         2465    i.hex2byte          Net_CM3_L.lib(net_http_server.o)
    0x0000caa6   0x00000004   Code   RO         2466    i.http_accept_client  Net_CM3_L.lib(net_http_server.o)
    0x0000caaa   0x00000002   PAD
    0x0000caac   0x00000310   Code   RO         2467    i.http_add_header   Net_CM3_L.lib(net_http_server.o)
    0x0000cdbc   0x00000004   Code   RO         2468    i.http_check_account  Net_CM3_L.lib(net_http_server.o)
    0x0000cdc0   0x00000178   Code   RO         2470    i.http_error_msg    Net_CM3_L.lib(net_http_server.o)
    0x0000cf38   0x00000004   Code   RO         2471    i.http_file_access  Net_CM3_L.lib(net_http_server.o)
    0x0000cf3c   0x0000006c   Code   RO         2472    i.http_get_env_var  Net_CM3_L.lib(net_http_server.o)
    0x0000cfa8   0x00000078   Code   RO         2473    i.http_get_ftype    Net_CM3_L.lib(net_http_server.o)
    0x0000d020   0x0000005e   Code   RO         2475    i.http_kill_session  Net_CM3_L.lib(net_http_server.o)
    0x0000d07e   0x00000002   PAD
    0x0000d080   0x00000214   Code   RO         2476    i.http_listener     Net_CM3_L.lib(net_http_server.o)
    0x0000d294   0x000000f0   Code   RO         2477    i.http_open_file    Net_CM3_L.lib(net_http_server.o)
    0x0000d384   0x0000014c   Code   RO         2478    i.http_proc_header  Net_CM3_L.lib(net_http_server.o)
    0x0000d4d0   0x00000178   Code   RO         2479    i.http_proc_multipart  Net_CM3_L.lib(net_http_server.o)
    0x0000d648   0x000000f4   Code   RO         2480    i.http_proc_post    Net_CM3_L.lib(net_http_server.o)
    0x0000d73c   0x0000005c   Code   RO         2485    i.http_server_init  Net_CM3_L.lib(net_http_server.o)
    0x0000d798   0x00000334   Code   RO         2486    i.http_server_run   Net_CM3_L.lib(net_http_server.o)
    0x0000dacc   0x00000020   Code   RO         2487    i.http_strcpy       Net_CM3_L.lib(net_http_server.o)
    0x0000daec   0x000000a4   Code   RO         2488    i.http_to_utc       Net_CM3_L.lib(net_http_server.o)
    0x0000db90   0x000000dc   Code   RO         2294    i.icmp_process      Net_CM3_L.lib(net_icmp.o)
    0x0000dc6c   0x00000080   Code   RO         2295    i.icmp_send_message  Net_CM3_L.lib(net_icmp.o)
    0x0000dcec   0x00000010   Code   RO         2296    i.icmp_service_init  Net_CM3_L.lib(net_icmp.o)
    0x0000dcfc   0x00000048   Code   RO         2297    i.icmp_service_run  Net_CM3_L.lib(net_icmp.o)
    0x0000dd44   0x0000004c   Code   RO         2264    i.ip4_checksum      Net_CM3_L.lib(net_ip.o)
    0x0000dd90   0x00000038   Code   RO         2543    i.ip4_ntoa          Net_CM3_L.lib(net_addr4.o)
    0x0000ddc8   0x000000d0   Code   RO         2265    i.ip_chk_frame      Net_CM3_L.lib(net_ip.o)
    0x0000de98   0x0000000a   Code   RO         2266    i.ip_get_chksum     Net_CM3_L.lib(net_ip.o)
    0x0000dea2   0x00000002   PAD
    0x0000dea4   0x00000044   Code   RO         2267    i.ip_get_locadr     Net_CM3_L.lib(net_ip.o)
    0x0000dee8   0x0000008c   Code   RO         2268    i.ip_get_route      Net_CM3_L.lib(net_ip.o)
    0x0000df74   0x0000001c   Code   RO         2269    i.ip_localhost_init  Net_CM3_L.lib(net_ip.o)
    0x0000df90   0x00000060   Code   RO         2270    i.ip_localhost_run  Net_CM3_L.lib(net_ip.o)
    0x0000dff0   0x00000140   Code   RO         2271    i.ip_send_frame     Net_CM3_L.lib(net_ip.o)
    0x0000e130   0x00000030   Code   RO         2272    i.ip_tx_offload     Net_CM3_L.lib(net_ip.o)
    0x0000e160   0x0000001a   Code   RO         2544    i.is_subnet         Net_CM3_L.lib(net_addr4.o)
    0x0000e17a   0x00000002   PAD
    0x0000e17c   0x00000028   Code   RO         2273    i.is_subnet_bcast   Net_CM3_L.lib(net_ip.o)
    0x0000e1a4   0x0000002a   Code   RO         1608    i.isrMessageGet     RTX_CM4.lib(rt_cmsis.o)
    0x0000e1ce   0x0000002c   Code   RO         1609    i.isrMessagePut     RTX_CM4.lib(rt_cmsis.o)
    0x0000e1fa   0x00000028   Code   RO         1610    i.isrSemaphoreRelease  RTX_CM4.lib(rt_cmsis.o)
    0x0000e222   0x00000024   Code   RO         1611    i.isrSignalSet      RTX_CM4.lib(rt_cmsis.o)
    0x0000e246   0x00000002   PAD
    0x0000e248   0x00000028   Code   RO         2753    i.isr_evt_set       RTX_CM4.lib(rt_event.o)
    0x0000e270   0x00000052   Code   RO         2875    i.isr_mbx_receive   RTX_CM4.lib(rt_mailbox.o)
    0x0000e2c2   0x0000000e   Code   RO         2876    i.isr_mbx_send      RTX_CM4.lib(rt_mailbox.o)
    0x0000e2d0   0x00000010   Code   RO         2923    i.isr_sem_send      RTX_CM4.lib(rt_semaphore.o)
    0x0000e2e0   0x0000008c   Code   RO         3186    i.mem_alloc         Net_CM3_L.lib(net_mem.o)
    0x0000e36c   0x0000001c   Code   RO         3187    i.mem_avail         Net_CM3_L.lib(net_mem.o)
    0x0000e388   0x00000020   Code   RO         3215    i.mem_crc32         Net_CM3_L.lib(net_common.o)
    0x0000e3a8   0x0000006c   Code   RO         3188    i.mem_free          Net_CM3_L.lib(net_mem.o)
    0x0000e414   0x00000064   Code   RO         3189    i.mem_init          Net_CM3_L.lib(net_mem.o)
    0x0000e478   0x00000010   Code   RO         3190    i.mem_lock          Net_CM3_L.lib(net_mem.o)
    0x0000e488   0x00000038   Code   RO         3191    i.mem_resize        Net_CM3_L.lib(net_mem.o)
    0x0000e4c0   0x0000000c   Code   RO         3192    i.mem_unlock        Net_CM3_L.lib(net_mem.o)
    0x0000e4cc   0x00000030   Code   RO         2417    i.nbns_client_init  Net_CM3_L.lib(net_nbns_client.o)
    0x0000e4fc   0x00000160   Code   RO         2418    i.nbns_listener     Net_CM3_L.lib(net_nbns_client.o)
    0x0000e65c   0x0000004c   Code   RO         2562    i.net_initialize    Net_CM3_L.lib(net_sys.o)
    0x0000e6a8   0x00000064   Code   RO         2563    i.net_main          Net_CM3_L.lib(net_sys.o)
    0x0000e70c   0x00000014   Code   RO         2564    i.net_timer_tick    Net_CM3_L.lib(net_sys.o)
    0x0000e720   0x00000018   Code   RO         1612    i.osDelay           RTX_CM4.lib(rt_cmsis.o)
    0x0000e738   0x00000024   Code   RO         1613    i.osKernelInitialize  RTX_CM4.lib(rt_cmsis.o)
    0x0000e75c   0x0000006c   Code   RO         1615    i.osKernelStart     RTX_CM4.lib(rt_cmsis.o)
    0x0000e7c8   0x00000018   Code   RO         1624    i.osMessageGet      RTX_CM4.lib(rt_cmsis.o)
    0x0000e7e0   0x00000030   Code   RO         1626    i.osMutexCreate     RTX_CM4.lib(rt_cmsis.o)
    0x0000e810   0x00000018   Code   RO         1628    i.osMutexRelease    RTX_CM4.lib(rt_cmsis.o)
    0x0000e828   0x00000018   Code   RO         1629    i.osMutexWait       RTX_CM4.lib(rt_cmsis.o)
    0x0000e840   0x00000030   Code   RO         1634    i.osSemaphoreCreate  RTX_CM4.lib(rt_cmsis.o)
    0x0000e870   0x00000018   Code   RO         1636    i.osSemaphoreRelease  RTX_CM4.lib(rt_cmsis.o)
    0x0000e888   0x00000018   Code   RO         1637    i.osSemaphoreWait   RTX_CM4.lib(rt_cmsis.o)
    0x0000e8a0   0x00000018   Code   RO         1639    i.osSignalSet       RTX_CM4.lib(rt_cmsis.o)
    0x0000e8b8   0x00000018   Code   RO         1640    i.osSignalWait      RTX_CM4.lib(rt_cmsis.o)
    0x0000e8d0   0x00000030   Code   RO         1641    i.osThreadCreate    RTX_CM4.lib(rt_cmsis.o)
    0x0000e900   0x00000018   Code   RO         1642    i.osThreadExit      RTX_CM4.lib(rt_cmsis.o)
    0x0000e918   0x00000018   Code   RO         1647    i.osThreadYield     RTX_CM4.lib(rt_cmsis.o)
    0x0000e930   0x0000000c   Code   RO         1648    i.osTimerCall       RTX_CM4.lib(rt_cmsis.o)
    0x0000e93c   0x00000034   Code   RO         1649    i.osTimerCreate     RTX_CM4.lib(rt_cmsis.o)
    0x0000e970   0x00000018   Code   RO         1651    i.osTimerStart      RTX_CM4.lib(rt_cmsis.o)
    0x0000e988   0x0000002c   Code   RO         1653    i.osTimerThread     RTX_CM4.lib(rt_cmsis.o)
    0x0000e9b4   0x00000028   Code   RO         2663    i.os_tick_init      RTX_CM4.lib(rt_system.o)
    0x0000e9dc   0x00000002   Code   RO         2664    i.os_tick_irqack    RTX_CM4.lib(rt_system.o)
    0x0000e9de   0x00000002   PAD
    0x0000e9e0   0x00000090   Code   RO         2435    i.proc_opt_renew    Net_CM3_L.lib(net_dhcp_client.o)
    0x0000ea70   0x000000ec   Code   RO         2436    i.proc_opt_req      Net_CM3_L.lib(net_dhcp_client.o)
    0x0000eb5c   0x00000030   Code   RO         2437    i.proc_opt_sel      Net_CM3_L.lib(net_dhcp_client.o)
    0x0000eb8c   0x00000028   Code   RO         2490    i.proc_req_line     Net_CM3_L.lib(net_http_server.o)
    0x0000ebb4   0x000000a0   Code   RO         2491    i.read_script_line  Net_CM3_L.lib(net_http_server.o)
    0x0000ec54   0x0000001a   Code   RO         3030    i.rt_alloc_box      RTX_CM4.lib(rt_membox.o)
    0x0000ec6e   0x0000003e   Code   RO         3058    i.rt_alloc_mem      RTX_CM4.lib(rt_memory.o)
    0x0000ecac   0x00000038   Code   RO         2578    i.rt_block          RTX_CM4.lib(rt_task.o)
    0x0000ece4   0x00000048   Code   RO         3248    i.rt_chk_robin      RTX_CM4.lib(rt_robin.o)
    0x0000ed2c   0x00000070   Code   RO         2799    i.rt_dec_dly        RTX_CM4.lib(rt_list.o)
    0x0000ed9c   0x00000044   Code   RO         2579    i.rt_dispatch       RTX_CM4.lib(rt_task.o)
    0x0000ede0   0x00000006   Code   RO         2965    i.rt_dly_wait       RTX_CM4.lib(rt_time.o)
    0x0000ede6   0x00000002   PAD
    0x0000ede8   0x00000050   Code   RO         2756    i.rt_evt_psh        RTX_CM4.lib(rt_event.o)
    0x0000ee38   0x0000005c   Code   RO         2757    i.rt_evt_set        RTX_CM4.lib(rt_event.o)
    0x0000ee94   0x0000003c   Code   RO         2758    i.rt_evt_wait       RTX_CM4.lib(rt_event.o)
    0x0000eed0   0x0000002c   Code   RO         3031    i.rt_free_box       RTX_CM4.lib(rt_membox.o)
    0x0000eefc   0x00000028   Code   RO         3059    i.rt_free_mem       RTX_CM4.lib(rt_memory.o)
    0x0000ef24   0x00000028   Code   RO         2800    i.rt_get_first      RTX_CM4.lib(rt_list.o)
    0x0000ef4c   0x00000024   Code   RO         2801    i.rt_get_same_rdy_prio  RTX_CM4.lib(rt_list.o)
    0x0000ef70   0x00000008   Code   RO         1658    i.rt_id2obj         RTX_CM4.lib(rt_cmsis.o)
    0x0000ef78   0x00000048   Code   RO         2580    i.rt_init_context   RTX_CM4.lib(rt_task.o)
    0x0000efc0   0x0000001a   Code   RO         3060    i.rt_init_mem       RTX_CM4.lib(rt_memory.o)
    0x0000efda   0x00000002   PAD
    0x0000efdc   0x00000018   Code   RO         3249    i.rt_init_robin     RTX_CM4.lib(rt_robin.o)
    0x0000eff4   0x00000080   Code   RO         3085    i.rt_init_stack     RTX_CM4.lib(hal_cm.o)
    0x0000f074   0x00000008   Code   RO         2877    i.rt_mbx_check      RTX_CM4.lib(rt_mailbox.o)
    0x0000f07c   0x0000001a   Code   RO         2878    i.rt_mbx_init       RTX_CM4.lib(rt_mailbox.o)
    0x0000f096   0x00000002   PAD
    0x0000f098   0x000000f0   Code   RO         2879    i.rt_mbx_psh        RTX_CM4.lib(rt_mailbox.o)
    0x0000f188   0x000000b4   Code   RO         2881    i.rt_mbx_wait       RTX_CM4.lib(rt_mailbox.o)
    0x0000f23c   0x00000044   Code   RO         1659    i.rt_ms2tick        RTX_CM4.lib(rt_cmsis.o)
    0x0000f280   0x00000010   Code   RO         2999    i.rt_mut_init       RTX_CM4.lib(rt_mutex.o)
    0x0000f290   0x000000d8   Code   RO         3000    i.rt_mut_release    RTX_CM4.lib(rt_mutex.o)
    0x0000f368   0x00000068   Code   RO         3001    i.rt_mut_wait       RTX_CM4.lib(rt_mutex.o)
    0x0000f3d0   0x0000007c   Code   RO         2667    i.rt_pop_req        RTX_CM4.lib(rt_system.o)
    0x0000f44c   0x00000020   Code   RO         2668    i.rt_psh_req        RTX_CM4.lib(rt_system.o)
    0x0000f46c   0x0000005c   Code   RO         2802    i.rt_psq_enq        RTX_CM4.lib(rt_list.o)
    0x0000f4c8   0x00000048   Code   RO         2803    i.rt_put_dly        RTX_CM4.lib(rt_list.o)
    0x0000f510   0x00000036   Code   RO         2804    i.rt_put_prio       RTX_CM4.lib(rt_list.o)
    0x0000f546   0x00000002   PAD
    0x0000f548   0x00000014   Code   RO         2805    i.rt_put_rdy_first  RTX_CM4.lib(rt_list.o)
    0x0000f55c   0x00000034   Code   RO         2806    i.rt_resort_prio    RTX_CM4.lib(rt_list.o)
    0x0000f590   0x00000010   Code   RO         3086    i.rt_ret_regs       RTX_CM4.lib(hal_cm.o)
    0x0000f5a0   0x0000000c   Code   RO         3087    i.rt_ret_val        RTX_CM4.lib(hal_cm.o)
    0x0000f5ac   0x00000010   Code   RO         3088    i.rt_ret_val2       RTX_CM4.lib(hal_cm.o)
    0x0000f5bc   0x00000028   Code   RO         2807    i.rt_rmv_dly        RTX_CM4.lib(rt_list.o)
    0x0000f5e4   0x00000030   Code   RO         2808    i.rt_rmv_list       RTX_CM4.lib(rt_list.o)
    0x0000f614   0x0000000c   Code   RO         2925    i.rt_sem_init       RTX_CM4.lib(rt_semaphore.o)
    0x0000f620   0x00000034   Code   RO         2926    i.rt_sem_psh        RTX_CM4.lib(rt_semaphore.o)
    0x0000f654   0x0000002a   Code   RO         2927    i.rt_sem_send       RTX_CM4.lib(rt_semaphore.o)
    0x0000f67e   0x00000002   PAD
    0x0000f680   0x00000040   Code   RO         2928    i.rt_sem_wait       RTX_CM4.lib(rt_semaphore.o)
    0x0000f6c0   0x00000024   Code   RO         2670    i.rt_stk_check      RTX_CM4.lib(rt_system.o)
    0x0000f6e4   0x00000028   Code   RO         2581    i.rt_switch_req     RTX_CM4.lib(rt_task.o)
    0x0000f70c   0x000000cc   Code   RO         2582    i.rt_sys_init       RTX_CM4.lib(rt_task.o)
    0x0000f7d8   0x00000078   Code   RO         2583    i.rt_sys_start      RTX_CM4.lib(rt_task.o)
    0x0000f850   0x00000040   Code   RO         2672    i.rt_systick        RTX_CM4.lib(rt_system.o)
    0x0000f890   0x00000012   Code   RO         1660    i.rt_tid2ptcb       RTX_CM4.lib(rt_cmsis.o)
    0x0000f8a2   0x00000002   PAD
    0x0000f8a4   0x00000034   Code   RO         1661    i.rt_timer_insert   RTX_CM4.lib(rt_cmsis.o)
    0x0000f8d8   0x0000003c   Code   RO         1662    i.rt_timer_remove   RTX_CM4.lib(rt_cmsis.o)
    0x0000f914   0x00000088   Code   RO         2584    i.rt_tsk_create     RTX_CM4.lib(rt_task.o)
    0x0000f99c   0x0000017c   Code   RO         2585    i.rt_tsk_delete     RTX_CM4.lib(rt_task.o)
    0x0000fb18   0x00000030   Code   RO         2586    i.rt_tsk_pass       RTX_CM4.lib(rt_task.o)
    0x0000fb48   0x0000007c   Code   RO         2587    i.rt_tsk_prio       RTX_CM4.lib(rt_task.o)
    0x0000fbc4   0x00000010   Code   RO         2588    i.rt_tsk_self       RTX_CM4.lib(rt_task.o)
    0x0000fbd4   0x00000048   Code   RO         2492    i.search_delim      Net_CM3_L.lib(net_http_server.o)
    0x0000fc1c   0x00000012   Code   RO         3216    i.str_copy          Net_CM3_L.lib(net_common.o)
    0x0000fc2e   0x00000016   Code   RO         3218    i.str_pos           Net_CM3_L.lib(net_common.o)
    0x0000fc44   0x0000001a   Code   RO         3219    i.str_scomp         Net_CM3_L.lib(net_common.o)
    0x0000fc5e   0x0000001a   Code   RO         3221    i.str_up_case       Net_CM3_L.lib(net_common.o)
    0x0000fc78   0x00000012   Code   RO         1663    i.svcDelay          RTX_CM4.lib(rt_cmsis.o)
    0x0000fc8a   0x00000002   PAD
    0x0000fc8c   0x00000070   Code   RO         1664    i.svcKernelInitialize  RTX_CM4.lib(rt_cmsis.o)
    0x0000fcfc   0x00000048   Code   RO         1666    i.svcKernelStart    RTX_CM4.lib(rt_cmsis.o)
    0x0000fd44   0x00000024   Code   RO         1669    i.svcMessageCreate  RTX_CM4.lib(rt_cmsis.o)
    0x0000fd68   0x0000003a   Code   RO         1670    i.svcMessageGet     RTX_CM4.lib(rt_cmsis.o)
    0x0000fda2   0x0000001c   Code   RO         1672    i.svcMutexCreate    RTX_CM4.lib(rt_cmsis.o)
    0x0000fdbe   0x00000022   Code   RO         1674    i.svcMutexRelease   RTX_CM4.lib(rt_cmsis.o)
    0x0000fde0   0x00000036   Code   RO         1675    i.svcMutexWait      RTX_CM4.lib(rt_cmsis.o)
    0x0000fe16   0x00000024   Code   RO         1677    i.svcSemaphoreCreate  RTX_CM4.lib(rt_cmsis.o)
    0x0000fe3a   0x00000028   Code   RO         1679    i.svcSemaphoreRelease  RTX_CM4.lib(rt_cmsis.o)
    0x0000fe62   0x00000032   Code   RO         1680    i.svcSemaphoreWait  RTX_CM4.lib(rt_cmsis.o)
    0x0000fe94   0x00000024   Code   RO         1682    i.svcSignalSet      RTX_CM4.lib(rt_cmsis.o)
    0x0000feb8   0x00000054   Code   RO         1683    i.svcSignalWait     RTX_CM4.lib(rt_cmsis.o)
    0x0000ff0c   0x00000070   Code   RO         1684    i.svcThreadCreate   RTX_CM4.lib(rt_cmsis.o)
    0x0000ff7c   0x0000001c   Code   RO         1685    i.svcThreadGetId    RTX_CM4.lib(rt_cmsis.o)
    0x0000ff98   0x00000038   Code   RO         1688    i.svcThreadTerminate  RTX_CM4.lib(rt_cmsis.o)
    0x0000ffd0   0x0000000a   Code   RO         1689    i.svcThreadYield    RTX_CM4.lib(rt_cmsis.o)
    0x0000ffda   0x00000018   Code   RO         1690    i.svcTimerCall      RTX_CM4.lib(rt_cmsis.o)
    0x0000fff2   0x00000002   PAD
    0x0000fff4   0x00000038   Code   RO         1691    i.svcTimerCreate    RTX_CM4.lib(rt_cmsis.o)
    0x0001002c   0x00000064   Code   RO         1693    i.svcTimerStart     RTX_CM4.lib(rt_cmsis.o)
    0x00010090   0x0000005c   Code   RO         1699    i.sysTimerTick      RTX_CM4.lib(rt_cmsis.o)
    0x000100ec   0x00000058   Code   RO         2341    i.tcp_abort         Net_CM3_L.lib(net_tcp.o)
    0x00010144   0x000000a0   Code   RO         2343    i.tcp_close         Net_CM3_L.lib(net_tcp.o)
    0x000101e4   0x0000001e   Code   RO         2346    i.tcp_get_buf       Net_CM3_L.lib(net_tcp.o)
    0x00010202   0x00000002   PAD
    0x00010204   0x00000050   Code   RO         2348    i.tcp_get_socket    Net_CM3_L.lib(net_tcp.o)
    0x00010254   0x00000028   Code   RO         2349    i.tcp_get_state     Net_CM3_L.lib(net_tcp.o)
    0x0001027c   0x0000006c   Code   RO         2351    i.tcp_listen        Net_CM3_L.lib(net_tcp.o)
    0x000102e8   0x0000007c   Code   RO         2352    i.tcp_map_socket    Net_CM3_L.lib(net_tcp.o)
    0x00010364   0x00000024   Code   RO         2353    i.tcp_max_data_size  Net_CM3_L.lib(net_tcp.o)
    0x00010388   0x0000005e   Code   RO         2356    i.tcp_parse_opt     Net_CM3_L.lib(net_tcp.o)
    0x000103e6   0x00000002   PAD
    0x000103e8   0x000000c4   Code   RO         2357    i.tcp_proc_acknr    Net_CM3_L.lib(net_tcp.o)
    0x000104ac   0x00000052   Code   RO         2358    i.tcp_proc_dupack   Net_CM3_L.lib(net_tcp.o)
    0x000104fe   0x00000002   PAD
    0x00010500   0x0000049a   Code   RO         2359    i.tcp_process       Net_CM3_L.lib(net_tcp.o)
    0x0001099a   0x0000001a   Code   RO         2360    i.tcp_que_free      Net_CM3_L.lib(net_tcp.o)
    0x000109b4   0x0000001a   Code   RO         2361    i.tcp_que_init      Net_CM3_L.lib(net_tcp.o)
    0x000109ce   0x00000002   PAD
    0x000109d0   0x00000094   Code   RO         2362    i.tcp_que_resend    Net_CM3_L.lib(net_tcp.o)
    0x00010a64   0x000000e0   Code   RO         2366    i.tcp_send          Net_CM3_L.lib(net_tcp.o)
    0x00010b44   0x00000066   Code   RO         2367    i.tcp_send_ctrl     Net_CM3_L.lib(net_tcp.o)
    0x00010baa   0x0000004c   Code   RO         2368    i.tcp_send_data     Net_CM3_L.lib(net_tcp.o)
    0x00010bf6   0x00000060   Code   RO         2369    i.tcp_send_reset    Net_CM3_L.lib(net_tcp.o)
    0x00010c56   0x00000026   Code   RO         2370    i.tcp_set_cwnd      Net_CM3_L.lib(net_tcp.o)
    0x00010c7c   0x00000014   Code   RO         2371    i.tcp_socket_init   Net_CM3_L.lib(net_tcp.o)
    0x00010c90   0x00000288   Code   RO         2372    i.tcp_socket_poll   Net_CM3_L.lib(net_tcp.o)
    0x00010f18   0x00000068   Code   RO         2373    i.tcp_transit       Net_CM3_L.lib(net_tcp.o)
    0x00010f80   0x000000a4   Code   RO         2374    i.tcp_write         Net_CM3_L.lib(net_tcp.o)
    0x00011024   0x0000001e   Code   RO         2312    i.udp_get_buf       Net_CM3_L.lib(net_udp.o)
    0x00011042   0x00000002   PAD
    0x00011044   0x00000048   Code   RO         2313    i.udp_get_socket    Net_CM3_L.lib(net_udp.o)
    0x0001108c   0x0000006c   Code   RO         2316    i.udp_open          Net_CM3_L.lib(net_udp.o)
    0x000110f8   0x0000002c   Code   RO         2317    i.udp_port_in_use   Net_CM3_L.lib(net_udp.o)
    0x00011124   0x00000098   Code   RO         2318    i.udp_process       Net_CM3_L.lib(net_udp.o)
    0x000111bc   0x00000108   Code   RO         2320    i.udp_send          Net_CM3_L.lib(net_udp.o)
    0x000112c4   0x00000014   Code   RO         2321    i.udp_socket_init   Net_CM3_L.lib(net_udp.o)
    0x000112d8   0x000000f0   Code   RO         2493    i.utc_to_http       Net_CM3_L.lib(net_http_server.o)
    0x000113c8   0x00000020   Data   RO            9    .constdata          blinky.o
    0x000113e8   0x00000018   Data   RO          131    .constdata          ledthread.o
    0x00011400   0x0000a00c   Data   RO          173    .constdata          web.o
    0x0001b40c   0x00000004   Data   RO          231    .constdata          fxos8700.o
    0x0001b410   0x00000056   Data   RO          281    .constdata          rtx_conf_cm.o
    0x0001b466   0x00000002   PAD
    0x0001b468   0x0000004c   Data   RO          312    .constdata          emac_mk64f.o
    0x0001b4b4   0x00000110   Data   RO          382    .constdata          i2c_mk64f.o
    0x0001b5c4   0x00000024   Data   RO          467    .constdata          phy_ksz8081rna.o
    0x0001b5e8   0x00000048   Data   RO          519    .constdata          board.o
    0x0001b630   0x00000048   Data   RO          577    .constdata          gpio_pins.o
    0x0001b678   0x00000019   Data   RO          658    .constdata          fsl_edma_common.o
    0x0001b691   0x00000003   PAD
    0x0001b694   0x0000002d   Data   RO          765    .constdata          fsl_gpio_common.o
    0x0001b6c1   0x00000003   PAD
    0x0001b6c4   0x00000006   Data   RO          828    .constdata          fsl_rtc_common.o
    0x0001b6ca   0x000000c8   Data   RO         1004    .constdata          fsl_i2c_hal.o
    0x0001b792   0x00000030   Data   RO         1065    .constdata          fsl_mcg_hal.o
    0x0001b7c2   0x00000019   Data   RO         1300    .constdata          fsl_clock_mk64f12.o
    0x0001b7db   0x00000001   PAD
    0x0001b7dc   0x0000000c   Data   RO         1390    .constdata          fsl_clock_manager_common.o
    0x0001b7e8   0x00000018   Data   RO         1448    .constdata          fsl_debug_console.o
    0x0001b800   0x000000ac   Data   RO         1564    .constdata          net_config.o
    0x0001b8ac   0x0000001c   Data   RO         2245    .constdata          Net_CM3_L.lib(net_eth.o)
    0x0001b8c8   0x00000008   Data   RO         2275    .constdata          Net_CM3_L.lib(net_ip.o)
    0x0001b8d0   0x00000008   Data   RO         2419    .constdata          Net_CM3_L.lib(net_nbns_client.o)
    0x0001b8d8   0x000000fa   Data   RO         2494    .constdata          Net_CM3_L.lib(net_http_server.o)
    0x0001b9d2   0x00000008   Data   RO         2548    .constdata          Net_CM3_L.lib(net_addr4.o)
    0x0001b9da   0x00000002   PAD
    0x0001b9dc   0x00000008   Data   RO         2567    .constdata          Net_CM3_L.lib(net_sys.o)
    0x0001b9e4   0x00000018   Data   RO         3178    .constdata          Net_CM3_L.lib(net_http_server_err.o)
    0x0001b9fc   0x00000004   Data   RO         3195    .constdata          Net_CM3_L.lib(net_mem.o)
    0x0001ba00   0x00000081   Data   RO         3657    .constdata          mc_w.l(ctype_o.o)
    0x0001ba81   0x00000003   PAD
    0x0001ba84   0x00000004   Data   RO         3658    .constdata          mc_w.l(ctype_o.o)
    0x0001ba88   0x00000050   Data   RO          156    .conststring        http_server_cgi.o
    0x0001bad8   0x0000006b   Data   RO          257    .conststring        led_frdm_k64f.o
    0x0001bb43   0x00000001   PAD
    0x0001bb44   0x0000004f   Data   RO          313    .conststring        emac_mk64f.o
    0x0001bb93   0x00000001   PAD
    0x0001bb94   0x000000ef   Data   RO          383    .conststring        i2c_mk64f.o
    0x0001bc83   0x00000001   PAD
    0x0001bc84   0x0000010b   Data   RO          680    .conststring        fsl_edma_driver.o
    0x0001bd8f   0x00000001   PAD
    0x0001bd90   0x00000054   Data   RO          923    .conststring        fsl_edma_hal.o
    0x0001bde4   0x00000104   Data   RO          951    .conststring        fsl_enet_hal.o
    0x0001bee8   0x00000054   Data   RO          979    .conststring        fsl_gpio_hal.o
    0x0001bf3c   0x00000052   Data   RO         1005    .conststring        fsl_i2c_hal.o
    0x0001bf8e   0x00000002   PAD
    0x0001bf90   0x00000062   Data   RO         1202    .conststring        fsl_sim_hal_mk64f12.o
    0x0001bff2   0x00000002   PAD
    0x0001bff4   0x00000054   Data   RO         1227    .conststring        fsl_uart_hal.o
    0x0001c048   0x00000058   Data   RO         1256    .conststring        fsl_os_abstraction_bm.o
    0x0001c0a0   0x00000065   Data   RO         1301    .conststring        fsl_clock_mk64f12.o
    0x0001c105   0x00000003   PAD
    0x0001c108   0x0000005d   Data   RO         1346    .conststring        fsl_clock_manager.o
    0x0001c165   0x00000003   PAD
    0x0001c168   0x00000065   Data   RO         1418    .conststring        fsl_interrupt_manager.o
    0x0001c1cd   0x00000003   PAD
    0x0001c1d0   0x00000001   Data   RO         1565    .conststring        net_config.o
    0x0001c1d1   0x00000003   PAD
    0x0001c1d4   0x0000006d   Data   RO         2375    .conststring        Net_CM3_L.lib(net_tcp.o)
    0x0001c241   0x00000003   PAD
    0x0001c244   0x000001ff   Data   RO         3179    .conststring        Net_CM3_L.lib(net_http_server_err.o)
    0x0001c443   0x00000001   PAD
    0x0001c444   0x00000020   Data   RO         3693    Region$$Table       anon$$obj.o


    Execution Region RW_m_data (Base: 0x1fff0000, Size: 0x00000000, Max: 0x00010000, ABSOLUTE)

    **** No section assigned to this execution region ****


    Execution Region RW_m_data_2 (Base: 0x20000000, Size: 0x00007b4c, Max: 0x0002f800, ABSOLUTE, COMPRESSED[0x00000058])

    Base Addr    Size         Type   Attr      Idx    E Section Name        Object

    0x20000000   0x00000003   Data   RW           10    .data               blinky.o
    0x20000003   0x00000001   PAD
    0x20000004   0x00000004   Data   RW          132    .data               ledthread.o
    0x20000008   0x00000010   Data   RW          232    .data               fxos8700.o
    0x20000018   0x00000020   Data   RW          282    .data               rtx_conf_cm.o
    0x20000038   0x0000001c   Data   RW          314    .data               emac_mk64f.o
    0x20000054   0x00000004   Data   RW          487    .data               retarget_io.o
    0x20000058   0x00000024   Data   RW          578    .data               gpio_pins.o
    0x2000007c   0x00000004   Data   RW          681    .data               fsl_edma_driver.o
    0x20000080   0x00000010   Data   RW         1066    .data               fsl_mcg_hal.o
    0x20000090   0x00000008   Data   RW         1257    .data               fsl_os_abstraction_bm.o
    0x20000098   0x00000014   Data   RW         1302    .data               fsl_clock_mk64f12.o
    0x200000ac   0x00000004   Data   RW         1419    .data               fsl_interrupt_manager.o
    0x200000b0   0x00000004   Data   RW         1536    .data               system_mk64f12.o
    0x200000b4   0x00000016   Data   RW         1566    .data               net_config.o
    0x200000ca   0x00000002   PAD
    0x200000cc   0x00000008   Data   RW         1702    .data               RTX_CM4.lib(rt_cmsis.o)
    0x200000d4   0x00000004   Data   RW         2246    .data               Net_CM3_L.lib(net_eth.o)
    0x200000d8   0x00000002   Data   RW         2322    .data               Net_CM3_L.lib(net_udp.o)
    0x200000da   0x00000002   PAD
    0x200000dc   0x00000030   Data   RW         2376    .data               Net_CM3_L.lib(net_tcp.o)
    0x2000010c   0x00000001   Data   RW         2420    .data               Net_CM3_L.lib(net_nbns_client.o)
    0x2000010d   0x00000003   PAD
    0x20000110   0x0000000c   Data   RW         2495    .data               Net_CM3_L.lib(net_http_server.o)
    0x2000011c   0x00000008   Data   RW         2590    .data               RTX_CM4.lib(rt_task.o)
    0x20000124   0x00000008   Data   RW         2675    .data               RTX_CM4.lib(rt_system.o)
    0x2000012c   0x00000004   Data   RW         2969    .data               RTX_CM4.lib(rt_time.o)
    0x20000130   0x00000001   Data   RW         3089    .data               RTX_CM4.lib(hal_cm.o)
    0x20000131   0x00000003   PAD
    0x20000134   0x00000008   Data   RW         3153    .data               Net_CM3_L.lib(net_arp.o)
    0x2000013c   0x00000008   Data   RW         3250    .data               RTX_CM4.lib(rt_robin.o)
    0x20000144   0x00000004   Data   RW         3291    .data               mc_w.l(stdout.o)
    0x20000148   0x00000004   Data   RW         3292    .data               mc_w.l(stderr.o)
    0x2000014c   0x00000004   Data   RW         3622    .data               mc_w.l(mvars.o)
    0x20000150   0x00000004   Data   RW         3623    .data               mc_w.l(mvars.o)
    0x20000154   0x00000004   Data   RW         3627    .data               mc_w.l(errno.o)
    0x20000158   0x00000040   Zero   RW            8    .bss                blinky.o
    0x20000198   0x00000018   Zero   RW          130    .bss                ledthread.o
    0x200001b0   0x00001f30   Zero   RW          280    .bss                rtx_conf_cm.o
    0x200020e0   0x00002514   Zero   RW          311    .bss                emac_mk64f.o
    0x200045f4   0x00000060   Zero   RW          381    .bss                i2c_mk64f.o
    0x20004654   0x0000000c   Zero   RW          466    .bss                phy_ksz8081rna.o
    0x20004660   0x00000060   Zero   RW         1255    .bss                fsl_os_abstraction_bm.o
    0x200046c0   0x00000010   Zero   RW         1345    .bss                fsl_clock_manager.o
    0x200046d0   0x00000010   Zero   RW         1447    .bss                fsl_debug_console.o
    0x200046e0   0x0000328c   Zero   RW         1563    .bss                net_config.o
    0x2000796c   0x00000088   Zero   RW         2244    .bss                Net_CM3_L.lib(net_eth.o)
    0x200079f4   0x0000000c   Zero   RW         2274    .bss                Net_CM3_L.lib(net_ip.o)
    0x20007a00   0x00000010   Zero   RW         2298    .bss                Net_CM3_L.lib(net_icmp.o)
    0x20007a10   0x00000024   Zero   RW         2438    .bss                Net_CM3_L.lib(net_dhcp_client.o)
    0x20007a34   0x00000022   Zero   RW         2547    .bss                Net_CM3_L.lib(net_addr4.o)
    0x20007a56   0x00000002   PAD
    0x20007a58   0x00000054   Zero   RW         2565    .bss                Net_CM3_L.lib(net_sys.o)
    0x20007aac   0x00000018   Zero   RW         2566    .bss                Net_CM3_L.lib(net_sys.o)
    0x20007ac4   0x00000034   Zero   RW         2589    .bss                RTX_CM4.lib(rt_task.o)
    0x20007af8   0x00000030   Zero   RW         2809    .bss                RTX_CM4.lib(rt_list.o)
    0x20007b28   0x00000010   Zero   RW         3193    .bss                Net_CM3_L.lib(net_mem.o)
    0x20007b38   0x00000014   Zero   RW         3194    .bss                Net_CM3_L.lib(net_mem.o)


    Execution Region ARM_LIB_HEAP (Base: 0x20007b4c, Size: 0x00000400, Max: 0x00000400, ABSOLUTE)

    Base Addr    Size         Type   Attr      Idx    E Section Name        Object

    0x20007b4c   0x00000400   Zero   RW            1    ARM_LIB_HEAP.bss    anon$$obj.o


    Execution Region ARM_LIB_STACK (Base: 0x2002fc00, Size: 0x00000400, Max: 0x00000400, ABSOLUTE)

    Base Addr    Size         Type   Attr      Idx    E Section Name        Object

    0x2002fc00   0x00000400   Zero   RW            2    ARM_LIB_STACK.bss   anon$$obj.o



  Load Region LR_m_interrupts (Base: 0x00000000, Size: 0x00000400, Max: 0x00000400, ABSOLUTE)

    Execution Region VECTOR_RAM (Base: 0x00000000, Size: 0x00000000, Max: 0x00000000, ABSOLUTE)

    Base Addr    Size         Type   Attr      Idx    E Section Name        Object

    0x00000000   0x00000000   Zero   RW            3    VECTOR_RAM.bss      anon$$obj.o


    Execution Region VECTOR_ROM (Base: 0x00000000, Size: 0x00000400, Max: 0x00000400, ABSOLUTE)

    Base Addr    Size         Type   Attr      Idx    E Section Name        Object

    0x00000000   0x00000400   Data   RO         1526    RESET               startup_mk64f12.o



  Load Region LR_m_flash_config (Base: 0x00000400, Size: 0x00000010, Max: 0x00000010, ABSOLUTE)

    Execution Region ER_m_flash_config (Base: 0x00000400, Size: 0x00000010, Max: 0x00000010, ABSOLUTE)

    Base Addr    Size         Type   Attr      Idx    E Section Name        Object

    0x00000400   0x00000010   Data   RO         1527    FlashConfig         startup_mk64f12.o


==============================================================================

Image component sizes


      Code (inc. data)   RO Data    RW Data    ZI Data      Debug   Object Name

       972        136         32          3         64     638433   blinky.o
       172         36         72          0          0      28001   board.o
        68          6          0          0          0       2684   buttons_frdm_k64f.o
      2756        156        155         28       9492      62474   emac_mk64f.o
      1484        156         93          0         16      27668   fsl_clock_manager.o
         0          0         12          0          0        904   fsl_clock_manager_common.o
      2552        546        126         20          0      36118   fsl_clock_mk64f12.o
       492         22         24          0         16      13944   fsl_debug_console.o
        34          0          0          0          0       1046   fsl_dmamux_hal.o
         0          0         25          0          0        905   fsl_edma_common.o
      2280        212        267          4          0      37851   fsl_edma_driver.o
      2520         84         84          0          0      16904   fsl_edma_hal.o
       160          0          0          0          0       2416   fsl_edma_irq.o
      4724        780        260          0          0      24237   fsl_enet_hal.o
         0          0         45          0          0        788   fsl_gpio_common.o
      1248        136          0          0          0      37934   fsl_gpio_driver.o
       112         18         84          0          0       1425   fsl_gpio_hal.o
      1318         38        282          0          0      10343   fsl_i2c_hal.o
       240        122        101          4          0       1428   fsl_interrupt_manager.o
       226          0          0          0          0       5032   fsl_lptmr_hal.o
      1456         76         48         16          0      12905   fsl_mcg_hal.o
      1496         12          0          0          0      11361   fsl_mcg_hal_modes.o
      1840         94         88          8         96      31986   fsl_os_abstraction_bm.o
        12          0          0          0          0       1011   fsl_osc_hal.o
         0          0          6          0          0        781   fsl_rtc_common.o
      2344        164         98          0          0       9207   fsl_sim_hal_mk64f12.o
      1994         84         84          0          0      19294   fsl_uart_hal.o
       900         16          4         16          0       7563   fxos8700.o
         0          0         72         36          0        763   gpio_pins.o
       100          4          0          0          0        600   hardware_init.o
       220         38         80          0          0       2323   http_server_cgi.o
      4460        136        511          0         96      63911   i2c_mk64f.o
       168         26        107          0          0       1585   led_frdm_k64f.o
       104         22         24          4         24       2485   ledthread.o
       106          0        173         22      12940      16997   net_config.o
       548          8         36          0         12       8258   phy_ksz8081rna.o
      1528         54          0          0          0       7381   pin_mux.o
      2956         40          0          0          0       7135   print_scan.o
       296         60          0          4          0       4311   retarget_io.o
        60          6         86         32       7984       7426   rtx_conf_cm.o
        72         18          0          0          0        580   startup.o
        56         18       1040          0          0        872   startup_mk64f12.o
       492         40          0          4          0       1377   system_mk64f12.o
       136          8      40972          0          0       1704   web.o

    ----------------------------------------------------------------------
     42706       3372      45152        204      32788    1172351   Object Totals
         0          0         32          0       2048          0   (incl. Generated)
         4          0         29          3          0          0   (incl. Padding)

    ----------------------------------------------------------------------

      Code (inc. data)   RO Data    RW Data    ZI Data      Debug   Library Member Name

        82         22          8          0         34        144   net_addr4.o
      1732        136          0          8          0       1092   net_arp.o
       324          4          0          0          0        584   net_common.o
      2148        122          0          0         36        656   net_dhcp_client.o
      1016         96         28          4        136        696   net_eth.o
      5440       1178        250         12          0       2272   net_http_server.o
         0          0        535          0          0          0   net_http_server_err.o
       436         34          0          0         16        308   net_icmp.o
      1034         80          8          0         12        816   net_ip.o
       460         52          4          0         36        556   net_mem.o
       400         26          8          1          0        184   net_nbns_client.o
       224         48          8          0        108        288   net_sys.o
      3888        162        109         48          0       2000   net_tcp.o
       690         36          0          2          0        556   net_udp.o
       268         24          0          1          0       4452   hal_cm.o
       408         34          0          0          0        816   hal_cm4.o
      2164        236          0          8          0      52330   rt_cmsis.o
       272         18          0          0          0       2810   rt_event.o
       566         44          0          0         48       9176   rt_list.o
       550         10          0          0          0       4185   rt_mailbox.o
       140          0          0          0          0       2045   rt_membox.o
       128          0          0          0          0       2419   rt_memory.o
       336         12          0          0          0       2201   rt_mutex.o
        96         22          0          8          0       1230   rt_robin.o
       186         10          0          0          0       3102   rt_semaphore.o
       298         52          0          8          0       6439   rt_system.o
      1264        184          0          8         52      10563   rt_task.o
         6          0          0          4          0        684   rt_time.o
         4          4          0          0          0        200   svc_table.o
        86          0          0          0          0          0   __dczerorl2.o
        28          0          0          0          0         68   _chval.o
       158          0          0          0          0         92   _strtoul.o
        26          0          0          0          0         80   atoi.o
        28          0          0          0          0         76   calloc.o
         8          4        133          0          0         68   ctype_o.o
         0          0          0          0          0          0   entry.o
         0          0          0          0          0          0   entry10a.o
         0          0          0          0          0          0   entry11a.o
         8          4          0          0          0          0   entry4.o
         4          0          0          0          0          0   entry5.o
         0          0          0          0          0          0   entry7b.o
         0          0          0          0          0          0   entry8b.o
         8          4          0          4          0         68   errno.o
        24          0          0          0          0         80   fputs.o
        30          0          0          0          0          0   handlers.o
        36          8          0          0          0         68   init.o
        30          0          0          0          0         68   llshl.o
        32          0          0          0          0         68   llushr.o
       188         20          0          0          0        160   malloc2.o
        26          0          0          0          0         80   memcmp.o
        36          0          0          0          0         68   memcpya.o
        36          0          0          0          0        108   memseta.o
         0          0          0          8          0          0   mvars.o
      1204         60          0          0          0        504   printf8.o
         0          0          0          4          0          0   stderr.o
         0          0          0          4          0          0   stdout.o
        28          0          0          0          0         76   strcmp.o
        14          0          0          0          0         68   strlen.o
       112          0          0          0          0         88   strtol.o
        98          0          0          0          0         92   uldiv.o

    ----------------------------------------------------------------------
     26854       2746       1100        140        480     114784   Library Totals
        46          0          9          8          2          0   (incl. Padding)

    ----------------------------------------------------------------------

      Code (inc. data)   RO Data    RW Data    ZI Data      Debug   Library Name

     17874       1996        958         75        378      10152   Net_CM3_L.lib
      6686        650          0         37        100     102652   RTX_CM4.lib
      2248        100        133         20          0       1980   mc_w.l

    ----------------------------------------------------------------------
     26854       2746       1100        140        480     114784   Library Totals

    ----------------------------------------------------------------------

==============================================================================


      Code (inc. data)   RO Data    RW Data    ZI Data      Debug   

     69560       6118      46252        344      33268    1262379   Grand Totals
     69560       6118      46252         88      33268    1262379   ELF Image Totals (compressed)
     69560       6118      46252         88          0          0   ROM Totals

==============================================================================

    Total RO  Size (Code + RO Data)               115812 ( 113.10kB)
    Total RW  Size (RW Data + ZI Data)             33612 (  32.82kB)
    Total ROM Size (Code + RO Data + RW Data)     115900 ( 113.18kB)

==============================================================================

