<!doctype html public "-//w3c//dtd html 4.0 transitional//en">
<html><head>
<title>Static Call Graph - [.\Flash\Blinky.axf]</title></head>
<body><HR>
<H1>Static Call Graph for image .\Flash\Blinky.axf</H1><HR>
<BR><P>#&#060CALLGRAPH&#062# ARM Linker, 5060061: Last Updated: Tue Apr 05 18:33:50 2016
<BR><P>
<H3>Maximum Stack Usage =        240 bytes + Unknown(Cycles, Untraceable Function Pointers)</H3><H3>
Call chain for Maximum Stack Depth:</H3>
main &rArr; net_main &rArr; net_sys_run &rArr; dhcp_client_run &rArr; dhcp_send_message &rArr; udp_send &rArr; ip_send_frame &rArr; eth_send_frame &rArr; arp_cache_find &rArr; arp_send_request &rArr; mem_free
<P>
<H3>
Mutually Recursive functions
</H3> <LI><a href="#[2]">rt_alloc_box</a>&nbsp;&nbsp;&nbsp;&rArr;&nbsp;&nbsp;&nbsp;<a href="#[2]">rt_alloc_box</a><BR>
 <LI><a href="#[270]">net_sys_error</a>&nbsp;&nbsp;&nbsp;&rArr;&nbsp;&nbsp;&nbsp;<a href="#[270]">net_sys_error</a><BR>
 <LI><a href="#[67]">NMI_Handler</a>&nbsp;&nbsp;&nbsp;&rArr;&nbsp;&nbsp;&nbsp;<a href="#[67]">NMI_Handler</a><BR>
 <LI><a href="#[68]">HardFault_Handler</a>&nbsp;&nbsp;&nbsp;&rArr;&nbsp;&nbsp;&nbsp;<a href="#[68]">HardFault_Handler</a><BR>
 <LI><a href="#[69]">MemManage_Handler</a>&nbsp;&nbsp;&nbsp;&rArr;&nbsp;&nbsp;&nbsp;<a href="#[69]">MemManage_Handler</a><BR>
 <LI><a href="#[6a]">BusFault_Handler</a>&nbsp;&nbsp;&nbsp;&rArr;&nbsp;&nbsp;&nbsp;<a href="#[6a]">BusFault_Handler</a><BR>
 <LI><a href="#[6b]">UsageFault_Handler</a>&nbsp;&nbsp;&nbsp;&rArr;&nbsp;&nbsp;&nbsp;<a href="#[6b]">UsageFault_Handler</a><BR>
 <LI><a href="#[6d]">DebugMon_Handler</a>&nbsp;&nbsp;&nbsp;&rArr;&nbsp;&nbsp;&nbsp;<a href="#[6d]">DebugMon_Handler</a><BR>
 <LI><a href="#[64]">eth_thread</a>&nbsp;&nbsp;&nbsp;&rArr;&nbsp;&nbsp;&nbsp;<a href="#[64]">eth_thread</a><BR>
 <LI><a href="#[2f7]">str_up_case</a>&nbsp;&nbsp;&nbsp;&rArr;&nbsp;&nbsp;&nbsp;<a href="#[2f7]">str_up_case</a><BR>
</UL>
<P>
<H3>
Function Pointers
</H3><UL>
 <LI><a href="#[97]">ADC0_IRQHandler</a> from startup_mk64f12.o(.text) referenced from startup_mk64f12.o(RESET)
 <LI><a href="#[b9]">ADC1_IRQHandler</a> from startup_mk64f12.o(.text) referenced from startup_mk64f12.o(RESET)
 <LI><a href="#[27]">BlinkLed</a> from blinky.o(.text) referenced from blinky.o(.constdata)
 <LI><a href="#[6a]">BusFault_Handler</a> from startup_mk64f12.o(.text) referenced from startup_mk64f12.o(RESET)
 <LI><a href="#[bc]">CAN0_Bus_Off_IRQHandler</a> from startup_mk64f12.o(.text) referenced from startup_mk64f12.o(RESET)
 <LI><a href="#[bd]">CAN0_Error_IRQHandler</a> from startup_mk64f12.o(.text) referenced from startup_mk64f12.o(RESET)
 <LI><a href="#[bb]">CAN0_ORed_Message_buffer_IRQHandler</a> from startup_mk64f12.o(.text) referenced from startup_mk64f12.o(RESET)
 <LI><a href="#[bf]">CAN0_Rx_Warning_IRQHandler</a> from startup_mk64f12.o(.text) referenced from startup_mk64f12.o(RESET)
 <LI><a href="#[be]">CAN0_Tx_Warning_IRQHandler</a> from startup_mk64f12.o(.text) referenced from startup_mk64f12.o(RESET)
 <LI><a href="#[c0]">CAN0_Wake_Up_IRQHandler</a> from startup_mk64f12.o(.text) referenced from startup_mk64f12.o(RESET)
 <LI><a href="#[5]">CLOCK_SYS_FllStableDelay</a> from fsl_clock_mk64f12.o(.text) referenced from fsl_clock_mk64f12.o(.text)
 <LI><a href="#[98]">CMP0_IRQHandler</a> from startup_mk64f12.o(.text) referenced from startup_mk64f12.o(RESET)
 <LI><a href="#[99]">CMP1_IRQHandler</a> from startup_mk64f12.o(.text) referenced from startup_mk64f12.o(RESET)
 <LI><a href="#[b6]">CMP2_IRQHandler</a> from startup_mk64f12.o(.text) referenced from startup_mk64f12.o(RESET)
 <LI><a href="#[9d]">CMT_IRQHandler</a> from startup_mk64f12.o(.text) referenced from startup_mk64f12.o(RESET)
 <LI><a href="#[39]">Control</a> from emac_mk64f.o(.text) referenced from emac_mk64f.o(.constdata)
 <LI><a href="#[38]">ControlTimer</a> from emac_mk64f.o(.text) referenced from emac_mk64f.o(.constdata)
 <LI><a href="#[a8]">DAC0_IRQHandler</a> from startup_mk64f12.o(.text) referenced from startup_mk64f12.o(RESET)
 <LI><a href="#[b8]">DAC1_IRQHandler</a> from startup_mk64f12.o(.text) referenced from startup_mk64f12.o(RESET)
 <LI><a href="#[70]">DMA0_IRQHandler</a> from fsl_edma_irq.o(.text) referenced from startup_mk64f12.o(RESET)
 <LI><a href="#[7a]">DMA10_IRQHandler</a> from fsl_edma_irq.o(.text) referenced from startup_mk64f12.o(RESET)
 <LI><a href="#[7b]">DMA11_IRQHandler</a> from fsl_edma_irq.o(.text) referenced from startup_mk64f12.o(RESET)
 <LI><a href="#[7c]">DMA12_IRQHandler</a> from fsl_edma_irq.o(.text) referenced from startup_mk64f12.o(RESET)
 <LI><a href="#[7d]">DMA13_IRQHandler</a> from fsl_edma_irq.o(.text) referenced from startup_mk64f12.o(RESET)
 <LI><a href="#[7e]">DMA14_IRQHandler</a> from fsl_edma_irq.o(.text) referenced from startup_mk64f12.o(RESET)
 <LI><a href="#[7f]">DMA15_IRQHandler</a> from fsl_edma_irq.o(.text) referenced from startup_mk64f12.o(RESET)
 <LI><a href="#[71]">DMA1_IRQHandler</a> from fsl_edma_irq.o(.text) referenced from startup_mk64f12.o(RESET)
 <LI><a href="#[72]">DMA2_IRQHandler</a> from fsl_edma_irq.o(.text) referenced from startup_mk64f12.o(RESET)
 <LI><a href="#[73]">DMA3_IRQHandler</a> from fsl_edma_irq.o(.text) referenced from startup_mk64f12.o(RESET)
 <LI><a href="#[74]">DMA4_IRQHandler</a> from fsl_edma_irq.o(.text) referenced from startup_mk64f12.o(RESET)
 <LI><a href="#[75]">DMA5_IRQHandler</a> from fsl_edma_irq.o(.text) referenced from startup_mk64f12.o(RESET)
 <LI><a href="#[76]">DMA6_IRQHandler</a> from fsl_edma_irq.o(.text) referenced from startup_mk64f12.o(RESET)
 <LI><a href="#[77]">DMA7_IRQHandler</a> from fsl_edma_irq.o(.text) referenced from startup_mk64f12.o(RESET)
 <LI><a href="#[78]">DMA8_IRQHandler</a> from fsl_edma_irq.o(.text) referenced from startup_mk64f12.o(RESET)
 <LI><a href="#[79]">DMA9_IRQHandler</a> from fsl_edma_irq.o(.text) referenced from startup_mk64f12.o(RESET)
 <LI><a href="#[80]">DMA_Error_IRQHandler</a> from startup_mk64f12.o(.text) referenced from startup_mk64f12.o(RESET)
 <LI><a href="#[6d]">DebugMon_Handler</a> from startup_mk64f12.o(.text) referenced from startup_mk64f12.o(RESET)
 <LI><a href="#[c6]">DefaultISR</a> from startup_mk64f12.o(.text) referenced 153 times from startup_mk64f12.o(RESET)
 <LI><a href="#[c2]">ENET_1588_Timer_IRQHandler</a> from startup_mk64f12.o(.text) referenced from startup_mk64f12.o(RESET)
 <LI><a href="#[c5]">ENET_Error_IRQHandler</a> from emac_mk64f.o(.text) referenced from startup_mk64f12.o(RESET)
 <LI><a href="#[c4]">ENET_Receive_IRQHandler</a> from emac_mk64f.o(.text) referenced from startup_mk64f12.o(RESET)
 <LI><a href="#[c3]">ENET_Transmit_IRQHandler</a> from emac_mk64f.o(.text) referenced from startup_mk64f12.o(RESET)
 <LI><a href="#[82]">FTFE_IRQHandler</a> from startup_mk64f12.o(.text) referenced from startup_mk64f12.o(RESET)
 <LI><a href="#[9a]">FTM0_IRQHandler</a> from startup_mk64f12.o(.text) referenced from startup_mk64f12.o(RESET)
 <LI><a href="#[9b]">FTM1_IRQHandler</a> from startup_mk64f12.o(.text) referenced from startup_mk64f12.o(RESET)
 <LI><a href="#[9c]">FTM2_IRQHandler</a> from startup_mk64f12.o(.text) referenced from startup_mk64f12.o(RESET)
 <LI><a href="#[b7]">FTM3_IRQHandler</a> from startup_mk64f12.o(.text) referenced from startup_mk64f12.o(RESET)
 <LI><a href="#[2c]">GetCapabilities</a> from emac_mk64f.o(.text) referenced from emac_mk64f.o(.constdata)
 <LI><a href="#[63]">GetLinkInfo</a> from phy_ksz8081rna.o(.text) referenced from phy_ksz8081rna.o(.constdata)
 <LI><a href="#[62]">GetLinkState</a> from phy_ksz8081rna.o(.text) referenced from phy_ksz8081rna.o(.constdata)
 <LI><a href="#[30]">GetMacAddress</a> from emac_mk64f.o(.text) referenced from emac_mk64f.o(.constdata)
 <LI><a href="#[35]">GetRxFrameSize</a> from emac_mk64f.o(.text) referenced from emac_mk64f.o(.constdata)
 <LI><a href="#[36]">GetRxFrameTime</a> from emac_mk64f.o(.text) referenced from emac_mk64f.o(.constdata)
 <LI><a href="#[37]">GetTxFrameTime</a> from emac_mk64f.o(.text) referenced from emac_mk64f.o(.constdata)
 <LI><a href="#[2b]">GetVersion</a> from emac_mk64f.o(.text) referenced 2 times from emac_mk64f.o(.constdata)
 <LI><a href="#[68]">HardFault_Handler</a> from startup_mk64f12.o(.text) referenced from startup_mk64f12.o(RESET)
 <LI><a href="#[46]">I2C0_Control</a> from i2c_mk64f.o(.text) referenced from i2c_mk64f.o(.constdata)
 <LI><a href="#[45]">I2C0_GetDataCount</a> from i2c_mk64f.o(.text) referenced from i2c_mk64f.o(.constdata)
 <LI><a href="#[47]">I2C0_GetStatus</a> from i2c_mk64f.o(.text) referenced from i2c_mk64f.o(.constdata)
 <LI><a href="#[88]">I2C0_IRQHandler</a> from i2c_mk64f.o(.text) referenced from startup_mk64f12.o(RESET)
 <LI><a href="#[3e]">I2C0_Initialize</a> from i2c_mk64f.o(.text) referenced from i2c_mk64f.o(.constdata)
 <LI><a href="#[42]">I2C0_MasterReceive</a> from i2c_mk64f.o(.text) referenced from i2c_mk64f.o(.constdata)
 <LI><a href="#[41]">I2C0_MasterTransmit</a> from i2c_mk64f.o(.text) referenced from i2c_mk64f.o(.constdata)
 <LI><a href="#[40]">I2C0_PowerControl</a> from i2c_mk64f.o(.text) referenced from i2c_mk64f.o(.constdata)
 <LI><a href="#[44]">I2C0_SlaveReceive</a> from i2c_mk64f.o(.text) referenced from i2c_mk64f.o(.constdata)
 <LI><a href="#[43]">I2C0_SlaveTransmit</a> from i2c_mk64f.o(.text) referenced from i2c_mk64f.o(.constdata)
 <LI><a href="#[3f]">I2C0_Uninitialize</a> from i2c_mk64f.o(.text) referenced from i2c_mk64f.o(.constdata)
 <LI><a href="#[50]">I2C1_Control</a> from i2c_mk64f.o(.text) referenced from i2c_mk64f.o(.constdata)
 <LI><a href="#[4f]">I2C1_GetDataCount</a> from i2c_mk64f.o(.text) referenced from i2c_mk64f.o(.constdata)
 <LI><a href="#[51]">I2C1_GetStatus</a> from i2c_mk64f.o(.text) referenced from i2c_mk64f.o(.constdata)
 <LI><a href="#[89]">I2C1_IRQHandler</a> from i2c_mk64f.o(.text) referenced from startup_mk64f12.o(RESET)
 <LI><a href="#[48]">I2C1_Initialize</a> from i2c_mk64f.o(.text) referenced from i2c_mk64f.o(.constdata)
 <LI><a href="#[4c]">I2C1_MasterReceive</a> from i2c_mk64f.o(.text) referenced from i2c_mk64f.o(.constdata)
 <LI><a href="#[4b]">I2C1_MasterTransmit</a> from i2c_mk64f.o(.text) referenced from i2c_mk64f.o(.constdata)
 <LI><a href="#[4a]">I2C1_PowerControl</a> from i2c_mk64f.o(.text) referenced from i2c_mk64f.o(.constdata)
 <LI><a href="#[4e]">I2C1_SlaveReceive</a> from i2c_mk64f.o(.text) referenced from i2c_mk64f.o(.constdata)
 <LI><a href="#[4d]">I2C1_SlaveTransmit</a> from i2c_mk64f.o(.text) referenced from i2c_mk64f.o(.constdata)
 <LI><a href="#[49]">I2C1_Uninitialize</a> from i2c_mk64f.o(.text) referenced from i2c_mk64f.o(.constdata)
 <LI><a href="#[5a]">I2C2_Control</a> from i2c_mk64f.o(.text) referenced from i2c_mk64f.o(.constdata)
 <LI><a href="#[59]">I2C2_GetDataCount</a> from i2c_mk64f.o(.text) referenced from i2c_mk64f.o(.constdata)
 <LI><a href="#[5b]">I2C2_GetStatus</a> from i2c_mk64f.o(.text) referenced from i2c_mk64f.o(.constdata)
 <LI><a href="#[ba]">I2C2_IRQHandler</a> from i2c_mk64f.o(.text) referenced from startup_mk64f12.o(RESET)
 <LI><a href="#[52]">I2C2_Initialize</a> from i2c_mk64f.o(.text) referenced from i2c_mk64f.o(.constdata)
 <LI><a href="#[56]">I2C2_MasterReceive</a> from i2c_mk64f.o(.text) referenced from i2c_mk64f.o(.constdata)
 <LI><a href="#[55]">I2C2_MasterTransmit</a> from i2c_mk64f.o(.text) referenced from i2c_mk64f.o(.constdata)
 <LI><a href="#[54]">I2C2_PowerControl</a> from i2c_mk64f.o(.text) referenced from i2c_mk64f.o(.constdata)
 <LI><a href="#[58]">I2C2_SlaveReceive</a> from i2c_mk64f.o(.text) referenced from i2c_mk64f.o(.constdata)
 <LI><a href="#[57]">I2C2_SlaveTransmit</a> from i2c_mk64f.o(.text) referenced from i2c_mk64f.o(.constdata)
 <LI><a href="#[53]">I2C2_Uninitialize</a> from i2c_mk64f.o(.text) referenced from i2c_mk64f.o(.constdata)
 <LI><a href="#[3d]">I2CX_GetCapabilities</a> from i2c_mk64f.o(.text) referenced 3 times from i2c_mk64f.o(.constdata)
 <LI><a href="#[3c]">I2CX_GetVersion</a> from i2c_mk64f.o(.text) referenced 3 times from i2c_mk64f.o(.constdata)
 <LI><a href="#[4]">I2Cx_DMA_Callback</a> from i2c_mk64f.o(.text) referenced from i2c_mk64f.o(.text)
 <LI><a href="#[8d]">I2S0_Rx_IRQHandler</a> from startup_mk64f12.o(.text) referenced from startup_mk64f12.o(RESET)
 <LI><a href="#[8c]">I2S0_Tx_IRQHandler</a> from startup_mk64f12.o(.text) referenced from startup_mk64f12.o(RESET)
 <LI><a href="#[2d]">Initialize</a> from emac_mk64f.o(.text) referenced 2 times from emac_mk64f.o(.constdata)
 <LI><a href="#[85]">LLWU_IRQHandler</a> from startup_mk64f12.o(.text) referenced from startup_mk64f12.o(RESET)
 <LI><a href="#[aa]">LPTMR0_IRQHandler</a> from startup_mk64f12.o(.text) referenced from startup_mk64f12.o(RESET)
 <LI><a href="#[84]">LVD_LVW_IRQHandler</a> from startup_mk64f12.o(.text) referenced from startup_mk64f12.o(RESET)
 <LI><a href="#[a9]">MCG_IRQHandler</a> from startup_mk64f12.o(.text) referenced from startup_mk64f12.o(RESET)
 <LI><a href="#[81]">MCM_IRQHandler</a> from startup_mk64f12.o(.text) referenced from startup_mk64f12.o(RESET)
 <LI><a href="#[69]">MemManage_Handler</a> from startup_mk64f12.o(.text) referenced from startup_mk64f12.o(RESET)
 <LI><a href="#[28]">Message</a> from blinky.o(.text) referenced from blinky.o(.constdata)
 <LI><a href="#[67]">NMI_Handler</a> from startup_mk64f12.o(.text) referenced from startup_mk64f12.o(RESET)
 <LI><a href="#[a4]">PDB0_IRQHandler</a> from startup_mk64f12.o(.text) referenced from startup_mk64f12.o(RESET)
 <LI><a href="#[3a]">PHY_Read</a> from emac_mk64f.o(.text) referenced from emac_mk64f.o(.constdata)
 <LI><a href="#[3b]">PHY_Write</a> from emac_mk64f.o(.text) referenced from emac_mk64f.o(.constdata)
 <LI><a href="#[a0]">PIT0_IRQHandler</a> from startup_mk64f12.o(.text) referenced from startup_mk64f12.o(RESET)
 <LI><a href="#[a1]">PIT1_IRQHandler</a> from startup_mk64f12.o(.text) referenced from startup_mk64f12.o(RESET)
 <LI><a href="#[a2]">PIT2_IRQHandler</a> from startup_mk64f12.o(.text) referenced from startup_mk64f12.o(RESET)
 <LI><a href="#[a3]">PIT3_IRQHandler</a> from startup_mk64f12.o(.text) referenced from startup_mk64f12.o(RESET)
 <LI><a href="#[ab]">PORTA_IRQHandler</a> from startup_mk64f12.o(.text) referenced from startup_mk64f12.o(RESET)
 <LI><a href="#[ac]">PORTB_IRQHandler</a> from startup_mk64f12.o(.text) referenced from startup_mk64f12.o(RESET)
 <LI><a href="#[ad]">PORTC_IRQHandler</a> from startup_mk64f12.o(.text) referenced from startup_mk64f12.o(RESET)
 <LI><a href="#[ae]">PORTD_IRQHandler</a> from startup_mk64f12.o(.text) referenced from startup_mk64f12.o(RESET)
 <LI><a href="#[af]">PORTE_IRQHandler</a> from startup_mk64f12.o(.text) referenced from startup_mk64f12.o(RESET)
 <LI><a href="#[6e]">PendSV_Handler</a> from hal_cm4.o(.emb_text) referenced from startup_mk64f12.o(RESET)
 <LI><a href="#[2f]">PowerControl</a> from emac_mk64f.o(.text) referenced 2 times from emac_mk64f.o(.constdata)
 <LI><a href="#[87]">RNG_IRQHandler</a> from startup_mk64f12.o(.text) referenced from startup_mk64f12.o(RESET)
 <LI><a href="#[9e]">RTC_IRQHandler</a> from startup_mk64f12.o(.text) referenced from startup_mk64f12.o(RESET)
 <LI><a href="#[9f]">RTC_Seconds_IRQHandler</a> from startup_mk64f12.o(.text) referenced from startup_mk64f12.o(RESET)
 <LI><a href="#[34]">ReadFrame</a> from emac_mk64f.o(.text) referenced from emac_mk64f.o(.constdata)
 <LI><a href="#[83]">Read_Collision_IRQHandler</a> from startup_mk64f12.o(.text) referenced from startup_mk64f12.o(RESET)
 <LI><a href="#[a7]">Reserved71_IRQHandler</a> from startup_mk64f12.o(.text) referenced from startup_mk64f12.o(RESET)
 <LI><a href="#[66]">Reset_Handler</a> from startup_mk64f12.o(.text) referenced from startup_mk64f12.o(RESET)
 <LI><a href="#[c1]">SDHC_IRQHandler</a> from startup_mk64f12.o(.text) referenced from startup_mk64f12.o(RESET)
 <LI><a href="#[8a]">SPI0_IRQHandler</a> from startup_mk64f12.o(.text) referenced from startup_mk64f12.o(RESET)
 <LI><a href="#[8b]">SPI1_IRQHandler</a> from startup_mk64f12.o(.text) referenced from startup_mk64f12.o(RESET)
 <LI><a href="#[b1]">SPI2_IRQHandler</a> from startup_mk64f12.o(.text) referenced from startup_mk64f12.o(RESET)
 <LI><a href="#[6c]">SVC_Handler</a> from hal_cm4.o(.emb_text) referenced from startup_mk64f12.o(RESET)
 <LI><a href="#[b0]">SWI_IRQHandler</a> from startup_mk64f12.o(.text) referenced from startup_mk64f12.o(RESET)
 <LI><a href="#[33]">SendFrame</a> from emac_mk64f.o(.text) referenced from emac_mk64f.o(.constdata)
 <LI><a href="#[32]">SetAddressFilter</a> from emac_mk64f.o(.text) referenced from emac_mk64f.o(.constdata)
 <LI><a href="#[60]">SetInterface</a> from phy_ksz8081rna.o(.text) referenced from phy_ksz8081rna.o(.constdata)
 <LI><a href="#[31]">SetMacAddress</a> from emac_mk64f.o(.text) referenced from emac_mk64f.o(.constdata)
 <LI><a href="#[61]">SetMode</a> from phy_ksz8081rna.o(.text) referenced from phy_ksz8081rna.o(.constdata)
 <LI><a href="#[6f]">SysTick_Handler</a> from hal_cm4.o(.emb_text) referenced from startup_mk64f12.o(RESET)
 <LI><a href="#[9]">SystemInit</a> from system_mk64f12.o(.text) referenced from startup_mk64f12.o(.text)
 <LI><a href="#[29]">Thread</a> from ledthread.o(.text) referenced from ledthread.o(.constdata)
 <LI><a href="#[90]">UART0_ERR_IRQHandler</a> from startup_mk64f12.o(.text) referenced from startup_mk64f12.o(RESET)
 <LI><a href="#[8e]">UART0_LON_IRQHandler</a> from startup_mk64f12.o(.text) referenced from startup_mk64f12.o(RESET)
 <LI><a href="#[8f]">UART0_RX_TX_IRQHandler</a> from startup_mk64f12.o(.text) referenced from startup_mk64f12.o(RESET)
 <LI><a href="#[92]">UART1_ERR_IRQHandler</a> from startup_mk64f12.o(.text) referenced from startup_mk64f12.o(RESET)
 <LI><a href="#[91]">UART1_RX_TX_IRQHandler</a> from startup_mk64f12.o(.text) referenced from startup_mk64f12.o(RESET)
 <LI><a href="#[94]">UART2_ERR_IRQHandler</a> from startup_mk64f12.o(.text) referenced from startup_mk64f12.o(RESET)
 <LI><a href="#[93]">UART2_RX_TX_IRQHandler</a> from startup_mk64f12.o(.text) referenced from startup_mk64f12.o(RESET)
 <LI><a href="#[96]">UART3_ERR_IRQHandler</a> from startup_mk64f12.o(.text) referenced from startup_mk64f12.o(RESET)
 <LI><a href="#[95]">UART3_RX_TX_IRQHandler</a> from startup_mk64f12.o(.text) referenced from startup_mk64f12.o(RESET)
 <LI><a href="#[b3]">UART4_ERR_IRQHandler</a> from startup_mk64f12.o(.text) referenced from startup_mk64f12.o(RESET)
 <LI><a href="#[b2]">UART4_RX_TX_IRQHandler</a> from startup_mk64f12.o(.text) referenced from startup_mk64f12.o(RESET)
 <LI><a href="#[b5]">UART5_ERR_IRQHandler</a> from startup_mk64f12.o(.text) referenced from startup_mk64f12.o(RESET)
 <LI><a href="#[b4]">UART5_RX_TX_IRQHandler</a> from startup_mk64f12.o(.text) referenced from startup_mk64f12.o(RESET)
 <LI><a href="#[7]">UART_HAL_ReceiveDataPolling</a> from fsl_uart_hal.o(.text) referenced from fsl_debug_console.o(.text)
 <LI><a href="#[6]">UART_HAL_SendDataPolling</a> from fsl_uart_hal.o(.text) referenced from fsl_debug_console.o(.text)
 <LI><a href="#[a5]">USB0_IRQHandler</a> from startup_mk64f12.o(.text) referenced from startup_mk64f12.o(RESET)
 <LI><a href="#[a6]">USBDCD_IRQHandler</a> from startup_mk64f12.o(.text) referenced from startup_mk64f12.o(RESET)
 <LI><a href="#[2e]">Uninitialize</a> from emac_mk64f.o(.text) referenced 2 times from emac_mk64f.o(.constdata)
 <LI><a href="#[6b]">UsageFault_Handler</a> from startup_mk64f12.o(.text) referenced from startup_mk64f12.o(RESET)
 <LI><a href="#[86]">WDOG_EWM_IRQHandler</a> from startup_mk64f12.o(.text) referenced from startup_mk64f12.o(RESET)
 <LI><a href="#[b]">__main</a> from entry.o(.ARM.Collect$$$$00000000) referenced from startup_mk64f12.o(.text)
 <LI><a href="#[d]">_sputc</a> from printf8.o(i._sputc) referenced from printf8.o(i.__0sprintf$8)
 <LI><a href="#[8]">debug_putc</a> from fsl_debug_console.o(.text) referenced from fsl_debug_console.o(.text)
 <LI><a href="#[e]">dhcp_listener</a> from net_dhcp_client.o(i.dhcp_listener) referenced from net_dhcp_client.o(i.dhcp_client_init)
 <LI><a href="#[f]">eth_notify</a> from net_eth.o(i.eth_notify) referenced from net_eth.o(i.eth_init_link)
 <LI><a href="#[64]">eth_thread</a> from net_eth.o(i.eth_thread) referenced from net_eth.o(.constdata)
 <LI><a href="#[c]">fputc</a> from retarget_io.o(.text) referenced from printf8.o(i.__0printf$8)
 <LI><a href="#[10]">http_listener</a> from net_http_server.o(i.http_listener) referenced from net_http_server.o(i.http_server_init)
 <LI><a href="#[a]">init_data_bss</a> from startup.o(.text) referenced from startup_mk64f12.o(.text)
 <LI><a href="#[1]">main</a> from blinky.o(.text) referenced 2 times from rtx_conf_cm.o(.data)
 <LI><a href="#[11]">nbns_listener</a> from net_nbns_client.o(i.nbns_listener) referenced from net_nbns_client.o(i.nbns_client_init)
 <LI><a href="#[65]">net_timer_tick</a> from net_sys.o(i.net_timer_tick) referenced from net_sys.o(.constdata)
 <LI><a href="#[26]">osThreadExit</a> from rt_cmsis.o(i.osThreadExit) referenced from rt_cmsis.o(i.svcThreadCreate)
 <LI><a href="#[2a]">osTimerThread</a> from rt_cmsis.o(i.osTimerThread) referenced from rtx_conf_cm.o(.constdata)
 <LI><a href="#[25]">os_idle_demon</a> from rtx_conf_cm.o(.text) referenced from rt_task.o(i.rt_sys_init)
 <LI><a href="#[2]">rt_alloc_box</a> from rt_membox.o(i.rt_alloc_box) referenced from hal_cm4.o(.emb_text)
 <LI><a href="#[3]">rt_free_box</a> from rt_membox.o(i.rt_free_box) referenced from hal_cm4.o(.emb_text)
 <LI><a href="#[12]">svcDelay</a> from rt_cmsis.o(i.svcDelay) referenced from rt_cmsis.o(i.osDelay)
 <LI><a href="#[13]">svcKernelInitialize</a> from rt_cmsis.o(i.svcKernelInitialize) referenced from rt_cmsis.o(i.osKernelInitialize)
 <LI><a href="#[14]">svcKernelStart</a> from rt_cmsis.o(i.svcKernelStart) referenced from rt_cmsis.o(i.osKernelStart)
 <LI><a href="#[15]">svcMessageGet</a> from rt_cmsis.o(i.svcMessageGet) referenced from rt_cmsis.o(i.osMessageGet)
 <LI><a href="#[16]">svcMutexCreate</a> from rt_cmsis.o(i.svcMutexCreate) referenced from rt_cmsis.o(i.osMutexCreate)
 <LI><a href="#[17]">svcMutexRelease</a> from rt_cmsis.o(i.svcMutexRelease) referenced from rt_cmsis.o(i.osMutexRelease)
 <LI><a href="#[18]">svcMutexWait</a> from rt_cmsis.o(i.svcMutexWait) referenced from rt_cmsis.o(i.osMutexWait)
 <LI><a href="#[19]">svcSemaphoreCreate</a> from rt_cmsis.o(i.svcSemaphoreCreate) referenced from rt_cmsis.o(i.osSemaphoreCreate)
 <LI><a href="#[1a]">svcSemaphoreRelease</a> from rt_cmsis.o(i.svcSemaphoreRelease) referenced from rt_cmsis.o(i.osSemaphoreRelease)
 <LI><a href="#[1b]">svcSemaphoreWait</a> from rt_cmsis.o(i.svcSemaphoreWait) referenced from rt_cmsis.o(i.osSemaphoreWait)
 <LI><a href="#[1c]">svcSignalSet</a> from rt_cmsis.o(i.svcSignalSet) referenced from rt_cmsis.o(i.osSignalSet)
 <LI><a href="#[1d]">svcSignalWait</a> from rt_cmsis.o(i.svcSignalWait) referenced from rt_cmsis.o(i.osSignalWait)
 <LI><a href="#[1e]">svcThreadCreate</a> from rt_cmsis.o(i.svcThreadCreate) referenced from rt_cmsis.o(i.osThreadCreate)
 <LI><a href="#[1f]">svcThreadGetId</a> from rt_cmsis.o(i.svcThreadGetId) referenced from rt_cmsis.o(i.osThreadExit)
 <LI><a href="#[20]">svcThreadTerminate</a> from rt_cmsis.o(i.svcThreadTerminate) referenced from rt_cmsis.o(i.osThreadExit)
 <LI><a href="#[21]">svcThreadYield</a> from rt_cmsis.o(i.svcThreadYield) referenced from rt_cmsis.o(i.osThreadYield)
 <LI><a href="#[22]">svcTimerCall</a> from rt_cmsis.o(i.svcTimerCall) referenced from rt_cmsis.o(i.osTimerCall)
 <LI><a href="#[23]">svcTimerCreate</a> from rt_cmsis.o(i.svcTimerCreate) referenced from rt_cmsis.o(i.osTimerCreate)
 <LI><a href="#[24]">svcTimerStart</a> from rt_cmsis.o(i.svcTimerStart) referenced from rt_cmsis.o(i.osTimerStart)
</UL>
<P>
<H3>
Global Symbols
</H3>
<P><STRONG><a name="[b]"></a>__main</STRONG> (Thumb, 0 bytes, Stack size unknown bytes, entry.o(.ARM.Collect$$$$00000000))
<BR>[Address Reference Count : 1]<UL><LI> startup_mk64f12.o(.text)
</UL>
<P><STRONG><a name="[344]"></a>_main_stk</STRONG> (Thumb, 0 bytes, Stack size unknown bytes, entry4.o(.ARM.Collect$$$$00000003))

<P><STRONG><a name="[c7]"></a>_main_scatterload</STRONG> (Thumb, 0 bytes, Stack size unknown bytes, entry5.o(.ARM.Collect$$$$00000004))
<BR><BR>[Calls]<UL><LI><a href="#[c8]">&gt;&gt;</a>&nbsp;&nbsp;&nbsp;__scatterload
</UL>

<P><STRONG><a name="[27c]"></a>__main_after_scatterload</STRONG> (Thumb, 0 bytes, Stack size 0 bytes, entry5.o(.ARM.Collect$$$$00000004))
<BR><BR>[Called By]<UL><LI><a href="#[c8]">&gt;&gt;</a>&nbsp;&nbsp;&nbsp;__scatterload
</UL>

<P><STRONG><a name="[345]"></a>__rt_final_cpp</STRONG> (Thumb, 0 bytes, Stack size 0 bytes, entry10a.o(.ARM.Collect$$$$0000000D))

<P><STRONG><a name="[346]"></a>__rt_final_exit</STRONG> (Thumb, 0 bytes, Stack size 0 bytes, entry11a.o(.ARM.Collect$$$$0000000F))

<P><STRONG><a name="[347]"></a>_main_clock</STRONG> (Thumb, 0 bytes, Stack size 0 bytes, entry7b.o(.ARM.Collect$$$$00000008))

<P><STRONG><a name="[348]"></a>_main_cpp_init</STRONG> (Thumb, 0 bytes, Stack size 0 bytes, entry8b.o(.ARM.Collect$$$$0000000A))

<P><STRONG><a name="[c9]"></a>_main_init</STRONG> (Thumb, 18 bytes, Stack size 0 bytes, rtx_conf_cm.o(.ARM.Collect$$$$000000FF))
<BR><BR>[Stack]<UL><LI>Max Depth = 80<LI>Call Chain = _main_init &rArr; osKernelInitialize &rArr; svcKernelInitialize &rArr; svcThreadCreate &rArr; rt_tsk_create &rArr; rt_init_context &rArr; rt_init_stack
</UL>
<BR>[Calls]<UL><LI><a href="#[cb]">&gt;&gt;</a>&nbsp;&nbsp;&nbsp;osThreadCreate
<LI><a href="#[cc]">&gt;&gt;</a>&nbsp;&nbsp;&nbsp;osKernelStart
<LI><a href="#[ca]">&gt;&gt;</a>&nbsp;&nbsp;&nbsp;osKernelInitialize
</UL>

<P><STRONG><a name="[349]"></a>rt_set_PSP</STRONG> (Thumb, 6 bytes, Stack size 0 bytes, hal_cm4.o(.emb_text), UNUSED)

<P><STRONG><a name="[326]"></a>rt_get_PSP</STRONG> (Thumb, 6 bytes, Stack size 0 bytes, hal_cm4.o(.emb_text))
<BR><BR>[Called By]<UL><LI><a href="#[325]">&gt;&gt;</a>&nbsp;&nbsp;&nbsp;rt_tsk_delete
</UL>

<P><STRONG><a name="[34a]"></a>os_set_env</STRONG> (Thumb, 24 bytes, Stack size 0 bytes, hal_cm4.o(.emb_text), UNUSED)

<P><STRONG><a name="[34b]"></a>_alloc_box</STRONG> (Thumb, 28 bytes, Stack size 0 bytes, hal_cm4.o(.emb_text), UNUSED)

<P><STRONG><a name="[34c]"></a>_free_box</STRONG> (Thumb, 28 bytes, Stack size 0 bytes, hal_cm4.o(.emb_text), UNUSED)

<P><STRONG><a name="[6c]"></a>SVC_Handler</STRONG> (Thumb, 168 bytes, Stack size 0 bytes, hal_cm4.o(.emb_text))
<BR><BR>[Calls]<UL><LI><a href="#[cd]">&gt;&gt;</a>&nbsp;&nbsp;&nbsp;rt_stk_check
</UL>
<BR>[Address Reference Count : 1]<UL><LI> startup_mk64f12.o(RESET)
</UL>
<P><STRONG><a name="[6e]"></a>PendSV_Handler</STRONG> (Thumb, 96 bytes, Stack size 0 bytes, hal_cm4.o(.emb_text))
<BR><BR>[Stack]<UL><LI>Max Depth = 56<LI>Call Chain = PendSV_Handler &rArr; rt_pop_req &rArr; rt_mbx_psh &rArr; rt_ret_val2
</UL>
<BR>[Calls]<UL><LI><a href="#[ce]">&gt;&gt;</a>&nbsp;&nbsp;&nbsp;rt_pop_req
<LI><a href="#[cd]">&gt;&gt;</a>&nbsp;&nbsp;&nbsp;rt_stk_check
</UL>
<BR>[Address Reference Count : 1]<UL><LI> startup_mk64f12.o(RESET)
</UL>
<P><STRONG><a name="[6f]"></a>SysTick_Handler</STRONG> (Thumb, 8 bytes, Stack size 0 bytes, hal_cm4.o(.emb_text))
<BR><BR>[Stack]<UL><LI>Max Depth = 72<LI>Call Chain = SysTick_Handler &rArr; rt_systick &rArr; sysTimerTick &rArr; isrMessagePut &rArr; isr_mbx_send &rArr; rt_psq_enq
</UL>
<BR>[Calls]<UL><LI><a href="#[cf]">&gt;&gt;</a>&nbsp;&nbsp;&nbsp;rt_systick
</UL>
<BR>[Address Reference Count : 1]<UL><LI> startup_mk64f12.o(RESET)
</UL>
<P><STRONG><a name="[d0]"></a>OS_Tick_Handler</STRONG> (Thumb, 12 bytes, Stack size 0 bytes, hal_cm4.o(.emb_text), UNUSED)
<BR><BR>[Calls]<UL><LI><a href="#[d1]">&gt;&gt;</a>&nbsp;&nbsp;&nbsp;os_tick_irqack
<LI><a href="#[cf]">&gt;&gt;</a>&nbsp;&nbsp;&nbsp;rt_systick
</UL>

<P><STRONG><a name="[d3]"></a>Delay</STRONG> (Thumb, 44 bytes, Stack size 12 bytes, blinky.o(.text))
<BR><BR>[Stack]<UL><LI>Max Depth = 12<LI>Call Chain = Delay
</UL>
<BR>[Called By]<UL><LI><a href="#[d6]">&gt;&gt;</a>&nbsp;&nbsp;&nbsp;LCD_Init
<LI><a href="#[d5]">&gt;&gt;</a>&nbsp;&nbsp;&nbsp;lcddata
<LI><a href="#[d4]">&gt;&gt;</a>&nbsp;&nbsp;&nbsp;lcdcmd1
<LI><a href="#[d2]">&gt;&gt;</a>&nbsp;&nbsp;&nbsp;lcdcmd
</UL>

<P><STRONG><a name="[e0]"></a>LCD_PInit</STRONG> (Thumb, 54 bytes, Stack size 0 bytes, blinky.o(.text))
<BR><BR>[Called By]<UL><LI><a href="#[1]">&gt;&gt;</a>&nbsp;&nbsp;&nbsp;main
</UL>

<P><STRONG><a name="[d2]"></a>lcdcmd</STRONG> (Thumb, 108 bytes, Stack size 12 bytes, blinky.o(.text), UNUSED)
<BR><BR>[Calls]<UL><LI><a href="#[d3]">&gt;&gt;</a>&nbsp;&nbsp;&nbsp;Delay
</UL>

<P><STRONG><a name="[d4]"></a>lcdcmd1</STRONG> (Thumb, 56 bytes, Stack size 8 bytes, blinky.o(.text))
<BR><BR>[Stack]<UL><LI>Max Depth = 20<LI>Call Chain = lcdcmd1 &rArr; Delay
</UL>
<BR>[Calls]<UL><LI><a href="#[d3]">&gt;&gt;</a>&nbsp;&nbsp;&nbsp;Delay
</UL>
<BR>[Called By]<UL><LI><a href="#[d6]">&gt;&gt;</a>&nbsp;&nbsp;&nbsp;LCD_Init
</UL>

<P><STRONG><a name="[d5]"></a>lcddata</STRONG> (Thumb, 108 bytes, Stack size 12 bytes, blinky.o(.text))
<BR><BR>[Stack]<UL><LI>Max Depth = 24<LI>Call Chain = lcddata &rArr; Delay
</UL>
<BR>[Calls]<UL><LI><a href="#[d3]">&gt;&gt;</a>&nbsp;&nbsp;&nbsp;Delay
</UL>
<BR>[Called By]<UL><LI><a href="#[1]">&gt;&gt;</a>&nbsp;&nbsp;&nbsp;main
</UL>

<P><STRONG><a name="[d6]"></a>LCD_Init</STRONG> (Thumb, 186 bytes, Stack size 4 bytes, blinky.o(.text))
<BR><BR>[Stack]<UL><LI>Max Depth = 24<LI>Call Chain = LCD_Init &rArr; lcdcmd1 &rArr; Delay
</UL>
<BR>[Calls]<UL><LI><a href="#[d4]">&gt;&gt;</a>&nbsp;&nbsp;&nbsp;lcdcmd1
<LI><a href="#[d3]">&gt;&gt;</a>&nbsp;&nbsp;&nbsp;Delay
</UL>
<BR>[Called By]<UL><LI><a href="#[1]">&gt;&gt;</a>&nbsp;&nbsp;&nbsp;main
</UL>

<P><STRONG><a name="[d7]"></a>dhcp_client_notify</STRONG> (Thumb, 42 bytes, Stack size 24 bytes, blinky.o(.text))
<BR><BR>[Stack]<UL><LI>Max Depth = 56<LI>Call Chain = dhcp_client_notify &rArr; ip4_ntoa &rArr; __2sprintf
</UL>
<BR>[Calls]<UL><LI><a href="#[d8]">&gt;&gt;</a>&nbsp;&nbsp;&nbsp;ip4_ntoa
<LI><a href="#[d9]">&gt;&gt;</a>&nbsp;&nbsp;&nbsp;__2sprintf
</UL>
<BR>[Called By]<UL><LI><a href="#[29e]">&gt;&gt;</a>&nbsp;&nbsp;&nbsp;proc_opt_req
<LI><a href="#[e]">&gt;&gt;</a>&nbsp;&nbsp;&nbsp;dhcp_listener
<LI><a href="#[26f]">&gt;&gt;</a>&nbsp;&nbsp;&nbsp;dhcp_client_run
</UL>

<P><STRONG><a name="[1]"></a>main</STRONG> (Thumb, 124 bytes, Stack size 0 bytes, blinky.o(.text))
<BR><BR>[Stack]<UL><LI>Max Depth = 240<LI>Call Chain = main &rArr; net_main &rArr; net_sys_run &rArr; dhcp_client_run &rArr; dhcp_send_message &rArr; udp_send &rArr; ip_send_frame &rArr; eth_send_frame &rArr; arp_cache_find &rArr; arp_send_request &rArr; mem_free
</UL>
<BR>[Calls]<UL><LI><a href="#[e5]">&gt;&gt;</a>&nbsp;&nbsp;&nbsp;osThreadYield
<LI><a href="#[cb]">&gt;&gt;</a>&nbsp;&nbsp;&nbsp;osThreadCreate
<LI><a href="#[cc]">&gt;&gt;</a>&nbsp;&nbsp;&nbsp;osKernelStart
<LI><a href="#[ca]">&gt;&gt;</a>&nbsp;&nbsp;&nbsp;osKernelInitialize
<LI><a href="#[db]">&gt;&gt;</a>&nbsp;&nbsp;&nbsp;osDelay
<LI><a href="#[e4]">&gt;&gt;</a>&nbsp;&nbsp;&nbsp;net_main
<LI><a href="#[e2]">&gt;&gt;</a>&nbsp;&nbsp;&nbsp;net_initialize
<LI><a href="#[dd]">&gt;&gt;</a>&nbsp;&nbsp;&nbsp;hardware_init
<LI><a href="#[e3]">&gt;&gt;</a>&nbsp;&nbsp;&nbsp;dbg_uart_init
<LI><a href="#[de]">&gt;&gt;</a>&nbsp;&nbsp;&nbsp;LED_Initialize
<LI><a href="#[e1]">&gt;&gt;</a>&nbsp;&nbsp;&nbsp;Init_Thread
<LI><a href="#[df]">&gt;&gt;</a>&nbsp;&nbsp;&nbsp;Buttons_Initialize
<LI><a href="#[e6]">&gt;&gt;</a>&nbsp;&nbsp;&nbsp;Buttons_GetState
<LI><a href="#[d6]">&gt;&gt;</a>&nbsp;&nbsp;&nbsp;LCD_Init
<LI><a href="#[d5]">&gt;&gt;</a>&nbsp;&nbsp;&nbsp;lcddata
<LI><a href="#[e0]">&gt;&gt;</a>&nbsp;&nbsp;&nbsp;LCD_PInit
</UL>
<BR>[Address Reference Count : 1]<UL><LI> rtx_conf_cm.o(.data)
</UL>
<P><STRONG><a name="[e1]"></a>Init_Thread</STRONG> (Thumb, 30 bytes, Stack size 8 bytes, ledthread.o(.text))
<BR><BR>[Stack]<UL><LI>Max Depth = 80<LI>Call Chain = Init_Thread &rArr; osThreadCreate &rArr; svcThreadCreate &rArr; rt_tsk_create &rArr; rt_init_context &rArr; rt_init_stack
</UL>
<BR>[Calls]<UL><LI><a href="#[cb]">&gt;&gt;</a>&nbsp;&nbsp;&nbsp;osThreadCreate
</UL>
<BR>[Called By]<UL><LI><a href="#[1]">&gt;&gt;</a>&nbsp;&nbsp;&nbsp;main
</UL>

<P><STRONG><a name="[29]"></a>Thread</STRONG> (Thumb, 52 bytes, Stack size 0 bytes, ledthread.o(.text))
<BR><BR>[Stack]<UL><LI>Max Depth = 116<LI>Call Chain = Thread &rArr; LED_SetOut &rArr; LED_On &rArr; GPIO_DRV_WritePinOutput &rArr; GPIO_HAL_WritePinOutput &rArr; __aeabi_assert &rArr; fputs &rArr; fputc &rArr; stdout_putchar
</UL>
<BR>[Calls]<UL><LI><a href="#[e8]">&gt;&gt;</a>&nbsp;&nbsp;&nbsp;Magnetometer_Initialize
<LI><a href="#[ea]">&gt;&gt;</a>&nbsp;&nbsp;&nbsp;Magnetometer_GetState
<LI><a href="#[e7]">&gt;&gt;</a>&nbsp;&nbsp;&nbsp;Accelerometer_Initialize
<LI><a href="#[e9]">&gt;&gt;</a>&nbsp;&nbsp;&nbsp;Accelerometer_GetState
<LI><a href="#[e5]">&gt;&gt;</a>&nbsp;&nbsp;&nbsp;osThreadYield
<LI><a href="#[db]">&gt;&gt;</a>&nbsp;&nbsp;&nbsp;osDelay
<LI><a href="#[dc]">&gt;&gt;</a>&nbsp;&nbsp;&nbsp;LED_SetOut
</UL>
<BR>[Address Reference Count : 1]<UL><LI> ledthread.o(.constdata)
</UL>
<P><STRONG><a name="[eb]"></a>cgi_process_query</STRONG> (Thumb, 28 bytes, Stack size 48 bytes, http_server_cgi.o(.text))
<BR><BR>[Stack]<UL><LI>Max Depth = 72<LI>Call Chain = cgi_process_query &rArr; http_get_env_var
</UL>
<BR>[Calls]<UL><LI><a href="#[ec]">&gt;&gt;</a>&nbsp;&nbsp;&nbsp;http_get_env_var
</UL>
<BR>[Called By]<UL><LI><a href="#[10]">&gt;&gt;</a>&nbsp;&nbsp;&nbsp;http_listener
</UL>

<P><STRONG><a name="[ed]"></a>cgi_process_data</STRONG> (Thumb, 62 bytes, Stack size 56 bytes, http_server_cgi.o(.text))
<BR><BR>[Stack]<UL><LI>Max Depth = 80<LI>Call Chain = cgi_process_data &rArr; http_get_env_var
</UL>
<BR>[Calls]<UL><LI><a href="#[ec]">&gt;&gt;</a>&nbsp;&nbsp;&nbsp;http_get_env_var
</UL>
<BR>[Called By]<UL><LI><a href="#[2c0]">&gt;&gt;</a>&nbsp;&nbsp;&nbsp;http_proc_post
<LI><a href="#[2c2]">&gt;&gt;</a>&nbsp;&nbsp;&nbsp;http_proc_multipart
<LI><a href="#[2ba]">&gt;&gt;</a>&nbsp;&nbsp;&nbsp;http_kill_session
</UL>

<P><STRONG><a name="[ee]"></a>cgi_script</STRONG> (Thumb, 90 bytes, Stack size 40 bytes, http_server_cgi.o(.text))
<BR><BR>[Stack]<UL><LI>Max Depth = 140<LI>Call Chain = cgi_script &rArr; LED_On &rArr; GPIO_DRV_WritePinOutput &rArr; GPIO_HAL_WritePinOutput &rArr; __aeabi_assert &rArr; fputs &rArr; fputc &rArr; stdout_putchar
</UL>
<BR>[Calls]<UL><LI><a href="#[ef]">&gt;&gt;</a>&nbsp;&nbsp;&nbsp;LED_On
<LI><a href="#[f1]">&gt;&gt;</a>&nbsp;&nbsp;&nbsp;LED_Off
<LI><a href="#[d9]">&gt;&gt;</a>&nbsp;&nbsp;&nbsp;__2sprintf
<LI><a href="#[f0]">&gt;&gt;</a>&nbsp;&nbsp;&nbsp;strlen
</UL>
<BR>[Called By]<UL><LI><a href="#[26e]">&gt;&gt;</a>&nbsp;&nbsp;&nbsp;http_server_run
</UL>

<P><STRONG><a name="[2b2]"></a>cgx_content_type</STRONG> (Thumb, 4 bytes, Stack size 0 bytes, http_server_cgi.o(.text))
<BR><BR>[Called By]<UL><LI><a href="#[2b1]">&gt;&gt;</a>&nbsp;&nbsp;&nbsp;http_add_header
</UL>

<P><STRONG><a name="[2b3]"></a>http_encoding</STRONG> (Thumb, 4 bytes, Stack size 0 bytes, http_server_cgi.o(.text))
<BR><BR>[Called By]<UL><LI><a href="#[2b1]">&gt;&gt;</a>&nbsp;&nbsp;&nbsp;http_add_header
</UL>

<P><STRONG><a name="[f2]"></a>imageFileInfo</STRONG> (Thumb, 96 bytes, Stack size 24 bytes, web.o(.text))
<BR><BR>[Stack]<UL><LI>Max Depth = 24<LI>Call Chain = imageFileInfo
</UL>
<BR>[Calls]<UL><LI><a href="#[f3]">&gt;&gt;</a>&nbsp;&nbsp;&nbsp;crc32_8bit
</UL>
<BR>[Called By]<UL><LI><a href="#[2bf]">&gt;&gt;</a>&nbsp;&nbsp;&nbsp;http_open_file
</UL>

<P><STRONG><a name="[df]"></a>Buttons_Initialize</STRONG> (Thumb, 14 bytes, Stack size 8 bytes, buttons_frdm_k64f.o(.text))
<BR><BR>[Stack]<UL><LI>Max Depth = 132<LI>Call Chain = Buttons_Initialize &rArr; GPIO_DRV_Init &rArr; GPIO_DRV_InputPinInit &rArr; GPIO_HAL_SetPinDir &rArr; __aeabi_assert &rArr; fputs &rArr; fputc &rArr; stdout_putchar
</UL>
<BR>[Calls]<UL><LI><a href="#[f4]">&gt;&gt;</a>&nbsp;&nbsp;&nbsp;GPIO_DRV_Init
</UL>
<BR>[Called By]<UL><LI><a href="#[1]">&gt;&gt;</a>&nbsp;&nbsp;&nbsp;main
</UL>

<P><STRONG><a name="[34d]"></a>Buttons_Uninitialize</STRONG> (Thumb, 4 bytes, Stack size 0 bytes, buttons_frdm_k64f.o(.text), UNUSED)

<P><STRONG><a name="[e6]"></a>Buttons_GetState</STRONG> (Thumb, 40 bytes, Stack size 16 bytes, buttons_frdm_k64f.o(.text))
<BR><BR>[Stack]<UL><LI>Max Depth = 92<LI>Call Chain = Buttons_GetState &rArr; GPIO_DRV_ReadPinInput &rArr; __aeabi_assert &rArr; fputs &rArr; fputc &rArr; stdout_putchar
</UL>
<BR>[Calls]<UL><LI><a href="#[f5]">&gt;&gt;</a>&nbsp;&nbsp;&nbsp;GPIO_DRV_ReadPinInput
</UL>
<BR>[Called By]<UL><LI><a href="#[1]">&gt;&gt;</a>&nbsp;&nbsp;&nbsp;main
</UL>

<P><STRONG><a name="[34e]"></a>Buttons_GetCount</STRONG> (Thumb, 4 bytes, Stack size 0 bytes, buttons_frdm_k64f.o(.text), UNUSED)

<P><STRONG><a name="[f6]"></a>Initialize</STRONG> (Thumb, 164 bytes, Stack size 16 bytes, fxos8700.o(.text))
<BR><BR>[Stack]<UL><LI>Max Depth = 40<LI>Call Chain = Initialize &rArr; Register_Write
</UL>
<BR>[Calls]<UL><LI><a href="#[f7]">&gt;&gt;</a>&nbsp;&nbsp;&nbsp;osSemaphoreCreate
<LI><a href="#[f9]">&gt;&gt;</a>&nbsp;&nbsp;&nbsp;Register_Write
<LI><a href="#[f8]">&gt;&gt;</a>&nbsp;&nbsp;&nbsp;Register_Read
</UL>
<BR>[Called By]<UL><LI><a href="#[e8]">&gt;&gt;</a>&nbsp;&nbsp;&nbsp;Magnetometer_Initialize
<LI><a href="#[e7]">&gt;&gt;</a>&nbsp;&nbsp;&nbsp;Accelerometer_Initialize
</UL>

<P><STRONG><a name="[e7]"></a>Accelerometer_Initialize</STRONG> (Thumb, 32 bytes, Stack size 8 bytes, fxos8700.o(.text))
<BR><BR>[Stack]<UL><LI>Max Depth = 48<LI>Call Chain = Accelerometer_Initialize &rArr; Initialize &rArr; Register_Write
</UL>
<BR>[Calls]<UL><LI><a href="#[f6]">&gt;&gt;</a>&nbsp;&nbsp;&nbsp;Initialize
</UL>
<BR>[Called By]<UL><LI><a href="#[29]">&gt;&gt;</a>&nbsp;&nbsp;&nbsp;Thread
</UL>

<P><STRONG><a name="[34f]"></a>Accelerometer_Uninitialize</STRONG> (Thumb, 18 bytes, Stack size 0 bytes, fxos8700.o(.text), UNUSED)

<P><STRONG><a name="[e9]"></a>Accelerometer_GetState</STRONG> (Thumb, 244 bytes, Stack size 32 bytes, fxos8700.o(.text))
<BR><BR>[Stack]<UL><LI>Max Depth = 64<LI>Call Chain = Accelerometer_GetState &rArr; osSemaphoreRelease &rArr; isrSemaphoreRelease &rArr; isr_sem_send &rArr; rt_psq_enq
</UL>
<BR>[Calls]<UL><LI><a href="#[fa]">&gt;&gt;</a>&nbsp;&nbsp;&nbsp;osSemaphoreWait
<LI><a href="#[fb]">&gt;&gt;</a>&nbsp;&nbsp;&nbsp;osSemaphoreRelease
</UL>
<BR>[Called By]<UL><LI><a href="#[29]">&gt;&gt;</a>&nbsp;&nbsp;&nbsp;Thread
</UL>

<P><STRONG><a name="[e8]"></a>Magnetometer_Initialize</STRONG> (Thumb, 32 bytes, Stack size 8 bytes, fxos8700.o(.text))
<BR><BR>[Stack]<UL><LI>Max Depth = 48<LI>Call Chain = Magnetometer_Initialize &rArr; Initialize &rArr; Register_Write
</UL>
<BR>[Calls]<UL><LI><a href="#[f6]">&gt;&gt;</a>&nbsp;&nbsp;&nbsp;Initialize
</UL>
<BR>[Called By]<UL><LI><a href="#[29]">&gt;&gt;</a>&nbsp;&nbsp;&nbsp;Thread
</UL>

<P><STRONG><a name="[350]"></a>Magnetometer_Uninitialize</STRONG> (Thumb, 18 bytes, Stack size 0 bytes, fxos8700.o(.text), UNUSED)

<P><STRONG><a name="[ea]"></a>Magnetometer_GetState</STRONG> (Thumb, 202 bytes, Stack size 32 bytes, fxos8700.o(.text))
<BR><BR>[Stack]<UL><LI>Max Depth = 64<LI>Call Chain = Magnetometer_GetState &rArr; osSemaphoreRelease &rArr; isrSemaphoreRelease &rArr; isr_sem_send &rArr; rt_psq_enq
</UL>
<BR>[Calls]<UL><LI><a href="#[fa]">&gt;&gt;</a>&nbsp;&nbsp;&nbsp;osSemaphoreWait
<LI><a href="#[fb]">&gt;&gt;</a>&nbsp;&nbsp;&nbsp;osSemaphoreRelease
</UL>
<BR>[Called By]<UL><LI><a href="#[29]">&gt;&gt;</a>&nbsp;&nbsp;&nbsp;Thread
</UL>

<P><STRONG><a name="[de]"></a>LED_Initialize</STRONG> (Thumb, 14 bytes, Stack size 8 bytes, led_frdm_k64f.o(.text))
<BR><BR>[Stack]<UL><LI>Max Depth = 132<LI>Call Chain = LED_Initialize &rArr; GPIO_DRV_Init &rArr; GPIO_DRV_InputPinInit &rArr; GPIO_HAL_SetPinDir &rArr; __aeabi_assert &rArr; fputs &rArr; fputc &rArr; stdout_putchar
</UL>
<BR>[Calls]<UL><LI><a href="#[f4]">&gt;&gt;</a>&nbsp;&nbsp;&nbsp;GPIO_DRV_Init
</UL>
<BR>[Called By]<UL><LI><a href="#[1]">&gt;&gt;</a>&nbsp;&nbsp;&nbsp;main
</UL>

<P><STRONG><a name="[351]"></a>LED_Uninitialize</STRONG> (Thumb, 4 bytes, Stack size 0 bytes, led_frdm_k64f.o(.text), UNUSED)

<P><STRONG><a name="[ef]"></a>LED_On</STRONG> (Thumb, 40 bytes, Stack size 8 bytes, led_frdm_k64f.o(.text))
<BR><BR>[Stack]<UL><LI>Max Depth = 100<LI>Call Chain = LED_On &rArr; GPIO_DRV_WritePinOutput &rArr; GPIO_HAL_WritePinOutput &rArr; __aeabi_assert &rArr; fputs &rArr; fputc &rArr; stdout_putchar
</UL>
<BR>[Calls]<UL><LI><a href="#[fc]">&gt;&gt;</a>&nbsp;&nbsp;&nbsp;__aeabi_assert
<LI><a href="#[fd]">&gt;&gt;</a>&nbsp;&nbsp;&nbsp;GPIO_DRV_WritePinOutput
</UL>
<BR>[Called By]<UL><LI><a href="#[ee]">&gt;&gt;</a>&nbsp;&nbsp;&nbsp;cgi_script
<LI><a href="#[dc]">&gt;&gt;</a>&nbsp;&nbsp;&nbsp;LED_SetOut
</UL>

<P><STRONG><a name="[f1]"></a>LED_Off</STRONG> (Thumb, 40 bytes, Stack size 8 bytes, led_frdm_k64f.o(.text))
<BR><BR>[Stack]<UL><LI>Max Depth = 100<LI>Call Chain = LED_Off &rArr; GPIO_DRV_WritePinOutput &rArr; GPIO_HAL_WritePinOutput &rArr; __aeabi_assert &rArr; fputs &rArr; fputc &rArr; stdout_putchar
</UL>
<BR>[Calls]<UL><LI><a href="#[fc]">&gt;&gt;</a>&nbsp;&nbsp;&nbsp;__aeabi_assert
<LI><a href="#[fd]">&gt;&gt;</a>&nbsp;&nbsp;&nbsp;GPIO_DRV_WritePinOutput
</UL>
<BR>[Called By]<UL><LI><a href="#[ee]">&gt;&gt;</a>&nbsp;&nbsp;&nbsp;cgi_script
<LI><a href="#[dc]">&gt;&gt;</a>&nbsp;&nbsp;&nbsp;LED_SetOut
</UL>

<P><STRONG><a name="[dc]"></a>LED_SetOut</STRONG> (Thumb, 40 bytes, Stack size 16 bytes, led_frdm_k64f.o(.text))
<BR><BR>[Stack]<UL><LI>Max Depth = 116<LI>Call Chain = LED_SetOut &rArr; LED_On &rArr; GPIO_DRV_WritePinOutput &rArr; GPIO_HAL_WritePinOutput &rArr; __aeabi_assert &rArr; fputs &rArr; fputc &rArr; stdout_putchar
</UL>
<BR>[Calls]<UL><LI><a href="#[ef]">&gt;&gt;</a>&nbsp;&nbsp;&nbsp;LED_On
<LI><a href="#[f1]">&gt;&gt;</a>&nbsp;&nbsp;&nbsp;LED_Off
</UL>
<BR>[Called By]<UL><LI><a href="#[29]">&gt;&gt;</a>&nbsp;&nbsp;&nbsp;Thread
<LI><a href="#[27]">&gt;&gt;</a>&nbsp;&nbsp;&nbsp;BlinkLed
</UL>

<P><STRONG><a name="[352]"></a>LED_GetCount</STRONG> (Thumb, 4 bytes, Stack size 0 bytes, led_frdm_k64f.o(.text), UNUSED)

<P><STRONG><a name="[25]"></a>os_idle_demon</STRONG> (Thumb, 4 bytes, Stack size 0 bytes, rtx_conf_cm.o(.text))
<BR>[Address Reference Count : 1]<UL><LI> rt_task.o(i.rt_sys_init)
</UL>
<P><STRONG><a name="[311]"></a>os_error</STRONG> (Thumb, 32 bytes, Stack size 0 bytes, rtx_conf_cm.o(.text))
<BR><BR>[Called By]<UL><LI><a href="#[30f]">&gt;&gt;</a>&nbsp;&nbsp;&nbsp;rt_mbx_psh
<LI><a href="#[cd]">&gt;&gt;</a>&nbsp;&nbsp;&nbsp;rt_stk_check
<LI><a href="#[2ed]">&gt;&gt;</a>&nbsp;&nbsp;&nbsp;rt_psq_enq
<LI><a href="#[322]">&gt;&gt;</a>&nbsp;&nbsp;&nbsp;sysTimerTick
</UL>

<P><STRONG><a name="[c3]"></a>ENET_Transmit_IRQHandler</STRONG> (Thumb, 40 bytes, Stack size 8 bytes, emac_mk64f.o(.text))
<BR><BR>[Stack]<UL><LI>Max Depth = 8<LI>Call Chain = ENET_Transmit_IRQHandler
</UL>
<BR>[Calls]<UL><LI><a href="#[10d]">&gt;&gt;</a>&nbsp;&nbsp;&nbsp;ENET_HAL_GetIntStatusFlag
<LI><a href="#[10b]">&gt;&gt;</a>&nbsp;&nbsp;&nbsp;ENET_HAL_ClearIntStatusFlag
</UL>
<BR>[Address Reference Count : 1]<UL><LI> startup_mk64f12.o(RESET)
</UL>
<P><STRONG><a name="[c4]"></a>ENET_Receive_IRQHandler</STRONG> (Thumb, 40 bytes, Stack size 8 bytes, emac_mk64f.o(.text))
<BR><BR>[Stack]<UL><LI>Max Depth = 8<LI>Call Chain = ENET_Receive_IRQHandler
</UL>
<BR>[Calls]<UL><LI><a href="#[10d]">&gt;&gt;</a>&nbsp;&nbsp;&nbsp;ENET_HAL_GetIntStatusFlag
<LI><a href="#[10b]">&gt;&gt;</a>&nbsp;&nbsp;&nbsp;ENET_HAL_ClearIntStatusFlag
</UL>
<BR>[Address Reference Count : 1]<UL><LI> startup_mk64f12.o(RESET)
</UL>
<P><STRONG><a name="[c5]"></a>ENET_Error_IRQHandler</STRONG> (Thumb, 40 bytes, Stack size 8 bytes, emac_mk64f.o(.text))
<BR><BR>[Stack]<UL><LI>Max Depth = 8<LI>Call Chain = ENET_Error_IRQHandler
</UL>
<BR>[Calls]<UL><LI><a href="#[10d]">&gt;&gt;</a>&nbsp;&nbsp;&nbsp;ENET_HAL_GetIntStatusFlag
<LI><a href="#[10b]">&gt;&gt;</a>&nbsp;&nbsp;&nbsp;ENET_HAL_ClearIntStatusFlag
</UL>
<BR>[Address Reference Count : 1]<UL><LI> startup_mk64f12.o(RESET)
</UL>
<P><STRONG><a name="[88]"></a>I2C0_IRQHandler</STRONG> (Thumb, 10 bytes, Stack size 8 bytes, i2c_mk64f.o(.text))
<BR><BR>[Stack]<UL><LI>Max Depth = 108<LI>Call Chain = I2C0_IRQHandler &rArr; I2Cx_IRQHandler &rArr; I2C_HAL_SendStop &rArr; __aeabi_assert &rArr; fputs &rArr; fputc &rArr; stdout_putchar
</UL>
<BR>[Calls]<UL><LI><a href="#[133]">&gt;&gt;</a>&nbsp;&nbsp;&nbsp;I2Cx_IRQHandler
</UL>
<BR>[Address Reference Count : 1]<UL><LI> startup_mk64f12.o(RESET)
</UL>
<P><STRONG><a name="[89]"></a>I2C1_IRQHandler</STRONG> (Thumb, 10 bytes, Stack size 8 bytes, i2c_mk64f.o(.text))
<BR><BR>[Stack]<UL><LI>Max Depth = 108<LI>Call Chain = I2C1_IRQHandler &rArr; I2Cx_IRQHandler &rArr; I2C_HAL_SendStop &rArr; __aeabi_assert &rArr; fputs &rArr; fputc &rArr; stdout_putchar
</UL>
<BR>[Calls]<UL><LI><a href="#[133]">&gt;&gt;</a>&nbsp;&nbsp;&nbsp;I2Cx_IRQHandler
</UL>
<BR>[Address Reference Count : 1]<UL><LI> startup_mk64f12.o(RESET)
</UL>
<P><STRONG><a name="[ba]"></a>I2C2_IRQHandler</STRONG> (Thumb, 10 bytes, Stack size 8 bytes, i2c_mk64f.o(.text))
<BR><BR>[Stack]<UL><LI>Max Depth = 108<LI>Call Chain = I2C2_IRQHandler &rArr; I2Cx_IRQHandler &rArr; I2C_HAL_SendStop &rArr; __aeabi_assert &rArr; fputs &rArr; fputc &rArr; stdout_putchar
</UL>
<BR>[Calls]<UL><LI><a href="#[133]">&gt;&gt;</a>&nbsp;&nbsp;&nbsp;I2Cx_IRQHandler
</UL>
<BR>[Address Reference Count : 1]<UL><LI> startup_mk64f12.o(RESET)
</UL>
<P><STRONG><a name="[13f]"></a>ITM_SendChar</STRONG> (Thumb, 42 bytes, Stack size 0 bytes, retarget_io.o(.text))
<BR><BR>[Called By]<UL><LI><a href="#[13e]">&gt;&gt;</a>&nbsp;&nbsp;&nbsp;stdout_putchar
</UL>

<P><STRONG><a name="[353]"></a>ITM_ReceiveChar</STRONG> (Thumb, 26 bytes, Stack size 0 bytes, retarget_io.o(.text), UNUSED)

<P><STRONG><a name="[c]"></a>fputc</STRONG> (Thumb, 26 bytes, Stack size 16 bytes, retarget_io.o(.text))
<BR><BR>[Stack]<UL><LI>Max Depth = 20<LI>Call Chain = fputc &rArr; stdout_putchar
</UL>
<BR>[Calls]<UL><LI><a href="#[13e]">&gt;&gt;</a>&nbsp;&nbsp;&nbsp;stdout_putchar
</UL>
<BR>[Called By]<UL><LI><a href="#[140]">&gt;&gt;</a>&nbsp;&nbsp;&nbsp;fputs
</UL>
<BR>[Address Reference Count : 1]<UL><LI> printf8.o(i.__0printf$8)
</UL>
<P><STRONG><a name="[354]"></a>fgetc</STRONG> (Thumb, 8 bytes, Stack size 0 bytes, retarget_io.o(.text), UNUSED)

<P><STRONG><a name="[355]"></a>__backspace</STRONG> (Thumb, 8 bytes, Stack size 0 bytes, retarget_io.o(.text), UNUSED)

<P><STRONG><a name="[141]"></a>abort</STRONG> (Thumb, 4 bytes, Stack size 0 bytes, retarget_io.o(.text))
<BR><BR>[Called By]<UL><LI><a href="#[fc]">&gt;&gt;</a>&nbsp;&nbsp;&nbsp;__aeabi_assert
</UL>

<P><STRONG><a name="[fc]"></a>__aeabi_assert</STRONG> (Thumb, 110 bytes, Stack size 16 bytes, retarget_io.o(.text))
<BR><BR>[Stack]<UL><LI>Max Depth = 52<LI>Call Chain = __aeabi_assert &rArr; fputs &rArr; fputc &rArr; stdout_putchar
</UL>
<BR>[Calls]<UL><LI><a href="#[141]">&gt;&gt;</a>&nbsp;&nbsp;&nbsp;abort
<LI><a href="#[140]">&gt;&gt;</a>&nbsp;&nbsp;&nbsp;fputs
</UL>
<BR>[Called By]<UL><LI><a href="#[125]">&gt;&gt;</a>&nbsp;&nbsp;&nbsp;I2C_HAL_SendStop
<LI><a href="#[132]">&gt;&gt;</a>&nbsp;&nbsp;&nbsp;GPIO_HAL_SetPinDir
<LI><a href="#[11a]">&gt;&gt;</a>&nbsp;&nbsp;&nbsp;EDMA_HAL_STCDSetBasicTransfer
<LI><a href="#[118]">&gt;&gt;</a>&nbsp;&nbsp;&nbsp;EDMA_HAL_STCDSetHalfCompleteIntCmd
<LI><a href="#[117]">&gt;&gt;</a>&nbsp;&nbsp;&nbsp;EDMA_HAL_STCDSetDisableDmaRequestAfterTCDDoneCmd
<LI><a href="#[116]">&gt;&gt;</a>&nbsp;&nbsp;&nbsp;EDMA_HAL_STCDSetScatterGatherCmd
<LI><a href="#[115]">&gt;&gt;</a>&nbsp;&nbsp;&nbsp;EDMA_HAL_STCDSetChannelMajorLink
<LI><a href="#[114]">&gt;&gt;</a>&nbsp;&nbsp;&nbsp;EDMA_HAL_STCDSetBandwidth
<LI><a href="#[113]">&gt;&gt;</a>&nbsp;&nbsp;&nbsp;GPIO_HAL_ReadPinInput
<LI><a href="#[112]">&gt;&gt;</a>&nbsp;&nbsp;&nbsp;GPIO_HAL_ClearPinOutput
<LI><a href="#[111]">&gt;&gt;</a>&nbsp;&nbsp;&nbsp;GPIO_HAL_SetPinOutput
<LI><a href="#[110]">&gt;&gt;</a>&nbsp;&nbsp;&nbsp;PORT_HAL_SetMuxMode
<LI><a href="#[10f]">&gt;&gt;</a>&nbsp;&nbsp;&nbsp;PORT_HAL_SetOpenDrainCmd
<LI><a href="#[107]">&gt;&gt;</a>&nbsp;&nbsp;&nbsp;ENET_HAL_GetBuffDescripData
<LI><a href="#[106]">&gt;&gt;</a>&nbsp;&nbsp;&nbsp;ENET_HAL_GetBufDescripAttr
<LI><a href="#[103]">&gt;&gt;</a>&nbsp;&nbsp;&nbsp;ENET_HAL_Config
<LI><a href="#[108]">&gt;&gt;</a>&nbsp;&nbsp;&nbsp;ENET_HAL_ClrRxBdAfterHandled
<LI><a href="#[39]">&gt;&gt;</a>&nbsp;&nbsp;&nbsp;Control
<LI><a href="#[f5]">&gt;&gt;</a>&nbsp;&nbsp;&nbsp;GPIO_DRV_ReadPinInput
<LI><a href="#[ef]">&gt;&gt;</a>&nbsp;&nbsp;&nbsp;LED_On
<LI><a href="#[f1]">&gt;&gt;</a>&nbsp;&nbsp;&nbsp;LED_Off
<LI><a href="#[1a6]">&gt;&gt;</a>&nbsp;&nbsp;&nbsp;ENET_HAL_EnDynamicalAct
<LI><a href="#[1a5]">&gt;&gt;</a>&nbsp;&nbsp;&nbsp;ENET_HAL_GetStatus
<LI><a href="#[1a4]">&gt;&gt;</a>&nbsp;&nbsp;&nbsp;ENET_HAL_SetTxBdBeforeSend
<LI><a href="#[197]">&gt;&gt;</a>&nbsp;&nbsp;&nbsp;ENET_HAL_SetRMIIMode
<LI><a href="#[1a3]">&gt;&gt;</a>&nbsp;&nbsp;&nbsp;ENET_HAL_GetMibTxStat
<LI><a href="#[1a2]">&gt;&gt;</a>&nbsp;&nbsp;&nbsp;ENET_HAL_GetMibRxStat
<LI><a href="#[1a1]">&gt;&gt;</a>&nbsp;&nbsp;&nbsp;ENET_HAL_SetFifo
<LI><a href="#[1a0]">&gt;&gt;</a>&nbsp;&nbsp;&nbsp;ENET_HAL_SetTxFifo
<LI><a href="#[19f]">&gt;&gt;</a>&nbsp;&nbsp;&nbsp;ENET_HAL_SetRxFifo
<LI><a href="#[19d]">&gt;&gt;</a>&nbsp;&nbsp;&nbsp;ENET_HAL_Set1588Timer
<LI><a href="#[19c]">&gt;&gt;</a>&nbsp;&nbsp;&nbsp;ENET_HAL_SetRxBuffDescriptors
<LI><a href="#[19b]">&gt;&gt;</a>&nbsp;&nbsp;&nbsp;ENET_HAL_InitRxBuffDescriptors
<LI><a href="#[19a]">&gt;&gt;</a>&nbsp;&nbsp;&nbsp;ENET_HAL_SetTxBuffDescriptors
<LI><a href="#[199]">&gt;&gt;</a>&nbsp;&nbsp;&nbsp;ENET_HAL_InitTxBuffDescriptors
<LI><a href="#[198]">&gt;&gt;</a>&nbsp;&nbsp;&nbsp;ENET_HAL_SetMac
<LI><a href="#[196]">&gt;&gt;</a>&nbsp;&nbsp;&nbsp;ENET_HAL_SetTxInterPacketGap
<LI><a href="#[195]">&gt;&gt;</a>&nbsp;&nbsp;&nbsp;ENET_HAL_SetMacAddr
<LI><a href="#[194]">&gt;&gt;</a>&nbsp;&nbsp;&nbsp;ENET_HAL_SetSMI
<LI><a href="#[193]">&gt;&gt;</a>&nbsp;&nbsp;&nbsp;EDMA_HAL_STCDSetMajorCount
<LI><a href="#[192]">&gt;&gt;</a>&nbsp;&nbsp;&nbsp;EDMA_HAL_STCDSetChannelMinorLink
<LI><a href="#[191]">&gt;&gt;</a>&nbsp;&nbsp;&nbsp;EDMA_HAL_STCDSetMinorLoopOffset
<LI><a href="#[190]">&gt;&gt;</a>&nbsp;&nbsp;&nbsp;EDMA_HAL_STCDSetNbytes
<LI><a href="#[18f]">&gt;&gt;</a>&nbsp;&nbsp;&nbsp;EDMA_HAL_STCDSetAttribute
<LI><a href="#[18e]">&gt;&gt;</a>&nbsp;&nbsp;&nbsp;EDMA_HAL_HTCDGetFinishedBytes
<LI><a href="#[18d]">&gt;&gt;</a>&nbsp;&nbsp;&nbsp;EDMA_HAL_HTCDGetUnfinishedBytes
<LI><a href="#[18c]">&gt;&gt;</a>&nbsp;&nbsp;&nbsp;EDMA_HAL_HTCDGetCurrentMajorCount
<LI><a href="#[18b]">&gt;&gt;</a>&nbsp;&nbsp;&nbsp;EDMA_HAL_HTCDGetBeginMajorCount
<LI><a href="#[18a]">&gt;&gt;</a>&nbsp;&nbsp;&nbsp;EDMA_HAL_HTCDSetMajorCount
<LI><a href="#[189]">&gt;&gt;</a>&nbsp;&nbsp;&nbsp;EDMA_HAL_HTCDSetChannelMinorLink
<LI><a href="#[188]">&gt;&gt;</a>&nbsp;&nbsp;&nbsp;EDMA_HAL_HTCDSetScatterGatherLink
<LI><a href="#[187]">&gt;&gt;</a>&nbsp;&nbsp;&nbsp;EDMA_HAL_HTCDSetMinorLoopOffset
<LI><a href="#[186]">&gt;&gt;</a>&nbsp;&nbsp;&nbsp;EDMA_HAL_HTCDGetNbytes
<LI><a href="#[185]">&gt;&gt;</a>&nbsp;&nbsp;&nbsp;EDMA_HAL_HTCDSetNbytes
<LI><a href="#[184]">&gt;&gt;</a>&nbsp;&nbsp;&nbsp;EDMA_HAL_HTCDSetAttribute
<LI><a href="#[17a]">&gt;&gt;</a>&nbsp;&nbsp;&nbsp;GPIO_HAL_WritePinOutput
<LI><a href="#[179]">&gt;&gt;</a>&nbsp;&nbsp;&nbsp;CLOCK_SYS_EnablePortClock
<LI><a href="#[183]">&gt;&gt;</a>&nbsp;&nbsp;&nbsp;GPIO_DRV_ClearPinIntFlag
<LI><a href="#[182]">&gt;&gt;</a>&nbsp;&nbsp;&nbsp;GPIO_DRV_IsPinIntPending
<LI><a href="#[180]">&gt;&gt;</a>&nbsp;&nbsp;&nbsp;GPIO_DRV_TogglePinOutput
<LI><a href="#[17f]">&gt;&gt;</a>&nbsp;&nbsp;&nbsp;GPIO_DRV_ClearPinOutput
<LI><a href="#[17e]">&gt;&gt;</a>&nbsp;&nbsp;&nbsp;GPIO_DRV_SetPinOutput
<LI><a href="#[17c]">&gt;&gt;</a>&nbsp;&nbsp;&nbsp;GPIO_DRV_GetPinDir
<LI><a href="#[17b]">&gt;&gt;</a>&nbsp;&nbsp;&nbsp;GPIO_DRV_InputPinInit
<LI><a href="#[178]">&gt;&gt;</a>&nbsp;&nbsp;&nbsp;GPIO_DRV_OutputPinInit
<LI><a href="#[177]">&gt;&gt;</a>&nbsp;&nbsp;&nbsp;PORT_HAL_SetDigitalFilterCmd
<LI><a href="#[176]">&gt;&gt;</a>&nbsp;&nbsp;&nbsp;PORT_HAL_SetMuxMode
<LI><a href="#[175]">&gt;&gt;</a>&nbsp;&nbsp;&nbsp;EDMA_HAL_STCDSetScatterGatherLink
<LI><a href="#[170]">&gt;&gt;</a>&nbsp;&nbsp;&nbsp;EDMA_HAL_PushSTCDToHTCD
<LI><a href="#[173]">&gt;&gt;</a>&nbsp;&nbsp;&nbsp;EDMA_DRV_ConfigScatterGatherTransfer
<LI><a href="#[171]">&gt;&gt;</a>&nbsp;&nbsp;&nbsp;EDMA_DRV_ConfigLoopTransfer
<LI><a href="#[16a]">&gt;&gt;</a>&nbsp;&nbsp;&nbsp;EDMA_DRV_ClaimChannel
<LI><a href="#[161]">&gt;&gt;</a>&nbsp;&nbsp;&nbsp;INT_SYS_DisableIRQ
<LI><a href="#[160]">&gt;&gt;</a>&nbsp;&nbsp;&nbsp;INT_SYS_EnableIRQ
<LI><a href="#[15e]">&gt;&gt;</a>&nbsp;&nbsp;&nbsp;DMAMUX_HAL_SetChannelCmd
<LI><a href="#[150]">&gt;&gt;</a>&nbsp;&nbsp;&nbsp;PORT_HAL_SetMuxMode
<LI><a href="#[14f]">&gt;&gt;</a>&nbsp;&nbsp;&nbsp;PORT_HAL_SetDriveStrengthMode
<LI><a href="#[14e]">&gt;&gt;</a>&nbsp;&nbsp;&nbsp;PORT_HAL_SetOpenDrainCmd
<LI><a href="#[14d]">&gt;&gt;</a>&nbsp;&nbsp;&nbsp;PORT_HAL_SetPassiveFilterCmd
<LI><a href="#[14c]">&gt;&gt;</a>&nbsp;&nbsp;&nbsp;PORT_HAL_SetSlewRateMode
<LI><a href="#[14b]">&gt;&gt;</a>&nbsp;&nbsp;&nbsp;PORT_HAL_SetPullCmd
<LI><a href="#[14a]">&gt;&gt;</a>&nbsp;&nbsp;&nbsp;PORT_HAL_SetPullMode
<LI><a href="#[147]">&gt;&gt;</a>&nbsp;&nbsp;&nbsp;CLOCK_SYS_SetConfiguration
<LI><a href="#[145]">&gt;&gt;</a>&nbsp;&nbsp;&nbsp;CLOCK_SYS_RtcOscInit
<LI><a href="#[143]">&gt;&gt;</a>&nbsp;&nbsp;&nbsp;CLOCK_SYS_OscInit
<LI><a href="#[146]">&gt;&gt;</a>&nbsp;&nbsp;&nbsp;BOARD_ClockInit
<LI><a href="#[252]">&gt;&gt;</a>&nbsp;&nbsp;&nbsp;CLOCK_SYS_RtcOscDeinit
<LI><a href="#[250]">&gt;&gt;</a>&nbsp;&nbsp;&nbsp;CLOCK_SYS_OscDeinit
<LI><a href="#[245]">&gt;&gt;</a>&nbsp;&nbsp;&nbsp;CLOCK_SYS_Init
<LI><a href="#[244]">&gt;&gt;</a>&nbsp;&nbsp;&nbsp;CLOCK_SYS_GetUartGateCmd
<LI><a href="#[243]">&gt;&gt;</a>&nbsp;&nbsp;&nbsp;CLOCK_SYS_DisableUartClock
<LI><a href="#[242]">&gt;&gt;</a>&nbsp;&nbsp;&nbsp;CLOCK_SYS_EnableUartClock
<LI><a href="#[241]">&gt;&gt;</a>&nbsp;&nbsp;&nbsp;CLOCK_SYS_GetI2cGateCmd
<LI><a href="#[240]">&gt;&gt;</a>&nbsp;&nbsp;&nbsp;CLOCK_SYS_DisableI2cClock
<LI><a href="#[23f]">&gt;&gt;</a>&nbsp;&nbsp;&nbsp;CLOCK_SYS_EnableI2cClock
<LI><a href="#[23e]">&gt;&gt;</a>&nbsp;&nbsp;&nbsp;CLOCK_SYS_GetSpiGateCmd
<LI><a href="#[23d]">&gt;&gt;</a>&nbsp;&nbsp;&nbsp;CLOCK_SYS_DisableSpiClock
<LI><a href="#[23c]">&gt;&gt;</a>&nbsp;&nbsp;&nbsp;CLOCK_SYS_EnableSpiClock
<LI><a href="#[23b]">&gt;&gt;</a>&nbsp;&nbsp;&nbsp;CLOCK_SYS_GetFtmGateCmd
<LI><a href="#[23a]">&gt;&gt;</a>&nbsp;&nbsp;&nbsp;CLOCK_SYS_DisableFtmClock
<LI><a href="#[239]">&gt;&gt;</a>&nbsp;&nbsp;&nbsp;CLOCK_SYS_EnableFtmClock
<LI><a href="#[238]">&gt;&gt;</a>&nbsp;&nbsp;&nbsp;CLOCK_SYS_GetDacGateCmd
<LI><a href="#[237]">&gt;&gt;</a>&nbsp;&nbsp;&nbsp;CLOCK_SYS_DisableDacClock
<LI><a href="#[236]">&gt;&gt;</a>&nbsp;&nbsp;&nbsp;CLOCK_SYS_EnableDacClock
<LI><a href="#[235]">&gt;&gt;</a>&nbsp;&nbsp;&nbsp;CLOCK_SYS_GetAdcGateCmd
<LI><a href="#[234]">&gt;&gt;</a>&nbsp;&nbsp;&nbsp;CLOCK_SYS_DisableAdcClock
<LI><a href="#[233]">&gt;&gt;</a>&nbsp;&nbsp;&nbsp;CLOCK_SYS_EnableAdcClock
<LI><a href="#[231]">&gt;&gt;</a>&nbsp;&nbsp;&nbsp;CLOCK_SYS_GetPortGateCmd
<LI><a href="#[22f]">&gt;&gt;</a>&nbsp;&nbsp;&nbsp;CLOCK_SYS_DisablePortClock
<LI><a href="#[20f]">&gt;&gt;</a>&nbsp;&nbsp;&nbsp;INT_SYS_InstallHandler
<LI><a href="#[206]">&gt;&gt;</a>&nbsp;&nbsp;&nbsp;OSA_MsgQDestroy
<LI><a href="#[205]">&gt;&gt;</a>&nbsp;&nbsp;&nbsp;OSA_MsgQGet
<LI><a href="#[204]">&gt;&gt;</a>&nbsp;&nbsp;&nbsp;OSA_MsgQPut
<LI><a href="#[203]">&gt;&gt;</a>&nbsp;&nbsp;&nbsp;OSA_MsgQCreate
<LI><a href="#[202]">&gt;&gt;</a>&nbsp;&nbsp;&nbsp;OSA_TaskDestroy
<LI><a href="#[201]">&gt;&gt;</a>&nbsp;&nbsp;&nbsp;OSA_EventDestroy
<LI><a href="#[200]">&gt;&gt;</a>&nbsp;&nbsp;&nbsp;OSA_EventClear
<LI><a href="#[1ff]">&gt;&gt;</a>&nbsp;&nbsp;&nbsp;OSA_EventSet
<LI><a href="#[1fe]">&gt;&gt;</a>&nbsp;&nbsp;&nbsp;OSA_EventGetFlags
<LI><a href="#[1fd]">&gt;&gt;</a>&nbsp;&nbsp;&nbsp;OSA_EventWait
<LI><a href="#[1fc]">&gt;&gt;</a>&nbsp;&nbsp;&nbsp;OSA_EventCreate
<LI><a href="#[1fb]">&gt;&gt;</a>&nbsp;&nbsp;&nbsp;OSA_MutexDestroy
<LI><a href="#[1fa]">&gt;&gt;</a>&nbsp;&nbsp;&nbsp;OSA_MutexUnlock
<LI><a href="#[1f9]">&gt;&gt;</a>&nbsp;&nbsp;&nbsp;OSA_MutexLock
<LI><a href="#[1f8]">&gt;&gt;</a>&nbsp;&nbsp;&nbsp;OSA_MutexCreate
<LI><a href="#[1f7]">&gt;&gt;</a>&nbsp;&nbsp;&nbsp;OSA_SemaDestroy
<LI><a href="#[1f6]">&gt;&gt;</a>&nbsp;&nbsp;&nbsp;OSA_SemaPost
<LI><a href="#[1f2]">&gt;&gt;</a>&nbsp;&nbsp;&nbsp;OSA_SemaWait
<LI><a href="#[1ef]">&gt;&gt;</a>&nbsp;&nbsp;&nbsp;OSA_SemaCreate
<LI><a href="#[1e9]">&gt;&gt;</a>&nbsp;&nbsp;&nbsp;UART_HAL_SetBaudRateDivisor
<LI><a href="#[1e8]">&gt;&gt;</a>&nbsp;&nbsp;&nbsp;SIM_HAL_GetFtmFaultSelMode
<LI><a href="#[1e7]">&gt;&gt;</a>&nbsp;&nbsp;&nbsp;SIM_HAL_SetFtmFaultSelMode
<LI><a href="#[1e6]">&gt;&gt;</a>&nbsp;&nbsp;&nbsp;SIM_HAL_GetFtmChSrcMode
<LI><a href="#[1e5]">&gt;&gt;</a>&nbsp;&nbsp;&nbsp;SIM_HAL_SetFtmChSrcMode
<LI><a href="#[1e4]">&gt;&gt;</a>&nbsp;&nbsp;&nbsp;SIM_HAL_GetFtmExternalClkPinMode
<LI><a href="#[1e3]">&gt;&gt;</a>&nbsp;&nbsp;&nbsp;SIM_HAL_SetFtmExternalClkPinMode
<LI><a href="#[1e2]">&gt;&gt;</a>&nbsp;&nbsp;&nbsp;SIM_HAL_GetFtmTriggerSrcMode
<LI><a href="#[1e1]">&gt;&gt;</a>&nbsp;&nbsp;&nbsp;SIM_HAL_SetFtmTriggerSrcMode
<LI><a href="#[1e0]">&gt;&gt;</a>&nbsp;&nbsp;&nbsp;SIM_HAL_GetUartTxSrcMode
<LI><a href="#[1df]">&gt;&gt;</a>&nbsp;&nbsp;&nbsp;SIM_HAL_SetUartTxSrcMode
<LI><a href="#[1de]">&gt;&gt;</a>&nbsp;&nbsp;&nbsp;SIM_HAL_GetUartRxSrcMode
<LI><a href="#[1dd]">&gt;&gt;</a>&nbsp;&nbsp;&nbsp;SIM_HAL_SetUartRxSrcMode
<LI><a href="#[1dc]">&gt;&gt;</a>&nbsp;&nbsp;&nbsp;SIM_HAL_SetAdcTriggerModeOneStep
<LI><a href="#[1db]">&gt;&gt;</a>&nbsp;&nbsp;&nbsp;SIM_HAL_GetAdcTriggerMode
<LI><a href="#[1da]">&gt;&gt;</a>&nbsp;&nbsp;&nbsp;SIM_HAL_SetAdcTriggerMode
<LI><a href="#[1d9]">&gt;&gt;</a>&nbsp;&nbsp;&nbsp;SIM_HAL_GetAdcPreTriggerMode
<LI><a href="#[1d8]">&gt;&gt;</a>&nbsp;&nbsp;&nbsp;SIM_HAL_SetAdcPreTriggerMode
<LI><a href="#[1d7]">&gt;&gt;</a>&nbsp;&nbsp;&nbsp;SIM_HAL_GetAdcAlternativeTriggerCmd
<LI><a href="#[1d6]">&gt;&gt;</a>&nbsp;&nbsp;&nbsp;SIM_HAL_SetAdcAlternativeTriggerCmd
</UL>

<P><STRONG><a name="[142]"></a>BOARD_InitOsc0</STRONG> (Thumb, 20 bytes, Stack size 24 bytes, board.o(.text))
<BR><BR>[Stack]<UL><LI>Max Depth = 92<LI>Call Chain = BOARD_InitOsc0 &rArr; CLOCK_SYS_OscInit &rArr; __aeabi_assert &rArr; fputs &rArr; fputc &rArr; stdout_putchar
</UL>
<BR>[Calls]<UL><LI><a href="#[143]">&gt;&gt;</a>&nbsp;&nbsp;&nbsp;CLOCK_SYS_OscInit
</UL>
<BR>[Called By]<UL><LI><a href="#[146]">&gt;&gt;</a>&nbsp;&nbsp;&nbsp;BOARD_ClockInit
</UL>

<P><STRONG><a name="[144]"></a>BOARD_InitRtcOsc</STRONG> (Thumb, 22 bytes, Stack size 16 bytes, board.o(.text))
<BR><BR>[Stack]<UL><LI>Max Depth = 92<LI>Call Chain = BOARD_InitRtcOsc &rArr; CLOCK_SYS_RtcOscInit &rArr; __aeabi_assert &rArr; fputs &rArr; fputc &rArr; stdout_putchar
</UL>
<BR>[Calls]<UL><LI><a href="#[145]">&gt;&gt;</a>&nbsp;&nbsp;&nbsp;CLOCK_SYS_RtcOscInit
</UL>
<BR>[Called By]<UL><LI><a href="#[146]">&gt;&gt;</a>&nbsp;&nbsp;&nbsp;BOARD_ClockInit
</UL>

<P><STRONG><a name="[146]"></a>BOARD_ClockInit</STRONG> (Thumb, 72 bytes, Stack size 16 bytes, board.o(.text))
<BR><BR>[Stack]<UL><LI>Max Depth = 144<LI>Call Chain = BOARD_ClockInit &rArr; CLOCK_SYS_SetConfiguration &rArr; CLOCK_SYS_SetMcgMode &rArr; CLOCK_HAL_SetPbeMode &rArr; CLOCK_HAL_GetMcgMode
</UL>
<BR>[Calls]<UL><LI><a href="#[fc]">&gt;&gt;</a>&nbsp;&nbsp;&nbsp;__aeabi_assert
<LI><a href="#[147]">&gt;&gt;</a>&nbsp;&nbsp;&nbsp;CLOCK_SYS_SetConfiguration
<LI><a href="#[144]">&gt;&gt;</a>&nbsp;&nbsp;&nbsp;BOARD_InitRtcOsc
<LI><a href="#[142]">&gt;&gt;</a>&nbsp;&nbsp;&nbsp;BOARD_InitOsc0
</UL>
<BR>[Called By]<UL><LI><a href="#[dd]">&gt;&gt;</a>&nbsp;&nbsp;&nbsp;hardware_init
</UL>

<P><STRONG><a name="[e3]"></a>dbg_uart_init</STRONG> (Thumb, 22 bytes, Stack size 8 bytes, board.o(.text))
<BR><BR>[Stack]<UL><LI>Max Depth = 156<LI>Call Chain = dbg_uart_init &rArr; DbgConsole_Init &rArr; CLOCK_SYS_GetUartFreq &rArr; CLOCK_SYS_GetBusClockFreq &rArr; CLOCK_HAL_GetOutClk &rArr; CLOCK_HAL_GetFllClk &rArr; CLOCK_HAL_GetFllRefClk &rArr; CLOCK_HAL_TestFllExternalRefFreq
</UL>
<BR>[Calls]<UL><LI><a href="#[148]">&gt;&gt;</a>&nbsp;&nbsp;&nbsp;configure_uart_pins
<LI><a href="#[149]">&gt;&gt;</a>&nbsp;&nbsp;&nbsp;DbgConsole_Init
</UL>
<BR>[Called By]<UL><LI><a href="#[dd]">&gt;&gt;</a>&nbsp;&nbsp;&nbsp;hardware_init
<LI><a href="#[1]">&gt;&gt;</a>&nbsp;&nbsp;&nbsp;main
</UL>

<P><STRONG><a name="[151]"></a>configure_can_pins</STRONG> (Thumb, 26 bytes, Stack size 8 bytes, pin_mux.o(.text), UNUSED)
<BR><BR>[Calls]<UL><LI><a href="#[150]">&gt;&gt;</a>&nbsp;&nbsp;&nbsp;PORT_HAL_SetMuxMode
</UL>

<P><STRONG><a name="[152]"></a>configure_cmp_pins</STRONG> (Thumb, 42 bytes, Stack size 8 bytes, pin_mux.o(.text), UNUSED)
<BR><BR>[Calls]<UL><LI><a href="#[150]">&gt;&gt;</a>&nbsp;&nbsp;&nbsp;PORT_HAL_SetMuxMode
</UL>

<P><STRONG><a name="[153]"></a>configure_enet_pins</STRONG> (Thumb, 176 bytes, Stack size 8 bytes, pin_mux.o(.text))
<BR><BR>[Stack]<UL><LI>Max Depth = 76<LI>Call Chain = configure_enet_pins &rArr; PORT_HAL_SetMuxMode &rArr; __aeabi_assert &rArr; fputs &rArr; fputc &rArr; stdout_putchar
</UL>
<BR>[Calls]<UL><LI><a href="#[150]">&gt;&gt;</a>&nbsp;&nbsp;&nbsp;PORT_HAL_SetMuxMode
<LI><a href="#[14e]">&gt;&gt;</a>&nbsp;&nbsp;&nbsp;PORT_HAL_SetOpenDrainCmd
<LI><a href="#[14b]">&gt;&gt;</a>&nbsp;&nbsp;&nbsp;PORT_HAL_SetPullCmd
<LI><a href="#[14a]">&gt;&gt;</a>&nbsp;&nbsp;&nbsp;PORT_HAL_SetPullMode
</UL>
<BR>[Called By]<UL><LI><a href="#[dd]">&gt;&gt;</a>&nbsp;&nbsp;&nbsp;hardware_init
</UL>

<P><STRONG><a name="[154]"></a>configure_gpio_pins</STRONG> (Thumb, 266 bytes, Stack size 8 bytes, pin_mux.o(.text))
<BR><BR>[Stack]<UL><LI>Max Depth = 76<LI>Call Chain = configure_gpio_pins &rArr; PORT_HAL_SetMuxMode &rArr; __aeabi_assert &rArr; fputs &rArr; fputc &rArr; stdout_putchar
</UL>
<BR>[Calls]<UL><LI><a href="#[150]">&gt;&gt;</a>&nbsp;&nbsp;&nbsp;PORT_HAL_SetMuxMode
<LI><a href="#[14f]">&gt;&gt;</a>&nbsp;&nbsp;&nbsp;PORT_HAL_SetDriveStrengthMode
<LI><a href="#[14d]">&gt;&gt;</a>&nbsp;&nbsp;&nbsp;PORT_HAL_SetPassiveFilterCmd
<LI><a href="#[14c]">&gt;&gt;</a>&nbsp;&nbsp;&nbsp;PORT_HAL_SetSlewRateMode
<LI><a href="#[14b]">&gt;&gt;</a>&nbsp;&nbsp;&nbsp;PORT_HAL_SetPullCmd
<LI><a href="#[14a]">&gt;&gt;</a>&nbsp;&nbsp;&nbsp;PORT_HAL_SetPullMode
</UL>
<BR>[Called By]<UL><LI><a href="#[dd]">&gt;&gt;</a>&nbsp;&nbsp;&nbsp;hardware_init
</UL>

<P><STRONG><a name="[155]"></a>configure_i2c_pins</STRONG> (Thumb, 102 bytes, Stack size 8 bytes, pin_mux.o(.text))
<BR><BR>[Stack]<UL><LI>Max Depth = 76<LI>Call Chain = configure_i2c_pins &rArr; PORT_HAL_SetMuxMode &rArr; __aeabi_assert &rArr; fputs &rArr; fputc &rArr; stdout_putchar
</UL>
<BR>[Calls]<UL><LI><a href="#[150]">&gt;&gt;</a>&nbsp;&nbsp;&nbsp;PORT_HAL_SetMuxMode
<LI><a href="#[14e]">&gt;&gt;</a>&nbsp;&nbsp;&nbsp;PORT_HAL_SetOpenDrainCmd
</UL>
<BR>[Called By]<UL><LI><a href="#[dd]">&gt;&gt;</a>&nbsp;&nbsp;&nbsp;hardware_init
</UL>

<P><STRONG><a name="[156]"></a>configure_i2s_pins</STRONG> (Thumb, 76 bytes, Stack size 8 bytes, pin_mux.o(.text), UNUSED)
<BR><BR>[Calls]<UL><LI><a href="#[150]">&gt;&gt;</a>&nbsp;&nbsp;&nbsp;PORT_HAL_SetMuxMode
</UL>

<P><STRONG><a name="[157]"></a>configure_rtc_pins</STRONG> (Thumb, 16 bytes, Stack size 8 bytes, pin_mux.o(.text), UNUSED)
<BR><BR>[Calls]<UL><LI><a href="#[150]">&gt;&gt;</a>&nbsp;&nbsp;&nbsp;PORT_HAL_SetMuxMode
</UL>

<P><STRONG><a name="[158]"></a>configure_sdhc_pins</STRONG> (Thumb, 284 bytes, Stack size 8 bytes, pin_mux.o(.text), UNUSED)
<BR><BR>[Calls]<UL><LI><a href="#[150]">&gt;&gt;</a>&nbsp;&nbsp;&nbsp;PORT_HAL_SetMuxMode
<LI><a href="#[14f]">&gt;&gt;</a>&nbsp;&nbsp;&nbsp;PORT_HAL_SetDriveStrengthMode
<LI><a href="#[14b]">&gt;&gt;</a>&nbsp;&nbsp;&nbsp;PORT_HAL_SetPullCmd
<LI><a href="#[14a]">&gt;&gt;</a>&nbsp;&nbsp;&nbsp;PORT_HAL_SetPullMode
</UL>

<P><STRONG><a name="[159]"></a>configure_spi_pins</STRONG> (Thumb, 102 bytes, Stack size 8 bytes, pin_mux.o(.text), UNUSED)
<BR><BR>[Calls]<UL><LI><a href="#[150]">&gt;&gt;</a>&nbsp;&nbsp;&nbsp;PORT_HAL_SetMuxMode
</UL>

<P><STRONG><a name="[148]"></a>configure_uart_pins</STRONG> (Thumb, 62 bytes, Stack size 8 bytes, pin_mux.o(.text))
<BR><BR>[Stack]<UL><LI>Max Depth = 76<LI>Call Chain = configure_uart_pins &rArr; PORT_HAL_SetMuxMode &rArr; __aeabi_assert &rArr; fputs &rArr; fputc &rArr; stdout_putchar
</UL>
<BR>[Calls]<UL><LI><a href="#[150]">&gt;&gt;</a>&nbsp;&nbsp;&nbsp;PORT_HAL_SetMuxMode
</UL>
<BR>[Called By]<UL><LI><a href="#[e3]">&gt;&gt;</a>&nbsp;&nbsp;&nbsp;dbg_uart_init
</UL>

<P><STRONG><a name="[15a]"></a>configure_spi_cs0_pins</STRONG> (Thumb, 16 bytes, Stack size 8 bytes, pin_mux.o(.text), UNUSED)
<BR><BR>[Calls]<UL><LI><a href="#[150]">&gt;&gt;</a>&nbsp;&nbsp;&nbsp;PORT_HAL_SetMuxMode
</UL>

<P><STRONG><a name="[15b]"></a>configure_spi_cs1_pins</STRONG> (Thumb, 16 bytes, Stack size 8 bytes, pin_mux.o(.text), UNUSED)
<BR><BR>[Calls]<UL><LI><a href="#[150]">&gt;&gt;</a>&nbsp;&nbsp;&nbsp;PORT_HAL_SetMuxMode
</UL>

<P><STRONG><a name="[15c]"></a>configure_gpio_i2c_pins</STRONG> (Thumb, 26 bytes, Stack size 8 bytes, pin_mux.o(.text), UNUSED)
<BR><BR>[Calls]<UL><LI><a href="#[150]">&gt;&gt;</a>&nbsp;&nbsp;&nbsp;PORT_HAL_SetMuxMode
</UL>

<P><STRONG><a name="[15d]"></a>configure_ftm_pins</STRONG> (Thumb, 24 bytes, Stack size 8 bytes, pin_mux.o(.text), UNUSED)
<BR><BR>[Calls]<UL><LI><a href="#[150]">&gt;&gt;</a>&nbsp;&nbsp;&nbsp;PORT_HAL_SetMuxMode
</UL>

<P><STRONG><a name="[a]"></a>init_data_bss</STRONG> (Thumb, 54 bytes, Stack size 0 bytes, startup.o(.text))
<BR>[Address Reference Count : 1]<UL><LI> startup_mk64f12.o(.text)
</UL>
<P><STRONG><a name="[162]"></a>EDMA_DRV_Init</STRONG> (Thumb, 180 bytes, Stack size 32 bytes, fsl_edma_driver.o(.text), UNUSED)
<BR><BR>[Calls]<UL><LI><a href="#[164]">&gt;&gt;</a>&nbsp;&nbsp;&nbsp;EDMA_HAL_Init
<LI><a href="#[165]">&gt;&gt;</a>&nbsp;&nbsp;&nbsp;DMAMUX_HAL_Init
<LI><a href="#[160]">&gt;&gt;</a>&nbsp;&nbsp;&nbsp;INT_SYS_EnableIRQ
<LI><a href="#[163]">&gt;&gt;</a>&nbsp;&nbsp;&nbsp;SIM_HAL_EnableClock
<LI><a href="#[11f]">&gt;&gt;</a>&nbsp;&nbsp;&nbsp;__aeabi_memclr4
</UL>

<P><STRONG><a name="[166]"></a>EDMA_DRV_ReleaseChannel</STRONG> (Thumb, 76 bytes, Stack size 24 bytes, fsl_edma_driver.o(.text), UNUSED)
<BR><BR>[Calls]<UL><LI><a href="#[167]">&gt;&gt;</a>&nbsp;&nbsp;&nbsp;EDMA_HAL_SetDmaRequestCmd
</UL>
<BR>[Called By]<UL><LI><a href="#[168]">&gt;&gt;</a>&nbsp;&nbsp;&nbsp;EDMA_DRV_Deinit
</UL>

<P><STRONG><a name="[168]"></a>EDMA_DRV_Deinit</STRONG> (Thumb, 112 bytes, Stack size 24 bytes, fsl_edma_driver.o(.text), UNUSED)
<BR><BR>[Calls]<UL><LI><a href="#[166]">&gt;&gt;</a>&nbsp;&nbsp;&nbsp;EDMA_DRV_ReleaseChannel
<LI><a href="#[161]">&gt;&gt;</a>&nbsp;&nbsp;&nbsp;INT_SYS_DisableIRQ
<LI><a href="#[169]">&gt;&gt;</a>&nbsp;&nbsp;&nbsp;SIM_HAL_DisableClock
</UL>

<P><STRONG><a name="[121]"></a>EDMA_DRV_InstallCallback</STRONG> (Thumb, 10 bytes, Stack size 0 bytes, fsl_edma_driver.o(.text))
<BR><BR>[Called By]<UL><LI><a href="#[11e]">&gt;&gt;</a>&nbsp;&nbsp;&nbsp;I2C_Initialize
</UL>

<P><STRONG><a name="[120]"></a>EDMA_DRV_RequestChannel</STRONG> (Thumb, 344 bytes, Stack size 32 bytes, fsl_edma_driver.o(.text))
<BR><BR>[Stack]<UL><LI>Max Depth = 164<LI>Call Chain = EDMA_DRV_RequestChannel &rArr; EDMA_DRV_ClaimChannel &rArr; DMAMUX_HAL_SetChannelCmd &rArr; __aeabi_assert &rArr; fputs &rArr; fputc &rArr; stdout_putchar
</UL>
<BR>[Calls]<UL><LI><a href="#[16a]">&gt;&gt;</a>&nbsp;&nbsp;&nbsp;EDMA_DRV_ClaimChannel
</UL>
<BR>[Called By]<UL><LI><a href="#[11e]">&gt;&gt;</a>&nbsp;&nbsp;&nbsp;I2C_Initialize
</UL>

<P><STRONG><a name="[16d]"></a>EDMA_DRV_IRQHandler</STRONG> (Thumb, 38 bytes, Stack size 16 bytes, fsl_edma_driver.o(.text))
<BR><BR>[Stack]<UL><LI>Max Depth = 28<LI>Call Chain = EDMA_DRV_IRQHandler &rArr; EDMA_DRV_ClearIntStatus
</UL>
<BR>[Calls]<UL><LI><a href="#[16e]">&gt;&gt;</a>&nbsp;&nbsp;&nbsp;EDMA_DRV_ClearIntStatus
</UL>
<BR>[Called By]<UL><LI><a href="#[7f]">&gt;&gt;</a>&nbsp;&nbsp;&nbsp;DMA15_IRQHandler
<LI><a href="#[7e]">&gt;&gt;</a>&nbsp;&nbsp;&nbsp;DMA14_IRQHandler
<LI><a href="#[7d]">&gt;&gt;</a>&nbsp;&nbsp;&nbsp;DMA13_IRQHandler
<LI><a href="#[7c]">&gt;&gt;</a>&nbsp;&nbsp;&nbsp;DMA12_IRQHandler
<LI><a href="#[7b]">&gt;&gt;</a>&nbsp;&nbsp;&nbsp;DMA11_IRQHandler
<LI><a href="#[7a]">&gt;&gt;</a>&nbsp;&nbsp;&nbsp;DMA10_IRQHandler
<LI><a href="#[79]">&gt;&gt;</a>&nbsp;&nbsp;&nbsp;DMA9_IRQHandler
<LI><a href="#[78]">&gt;&gt;</a>&nbsp;&nbsp;&nbsp;DMA8_IRQHandler
<LI><a href="#[77]">&gt;&gt;</a>&nbsp;&nbsp;&nbsp;DMA7_IRQHandler
<LI><a href="#[76]">&gt;&gt;</a>&nbsp;&nbsp;&nbsp;DMA6_IRQHandler
<LI><a href="#[75]">&gt;&gt;</a>&nbsp;&nbsp;&nbsp;DMA5_IRQHandler
<LI><a href="#[74]">&gt;&gt;</a>&nbsp;&nbsp;&nbsp;DMA4_IRQHandler
<LI><a href="#[73]">&gt;&gt;</a>&nbsp;&nbsp;&nbsp;DMA3_IRQHandler
<LI><a href="#[72]">&gt;&gt;</a>&nbsp;&nbsp;&nbsp;DMA2_IRQHandler
<LI><a href="#[71]">&gt;&gt;</a>&nbsp;&nbsp;&nbsp;DMA1_IRQHandler
<LI><a href="#[70]">&gt;&gt;</a>&nbsp;&nbsp;&nbsp;DMA0_IRQHandler
</UL>

<P><STRONG><a name="[16f]"></a>EDMA_DRV_ErrorIRQHandler</STRONG> (Thumb, 108 bytes, Stack size 32 bytes, fsl_edma_driver.o(.text), UNUSED)
<BR><BR>[Calls]<UL><LI><a href="#[167]">&gt;&gt;</a>&nbsp;&nbsp;&nbsp;EDMA_HAL_SetDmaRequestCmd
<LI><a href="#[16e]">&gt;&gt;</a>&nbsp;&nbsp;&nbsp;EDMA_DRV_ClearIntStatus
</UL>

<P><STRONG><a name="[128]"></a>EDMA_DRV_PushDescriptorToReg</STRONG> (Thumb, 46 bytes, Stack size 24 bytes, fsl_edma_driver.o(.text))
<BR><BR>[Stack]<UL><LI>Max Depth = 92<LI>Call Chain = EDMA_DRV_PushDescriptorToReg &rArr; EDMA_HAL_PushSTCDToHTCD &rArr; __aeabi_assert &rArr; fputs &rArr; fputc &rArr; stdout_putchar
</UL>
<BR>[Calls]<UL><LI><a href="#[170]">&gt;&gt;</a>&nbsp;&nbsp;&nbsp;EDMA_HAL_PushSTCDToHTCD
<LI><a href="#[16c]">&gt;&gt;</a>&nbsp;&nbsp;&nbsp;EDMA_HAL_HTCDClearReg
</UL>
<BR>[Called By]<UL><LI><a href="#[12b]">&gt;&gt;</a>&nbsp;&nbsp;&nbsp;I2C_MasterReceive
<LI><a href="#[127]">&gt;&gt;</a>&nbsp;&nbsp;&nbsp;I2C_MasterTransmit
<LI><a href="#[173]">&gt;&gt;</a>&nbsp;&nbsp;&nbsp;EDMA_DRV_ConfigScatterGatherTransfer
<LI><a href="#[171]">&gt;&gt;</a>&nbsp;&nbsp;&nbsp;EDMA_DRV_ConfigLoopTransfer
</UL>

<P><STRONG><a name="[171]"></a>EDMA_DRV_ConfigLoopTransfer</STRONG> (Thumb, 350 bytes, Stack size 96 bytes, fsl_edma_driver.o(.text), UNUSED)
<BR><BR>[Calls]<UL><LI><a href="#[128]">&gt;&gt;</a>&nbsp;&nbsp;&nbsp;EDMA_DRV_PushDescriptorToReg
<LI><a href="#[fc]">&gt;&gt;</a>&nbsp;&nbsp;&nbsp;__aeabi_assert
<LI><a href="#[172]">&gt;&gt;</a>&nbsp;&nbsp;&nbsp;EDMA_DRV_PrepareDescriptorScatterGather
<LI><a href="#[15f]">&gt;&gt;</a>&nbsp;&nbsp;&nbsp;EDMA_DRV_PrepareDescriptorTransfer
<LI><a href="#[11f]">&gt;&gt;</a>&nbsp;&nbsp;&nbsp;__aeabi_memclr4
</UL>

<P><STRONG><a name="[173]"></a>EDMA_DRV_ConfigScatterGatherTransfer</STRONG> (Thumb, 390 bytes, Stack size 160 bytes, fsl_edma_driver.o(.text), UNUSED)
<BR><BR>[Calls]<UL><LI><a href="#[128]">&gt;&gt;</a>&nbsp;&nbsp;&nbsp;EDMA_DRV_PushDescriptorToReg
<LI><a href="#[fc]">&gt;&gt;</a>&nbsp;&nbsp;&nbsp;__aeabi_assert
<LI><a href="#[172]">&gt;&gt;</a>&nbsp;&nbsp;&nbsp;EDMA_DRV_PrepareDescriptorScatterGather
<LI><a href="#[15f]">&gt;&gt;</a>&nbsp;&nbsp;&nbsp;EDMA_DRV_PrepareDescriptorTransfer
<LI><a href="#[11f]">&gt;&gt;</a>&nbsp;&nbsp;&nbsp;__aeabi_memclr4
</UL>

<P><STRONG><a name="[129]"></a>EDMA_DRV_StartChannel</STRONG> (Thumb, 58 bytes, Stack size 24 bytes, fsl_edma_driver.o(.text))
<BR><BR>[Stack]<UL><LI>Max Depth = 24<LI>Call Chain = EDMA_DRV_StartChannel
</UL>
<BR>[Calls]<UL><LI><a href="#[167]">&gt;&gt;</a>&nbsp;&nbsp;&nbsp;EDMA_HAL_SetDmaRequestCmd
</UL>
<BR>[Called By]<UL><LI><a href="#[12b]">&gt;&gt;</a>&nbsp;&nbsp;&nbsp;I2C_MasterReceive
<LI><a href="#[127]">&gt;&gt;</a>&nbsp;&nbsp;&nbsp;I2C_MasterTransmit
</UL>

<P><STRONG><a name="[174]"></a>EDMA_DRV_StopChannel</STRONG> (Thumb, 36 bytes, Stack size 24 bytes, fsl_edma_driver.o(.text), UNUSED)
<BR><BR>[Calls]<UL><LI><a href="#[167]">&gt;&gt;</a>&nbsp;&nbsp;&nbsp;EDMA_HAL_SetDmaRequestCmd
</UL>

<P><STRONG><a name="[70]"></a>DMA0_IRQHandler</STRONG> (Thumb, 10 bytes, Stack size 8 bytes, fsl_edma_irq.o(.text))
<BR><BR>[Stack]<UL><LI>Max Depth = 36<LI>Call Chain = DMA0_IRQHandler &rArr; EDMA_DRV_IRQHandler &rArr; EDMA_DRV_ClearIntStatus
</UL>
<BR>[Calls]<UL><LI><a href="#[16d]">&gt;&gt;</a>&nbsp;&nbsp;&nbsp;EDMA_DRV_IRQHandler
</UL>
<BR>[Address Reference Count : 1]<UL><LI> startup_mk64f12.o(RESET)
</UL>
<P><STRONG><a name="[71]"></a>DMA1_IRQHandler</STRONG> (Thumb, 10 bytes, Stack size 8 bytes, fsl_edma_irq.o(.text))
<BR><BR>[Stack]<UL><LI>Max Depth = 36<LI>Call Chain = DMA1_IRQHandler &rArr; EDMA_DRV_IRQHandler &rArr; EDMA_DRV_ClearIntStatus
</UL>
<BR>[Calls]<UL><LI><a href="#[16d]">&gt;&gt;</a>&nbsp;&nbsp;&nbsp;EDMA_DRV_IRQHandler
</UL>
<BR>[Address Reference Count : 1]<UL><LI> startup_mk64f12.o(RESET)
</UL>
<P><STRONG><a name="[72]"></a>DMA2_IRQHandler</STRONG> (Thumb, 10 bytes, Stack size 8 bytes, fsl_edma_irq.o(.text))
<BR><BR>[Stack]<UL><LI>Max Depth = 36<LI>Call Chain = DMA2_IRQHandler &rArr; EDMA_DRV_IRQHandler &rArr; EDMA_DRV_ClearIntStatus
</UL>
<BR>[Calls]<UL><LI><a href="#[16d]">&gt;&gt;</a>&nbsp;&nbsp;&nbsp;EDMA_DRV_IRQHandler
</UL>
<BR>[Address Reference Count : 1]<UL><LI> startup_mk64f12.o(RESET)
</UL>
<P><STRONG><a name="[73]"></a>DMA3_IRQHandler</STRONG> (Thumb, 10 bytes, Stack size 8 bytes, fsl_edma_irq.o(.text))
<BR><BR>[Stack]<UL><LI>Max Depth = 36<LI>Call Chain = DMA3_IRQHandler &rArr; EDMA_DRV_IRQHandler &rArr; EDMA_DRV_ClearIntStatus
</UL>
<BR>[Calls]<UL><LI><a href="#[16d]">&gt;&gt;</a>&nbsp;&nbsp;&nbsp;EDMA_DRV_IRQHandler
</UL>
<BR>[Address Reference Count : 1]<UL><LI> startup_mk64f12.o(RESET)
</UL>
<P><STRONG><a name="[74]"></a>DMA4_IRQHandler</STRONG> (Thumb, 10 bytes, Stack size 8 bytes, fsl_edma_irq.o(.text))
<BR><BR>[Stack]<UL><LI>Max Depth = 36<LI>Call Chain = DMA4_IRQHandler &rArr; EDMA_DRV_IRQHandler &rArr; EDMA_DRV_ClearIntStatus
</UL>
<BR>[Calls]<UL><LI><a href="#[16d]">&gt;&gt;</a>&nbsp;&nbsp;&nbsp;EDMA_DRV_IRQHandler
</UL>
<BR>[Address Reference Count : 1]<UL><LI> startup_mk64f12.o(RESET)
</UL>
<P><STRONG><a name="[75]"></a>DMA5_IRQHandler</STRONG> (Thumb, 10 bytes, Stack size 8 bytes, fsl_edma_irq.o(.text))
<BR><BR>[Stack]<UL><LI>Max Depth = 36<LI>Call Chain = DMA5_IRQHandler &rArr; EDMA_DRV_IRQHandler &rArr; EDMA_DRV_ClearIntStatus
</UL>
<BR>[Calls]<UL><LI><a href="#[16d]">&gt;&gt;</a>&nbsp;&nbsp;&nbsp;EDMA_DRV_IRQHandler
</UL>
<BR>[Address Reference Count : 1]<UL><LI> startup_mk64f12.o(RESET)
</UL>
<P><STRONG><a name="[76]"></a>DMA6_IRQHandler</STRONG> (Thumb, 10 bytes, Stack size 8 bytes, fsl_edma_irq.o(.text))
<BR><BR>[Stack]<UL><LI>Max Depth = 36<LI>Call Chain = DMA6_IRQHandler &rArr; EDMA_DRV_IRQHandler &rArr; EDMA_DRV_ClearIntStatus
</UL>
<BR>[Calls]<UL><LI><a href="#[16d]">&gt;&gt;</a>&nbsp;&nbsp;&nbsp;EDMA_DRV_IRQHandler
</UL>
<BR>[Address Reference Count : 1]<UL><LI> startup_mk64f12.o(RESET)
</UL>
<P><STRONG><a name="[77]"></a>DMA7_IRQHandler</STRONG> (Thumb, 10 bytes, Stack size 8 bytes, fsl_edma_irq.o(.text))
<BR><BR>[Stack]<UL><LI>Max Depth = 36<LI>Call Chain = DMA7_IRQHandler &rArr; EDMA_DRV_IRQHandler &rArr; EDMA_DRV_ClearIntStatus
</UL>
<BR>[Calls]<UL><LI><a href="#[16d]">&gt;&gt;</a>&nbsp;&nbsp;&nbsp;EDMA_DRV_IRQHandler
</UL>
<BR>[Address Reference Count : 1]<UL><LI> startup_mk64f12.o(RESET)
</UL>
<P><STRONG><a name="[78]"></a>DMA8_IRQHandler</STRONG> (Thumb, 10 bytes, Stack size 8 bytes, fsl_edma_irq.o(.text))
<BR><BR>[Stack]<UL><LI>Max Depth = 36<LI>Call Chain = DMA8_IRQHandler &rArr; EDMA_DRV_IRQHandler &rArr; EDMA_DRV_ClearIntStatus
</UL>
<BR>[Calls]<UL><LI><a href="#[16d]">&gt;&gt;</a>&nbsp;&nbsp;&nbsp;EDMA_DRV_IRQHandler
</UL>
<BR>[Address Reference Count : 1]<UL><LI> startup_mk64f12.o(RESET)
</UL>
<P><STRONG><a name="[79]"></a>DMA9_IRQHandler</STRONG> (Thumb, 10 bytes, Stack size 8 bytes, fsl_edma_irq.o(.text))
<BR><BR>[Stack]<UL><LI>Max Depth = 36<LI>Call Chain = DMA9_IRQHandler &rArr; EDMA_DRV_IRQHandler &rArr; EDMA_DRV_ClearIntStatus
</UL>
<BR>[Calls]<UL><LI><a href="#[16d]">&gt;&gt;</a>&nbsp;&nbsp;&nbsp;EDMA_DRV_IRQHandler
</UL>
<BR>[Address Reference Count : 1]<UL><LI> startup_mk64f12.o(RESET)
</UL>
<P><STRONG><a name="[7a]"></a>DMA10_IRQHandler</STRONG> (Thumb, 10 bytes, Stack size 8 bytes, fsl_edma_irq.o(.text))
<BR><BR>[Stack]<UL><LI>Max Depth = 36<LI>Call Chain = DMA10_IRQHandler &rArr; EDMA_DRV_IRQHandler &rArr; EDMA_DRV_ClearIntStatus
</UL>
<BR>[Calls]<UL><LI><a href="#[16d]">&gt;&gt;</a>&nbsp;&nbsp;&nbsp;EDMA_DRV_IRQHandler
</UL>
<BR>[Address Reference Count : 1]<UL><LI> startup_mk64f12.o(RESET)
</UL>
<P><STRONG><a name="[7b]"></a>DMA11_IRQHandler</STRONG> (Thumb, 10 bytes, Stack size 8 bytes, fsl_edma_irq.o(.text))
<BR><BR>[Stack]<UL><LI>Max Depth = 36<LI>Call Chain = DMA11_IRQHandler &rArr; EDMA_DRV_IRQHandler &rArr; EDMA_DRV_ClearIntStatus
</UL>
<BR>[Calls]<UL><LI><a href="#[16d]">&gt;&gt;</a>&nbsp;&nbsp;&nbsp;EDMA_DRV_IRQHandler
</UL>
<BR>[Address Reference Count : 1]<UL><LI> startup_mk64f12.o(RESET)
</UL>
<P><STRONG><a name="[7c]"></a>DMA12_IRQHandler</STRONG> (Thumb, 10 bytes, Stack size 8 bytes, fsl_edma_irq.o(.text))
<BR><BR>[Stack]<UL><LI>Max Depth = 36<LI>Call Chain = DMA12_IRQHandler &rArr; EDMA_DRV_IRQHandler &rArr; EDMA_DRV_ClearIntStatus
</UL>
<BR>[Calls]<UL><LI><a href="#[16d]">&gt;&gt;</a>&nbsp;&nbsp;&nbsp;EDMA_DRV_IRQHandler
</UL>
<BR>[Address Reference Count : 1]<UL><LI> startup_mk64f12.o(RESET)
</UL>
<P><STRONG><a name="[7d]"></a>DMA13_IRQHandler</STRONG> (Thumb, 10 bytes, Stack size 8 bytes, fsl_edma_irq.o(.text))
<BR><BR>[Stack]<UL><LI>Max Depth = 36<LI>Call Chain = DMA13_IRQHandler &rArr; EDMA_DRV_IRQHandler &rArr; EDMA_DRV_ClearIntStatus
</UL>
<BR>[Calls]<UL><LI><a href="#[16d]">&gt;&gt;</a>&nbsp;&nbsp;&nbsp;EDMA_DRV_IRQHandler
</UL>
<BR>[Address Reference Count : 1]<UL><LI> startup_mk64f12.o(RESET)
</UL>
<P><STRONG><a name="[7e]"></a>DMA14_IRQHandler</STRONG> (Thumb, 10 bytes, Stack size 8 bytes, fsl_edma_irq.o(.text))
<BR><BR>[Stack]<UL><LI>Max Depth = 36<LI>Call Chain = DMA14_IRQHandler &rArr; EDMA_DRV_IRQHandler &rArr; EDMA_DRV_ClearIntStatus
</UL>
<BR>[Calls]<UL><LI><a href="#[16d]">&gt;&gt;</a>&nbsp;&nbsp;&nbsp;EDMA_DRV_IRQHandler
</UL>
<BR>[Address Reference Count : 1]<UL><LI> startup_mk64f12.o(RESET)
</UL>
<P><STRONG><a name="[7f]"></a>DMA15_IRQHandler</STRONG> (Thumb, 10 bytes, Stack size 8 bytes, fsl_edma_irq.o(.text))
<BR><BR>[Stack]<UL><LI>Max Depth = 36<LI>Call Chain = DMA15_IRQHandler &rArr; EDMA_DRV_IRQHandler &rArr; EDMA_DRV_ClearIntStatus
</UL>
<BR>[Calls]<UL><LI><a href="#[16d]">&gt;&gt;</a>&nbsp;&nbsp;&nbsp;EDMA_DRV_IRQHandler
</UL>
<BR>[Address Reference Count : 1]<UL><LI> startup_mk64f12.o(RESET)
</UL>
<P><STRONG><a name="[178]"></a>GPIO_DRV_OutputPinInit</STRONG> (Thumb, 192 bytes, Stack size 40 bytes, fsl_gpio_driver.o(.text))
[...]
<BR><BR>[Stack]<UL><LI>Max Depth = 224<LI>Call Chain = dhcp_listener &rArr; dhcp_send_message &rArr; udp_send &rArr; ip_send_frame &rArr; eth_send_frame &rArr; arp_cache_find &rArr; arp_send_request &rArr; mem_free
</UL>
<BR>[Calls]<UL><LI><a href="#[d7]">&gt;&gt;</a>&nbsp;&nbsp;&nbsp;dhcp_client_notify
<LI><a href="#[28c]">&gt;&gt;</a>&nbsp;&nbsp;&nbsp;arp_notify
<LI><a href="#[29d]">&gt;&gt;</a>&nbsp;&nbsp;&nbsp;proc_opt_sel
<LI><a href="#[29e]">&gt;&gt;</a>&nbsp;&nbsp;&nbsp;proc_opt_req
<LI><a href="#[29f]">&gt;&gt;</a>&nbsp;&nbsp;&nbsp;proc_opt_renew
<LI><a href="#[29c]">&gt;&gt;</a>&nbsp;&nbsp;&nbsp;dhcp_send_message
</UL>
<BR>[Address Reference Count : 1]<UL><LI> net_dhcp_client.o(i.dhcp_client_init)
</UL>
<P><STRONG><a name="[29c]"></a>dhcp_send_message</STRONG> (Thumb, 494 bytes, Stack size 40 bytes, net_dhcp_client.o(i.dhcp_send_message))
<BR><BR>[Stack]<UL><LI>Max Depth = 184<LI>Call Chain = dhcp_send_message &rArr; udp_send &rArr; ip_send_frame &rArr; eth_send_frame &rArr; arp_cache_find &rArr; arp_send_request &rArr; mem_free
</UL>
<BR>[Calls]<UL><LI><a href="#[2a1]">&gt;&gt;</a>&nbsp;&nbsp;&nbsp;str_copy
<LI><a href="#[274]">&gt;&gt;</a>&nbsp;&nbsp;&nbsp;__aeabi_memclr
<LI><a href="#[2a2]">&gt;&gt;</a>&nbsp;&nbsp;&nbsp;udp_send
<LI><a href="#[2a0]">&gt;&gt;</a>&nbsp;&nbsp;&nbsp;udp_get_buf
</UL>
<BR>[Called By]<UL><LI><a href="#[e]">&gt;&gt;</a>&nbsp;&nbsp;&nbsp;dhcp_listener
<LI><a href="#[26f]">&gt;&gt;</a>&nbsp;&nbsp;&nbsp;dhcp_client_run
</UL>

<P><STRONG><a name="[29f]"></a>proc_opt_renew</STRONG> (Thumb, 130 bytes, Stack size 12 bytes, net_dhcp_client.o(i.proc_opt_renew))
<BR><BR>[Stack]<UL><LI>Max Depth = 12<LI>Call Chain = proc_opt_renew
</UL>
<BR>[Called By]<UL><LI><a href="#[e]">&gt;&gt;</a>&nbsp;&nbsp;&nbsp;dhcp_listener
</UL>

<P><STRONG><a name="[29e]"></a>proc_opt_req</STRONG> (Thumb, 224 bytes, Stack size 24 bytes, net_dhcp_client.o(i.proc_opt_req))
<BR><BR>[Stack]<UL><LI>Max Depth = 80<LI>Call Chain = proc_opt_req &rArr; dhcp_client_notify &rArr; ip4_ntoa &rArr; __2sprintf
</UL>
<BR>[Calls]<UL><LI><a href="#[d7]">&gt;&gt;</a>&nbsp;&nbsp;&nbsp;dhcp_client_notify
</UL>
<BR>[Called By]<UL><LI><a href="#[e]">&gt;&gt;</a>&nbsp;&nbsp;&nbsp;dhcp_listener
</UL>

<P><STRONG><a name="[29d]"></a>proc_opt_sel</STRONG> (Thumb, 42 bytes, Stack size 0 bytes, net_dhcp_client.o(i.proc_opt_sel))
<BR><BR>[Called By]<UL><LI><a href="#[e]">&gt;&gt;</a>&nbsp;&nbsp;&nbsp;dhcp_listener
</UL>

<P><STRONG><a name="[283]"></a>add_server_id</STRONG> (Thumb, 16 bytes, Stack size 0 bytes, net_http_server.o(i.add_server_id))
<BR><BR>[Stack]<UL><LI>Max Depth = 24<LI>Call Chain = add_server_id &rArr; __2sprintf
</UL>
<BR>[Calls]<UL><LI><a href="#[d9]">&gt;&gt;</a>&nbsp;&nbsp;&nbsp;__2sprintf
</UL>
<BR>[Called By]<UL><LI><a href="#[2b5]">&gt;&gt;</a>&nbsp;&nbsp;&nbsp;http_error_msg
<LI><a href="#[2b1]">&gt;&gt;</a>&nbsp;&nbsp;&nbsp;http_add_header
</UL>

<P><STRONG><a name="[293]"></a>chk_post_req</STRONG> (Thumb, 258 bytes, Stack size 24 bytes, net_http_server.o(i.chk_post_req))
<BR><BR>[Stack]<UL><LI>Max Depth = 112<LI>Call Chain = chk_post_req &rArr; atoi &rArr; strtol &rArr; _strtoul
</UL>
<BR>[Calls]<UL><LI><a href="#[295]">&gt;&gt;</a>&nbsp;&nbsp;&nbsp;str_scomp
<LI><a href="#[296]">&gt;&gt;</a>&nbsp;&nbsp;&nbsp;http_strcpy
<LI><a href="#[297]">&gt;&gt;</a>&nbsp;&nbsp;&nbsp;get_next_par
<LI><a href="#[298]">&gt;&gt;</a>&nbsp;&nbsp;&nbsp;get_next_field
<LI><a href="#[294]">&gt;&gt;</a>&nbsp;&nbsp;&nbsp;cmp_header
<LI><a href="#[291]">&gt;&gt;</a>&nbsp;&nbsp;&nbsp;mem_alloc
<LI><a href="#[277]">&gt;&gt;</a>&nbsp;&nbsp;&nbsp;atoi
</UL>
<BR>[Called By]<UL><LI><a href="#[10]">&gt;&gt;</a>&nbsp;&nbsp;&nbsp;http_listener
</UL>

<P><STRONG><a name="[2b8]"></a>cmp_fname_ext</STRONG> (Thumb, 30 bytes, Stack size 0 bytes, net_http_server.o(i.cmp_fname_ext))
<BR><BR>[Called By]<UL><LI><a href="#[2b7]">&gt;&gt;</a>&nbsp;&nbsp;&nbsp;http_get_ftype
</UL>

<P><STRONG><a name="[294]"></a>cmp_header</STRONG> (Thumb, 40 bytes, Stack size 8 bytes, net_http_server.o(i.cmp_header))
<BR><BR>[Stack]<UL><LI>Max Depth = 8<LI>Call Chain = cmp_header
</UL>
<BR>[Called By]<UL><LI><a href="#[2c2]">&gt;&gt;</a>&nbsp;&nbsp;&nbsp;http_proc_multipart
<LI><a href="#[2be]">&gt;&gt;</a>&nbsp;&nbsp;&nbsp;http_proc_header
<LI><a href="#[293]">&gt;&gt;</a>&nbsp;&nbsp;&nbsp;chk_post_req
</UL>

<P><STRONG><a name="[298]"></a>get_next_field</STRONG> (Thumb, 40 bytes, Stack size 0 bytes, net_http_server.o(i.get_next_field))
<BR><BR>[Called By]<UL><LI><a href="#[2c2]">&gt;&gt;</a>&nbsp;&nbsp;&nbsp;http_proc_multipart
<LI><a href="#[2be]">&gt;&gt;</a>&nbsp;&nbsp;&nbsp;http_proc_header
<LI><a href="#[293]">&gt;&gt;</a>&nbsp;&nbsp;&nbsp;chk_post_req
</UL>

<P><STRONG><a name="[297]"></a>get_next_par</STRONG> (Thumb, 50 bytes, Stack size 0 bytes, net_http_server.o(i.get_next_par))
<BR><BR>[Called By]<UL><LI><a href="#[2c2]">&gt;&gt;</a>&nbsp;&nbsp;&nbsp;http_proc_multipart
<LI><a href="#[293]">&gt;&gt;</a>&nbsp;&nbsp;&nbsp;chk_post_req
</UL>

<P><STRONG><a name="[2b6]"></a>hex2byte</STRONG> (Thumb, 18 bytes, Stack size 0 bytes, net_http_server.o(i.hex2byte))
<BR><BR>[Called By]<UL><LI><a href="#[ec]">&gt;&gt;</a>&nbsp;&nbsp;&nbsp;http_get_env_var
</UL>

<P><STRONG><a name="[2b1]"></a>http_add_header</STRONG> (Thumb, 280 bytes, Stack size 24 bytes, net_http_server.o(i.http_add_header))
<BR><BR>[Stack]<UL><LI>Max Depth = 88<LI>Call Chain = http_add_header &rArr; utc_to_http &rArr; __2sprintf
</UL>
<BR>[Calls]<UL><LI><a href="#[2b3]">&gt;&gt;</a>&nbsp;&nbsp;&nbsp;http_encoding
<LI><a href="#[2b2]">&gt;&gt;</a>&nbsp;&nbsp;&nbsp;cgx_content_type
<LI><a href="#[295]">&gt;&gt;</a>&nbsp;&nbsp;&nbsp;str_scomp
<LI><a href="#[2b4]">&gt;&gt;</a>&nbsp;&nbsp;&nbsp;utc_to_http
<LI><a href="#[283]">&gt;&gt;</a>&nbsp;&nbsp;&nbsp;add_server_id
<LI><a href="#[2a1]">&gt;&gt;</a>&nbsp;&nbsp;&nbsp;str_copy
<LI><a href="#[d9]">&gt;&gt;</a>&nbsp;&nbsp;&nbsp;__2sprintf
</UL>
<BR>[Called By]<UL><LI><a href="#[26e]">&gt;&gt;</a>&nbsp;&nbsp;&nbsp;http_server_run
</UL>

<P><STRONG><a name="[2b5]"></a>http_error_msg</STRONG> (Thumb, 166 bytes, Stack size 24 bytes, net_http_server.o(i.http_error_msg))
<BR><BR>[Stack]<UL><LI>Max Depth = 48<LI>Call Chain = http_error_msg &rArr; add_server_id &rArr; __2sprintf
</UL>
<BR>[Calls]<UL><LI><a href="#[283]">&gt;&gt;</a>&nbsp;&nbsp;&nbsp;add_server_id
<LI><a href="#[2a1]">&gt;&gt;</a>&nbsp;&nbsp;&nbsp;str_copy
<LI><a href="#[d9]">&gt;&gt;</a>&nbsp;&nbsp;&nbsp;__2sprintf
</UL>
<BR>[Called By]<UL><LI><a href="#[26e]">&gt;&gt;</a>&nbsp;&nbsp;&nbsp;http_server_run
</UL>

<P><STRONG><a name="[2b7]"></a>http_get_ftype</STRONG> (Thumb, 106 bytes, Stack size 24 bytes, net_http_server.o(i.http_get_ftype))
<BR><BR>[Stack]<UL><LI>Max Depth = 24<LI>Call Chain = http_get_ftype
</UL>
<BR>[Calls]<UL><LI><a href="#[2b9]">&gt;&gt;</a>&nbsp;&nbsp;&nbsp;cgi_content_type
<LI><a href="#[2b8]">&gt;&gt;</a>&nbsp;&nbsp;&nbsp;cmp_fname_ext
</UL>
<BR>[Called By]<UL><LI><a href="#[10]">&gt;&gt;</a>&nbsp;&nbsp;&nbsp;http_listener
</UL>

<P><STRONG><a name="[2ba]"></a>http_kill_session</STRONG> (Thumb, 94 bytes, Stack size 16 bytes, net_http_server.o(i.http_kill_session))
<BR><BR>[Stack]<UL><LI>Max Depth = 96<LI>Call Chain = http_kill_session &rArr; cgi_process_data &rArr; http_get_env_var
</UL>
<BR>[Calls]<UL><LI><a href="#[ed]">&gt;&gt;</a>&nbsp;&nbsp;&nbsp;cgi_process_data
<LI><a href="#[2bb]">&gt;&gt;</a>&nbsp;&nbsp;&nbsp;http_server_fclose
<LI><a href="#[292]">&gt;&gt;</a>&nbsp;&nbsp;&nbsp;mem_free
</UL>
<BR>[Called By]<UL><LI><a href="#[10]">&gt;&gt;</a>&nbsp;&nbsp;&nbsp;http_listener
<LI><a href="#[26e]">&gt;&gt;</a>&nbsp;&nbsp;&nbsp;http_server_run
</UL>

<P><STRONG><a name="[10]"></a>http_listener</STRONG> (Thumb, 500 bytes, Stack size 32 bytes, net_http_server.o(i.http_listener))
<BR><BR>[Stack]<UL><LI>Max Depth = 184<LI>Call Chain = http_listener &rArr; http_proc_header &rArr; http_to_utc &rArr; atoi &rArr; strtol &rArr; _strtoul
</UL>
<BR>[Calls]<UL><LI><a href="#[eb]">&gt;&gt;</a>&nbsp;&nbsp;&nbsp;cgi_process_query
<LI><a href="#[2bc]">&gt;&gt;</a>&nbsp;&nbsp;&nbsp;http_accept_client
<LI><a href="#[295]">&gt;&gt;</a>&nbsp;&nbsp;&nbsp;str_scomp
<LI><a href="#[2c1]">&gt;&gt;</a>&nbsp;&nbsp;&nbsp;read_script_line
<LI><a href="#[2bd]">&gt;&gt;</a>&nbsp;&nbsp;&nbsp;proc_req_line
<LI><a href="#[2c0]">&gt;&gt;</a>&nbsp;&nbsp;&nbsp;http_proc_post
<LI><a href="#[2c2]">&gt;&gt;</a>&nbsp;&nbsp;&nbsp;http_proc_multipart
<LI><a href="#[2be]">&gt;&gt;</a>&nbsp;&nbsp;&nbsp;http_proc_header
<LI><a href="#[2bf]">&gt;&gt;</a>&nbsp;&nbsp;&nbsp;http_open_file
<LI><a href="#[2ba]">&gt;&gt;</a>&nbsp;&nbsp;&nbsp;http_kill_session
<LI><a href="#[2b7]">&gt;&gt;</a>&nbsp;&nbsp;&nbsp;http_get_ftype
<LI><a href="#[293]">&gt;&gt;</a>&nbsp;&nbsp;&nbsp;chk_post_req
<LI><a href="#[291]">&gt;&gt;</a>&nbsp;&nbsp;&nbsp;mem_alloc
</UL>
<BR>[Address Reference Count : 1]<UL><LI> net_http_server.o(i.http_server_init)
</UL>
<P><STRONG><a name="[2bf]"></a>http_open_file</STRONG> (Thumb, 212 bytes, Stack size 24 bytes, net_http_server.o(i.http_open_file))
<BR><BR>[Stack]<UL><LI>Max Depth = 48<LI>Call Chain = http_open_file &rArr; imageFileInfo
</UL>
<BR>[Calls]<UL><LI><a href="#[f2]">&gt;&gt;</a>&nbsp;&nbsp;&nbsp;imageFileInfo
<LI><a href="#[2c3]">&gt;&gt;</a>&nbsp;&nbsp;&nbsp;http_file_access
<LI><a href="#[2c5]">&gt;&gt;</a>&nbsp;&nbsp;&nbsp;http_server_ftime
<LI><a href="#[2c4]">&gt;&gt;</a>&nbsp;&nbsp;&nbsp;http_server_fopen
</UL>
<BR>[Called By]<UL><LI><a href="#[10]">&gt;&gt;</a>&nbsp;&nbsp;&nbsp;http_listener
<LI><a href="#[26e]">&gt;&gt;</a>&nbsp;&nbsp;&nbsp;http_server_run
</UL>

<P><STRONG><a name="[2be]"></a>http_proc_header</STRONG> (Thumb, 258 bytes, Stack size 32 bytes, net_http_server.o(i.http_proc_header))
<BR><BR>[Stack]<UL><LI>Max Depth = 152<LI>Call Chain = http_proc_header &rArr; http_to_utc &rArr; atoi &rArr; strtol &rArr; _strtoul
</UL>
<BR>[Calls]<UL><LI><a href="#[2c9]">&gt;&gt;</a>&nbsp;&nbsp;&nbsp;http_check_account
<LI><a href="#[2c7]">&gt;&gt;</a>&nbsp;&nbsp;&nbsp;str_pos
<LI><a href="#[2c6]">&gt;&gt;</a>&nbsp;&nbsp;&nbsp;b64_to_asc
<LI><a href="#[2ca]">&gt;&gt;</a>&nbsp;&nbsp;&nbsp;http_to_utc
<LI><a href="#[298]">&gt;&gt;</a>&nbsp;&nbsp;&nbsp;get_next_field
<LI><a href="#[294]">&gt;&gt;</a>&nbsp;&nbsp;&nbsp;cmp_header
<LI><a href="#[2c8]">&gt;&gt;</a>&nbsp;&nbsp;&nbsp;strcmp
</UL>
<BR>[Called By]<UL><LI><a href="#[10]">&gt;&gt;</a>&nbsp;&nbsp;&nbsp;http_listener
</UL>

<P><STRONG><a name="[2c2]"></a>http_proc_multipart</STRONG> (Thumb, 336 bytes, Stack size 24 bytes, net_http_server.o(i.http_proc_multipart))
<BR><BR>[Stack]<UL><LI>Max Depth = 104<LI>Call Chain = http_proc_multipart &rArr; cgi_process_data &rArr; http_get_env_var
</UL>
<BR>[Calls]<UL><LI><a href="#[ed]">&gt;&gt;</a>&nbsp;&nbsp;&nbsp;cgi_process_data
<LI><a href="#[295]">&gt;&gt;</a>&nbsp;&nbsp;&nbsp;str_scomp
<LI><a href="#[2cb]">&gt;&gt;</a>&nbsp;&nbsp;&nbsp;search_delim
<LI><a href="#[297]">&gt;&gt;</a>&nbsp;&nbsp;&nbsp;get_next_par
<LI><a href="#[298]">&gt;&gt;</a>&nbsp;&nbsp;&nbsp;get_next_field
<LI><a href="#[294]">&gt;&gt;</a>&nbsp;&nbsp;&nbsp;cmp_header
</UL>
<BR>[Called By]<UL><LI><a href="#[10]">&gt;&gt;</a>&nbsp;&nbsp;&nbsp;http_listener
</UL>

<P><STRONG><a name="[2c0]"></a>http_proc_post</STRONG> (Thumb, 236 bytes, Stack size 24 bytes, net_http_server.o(i.http_proc_post))
<BR><BR>[Stack]<UL><LI>Max Depth = 104<LI>Call Chain = http_proc_post &rArr; cgi_process_data &rArr; http_get_env_var
</UL>
<BR>[Calls]<UL><LI><a href="#[ed]">&gt;&gt;</a>&nbsp;&nbsp;&nbsp;cgi_process_data
<LI><a href="#[2cc]">&gt;&gt;</a>&nbsp;&nbsp;&nbsp;__aeabi_memcpy
<LI><a href="#[292]">&gt;&gt;</a>&nbsp;&nbsp;&nbsp;mem_free
<LI><a href="#[291]">&gt;&gt;</a>&nbsp;&nbsp;&nbsp;mem_alloc
</UL>
<BR>[Called By]<UL><LI><a href="#[10]">&gt;&gt;</a>&nbsp;&nbsp;&nbsp;http_listener
</UL>

<P><STRONG><a name="[296]"></a>http_strcpy</STRONG> (Thumb, 32 bytes, Stack size 8 bytes, net_http_server.o(i.http_strcpy))
<BR><BR>[Stack]<UL><LI>Max Depth = 8<LI>Call Chain = http_strcpy
</UL>
<BR>[Called By]<UL><LI><a href="#[293]">&gt;&gt;</a>&nbsp;&nbsp;&nbsp;chk_post_req
<LI><a href="#[26e]">&gt;&gt;</a>&nbsp;&nbsp;&nbsp;http_server_run
</UL>

<P><STRONG><a name="[2ca]"></a>http_to_utc</STRONG> (Thumb, 160 bytes, Stack size 32 bytes, net_http_server.o(i.http_to_utc))
<BR><BR>[Stack]<UL><LI>Max Depth = 120<LI>Call Chain = http_to_utc &rArr; atoi &rArr; strtol &rArr; _strtoul
</UL>
<BR>[Calls]<UL><LI><a href="#[295]">&gt;&gt;</a>&nbsp;&nbsp;&nbsp;str_scomp
<LI><a href="#[277]">&gt;&gt;</a>&nbsp;&nbsp;&nbsp;atoi
</UL>
<BR>[Called By]<UL><LI><a href="#[2be]">&gt;&gt;</a>&nbsp;&nbsp;&nbsp;http_proc_header
</UL>

<P><STRONG><a name="[2bd]"></a>proc_req_line</STRONG> (Thumb, 36 bytes, Stack size 0 bytes, net_http_server.o(i.proc_req_line))
<BR><BR>[Called By]<UL><LI><a href="#[10]">&gt;&gt;</a>&nbsp;&nbsp;&nbsp;http_listener
</UL>

<P><STRONG><a name="[2c1]"></a>read_script_line</STRONG> (Thumb, 160 bytes, Stack size 16 bytes, net_http_server.o(i.read_script_line))
<BR><BR>[Stack]<UL><LI>Max Depth = 16<LI>Call Chain = read_script_line
</UL>
<BR>[Calls]<UL><LI><a href="#[f0]">&gt;&gt;</a>&nbsp;&nbsp;&nbsp;strlen
<LI><a href="#[2fd]">&gt;&gt;</a>&nbsp;&nbsp;&nbsp;http_server_fgets
</UL>
<BR>[Called By]<UL><LI><a href="#[10]">&gt;&gt;</a>&nbsp;&nbsp;&nbsp;http_listener
<LI><a href="#[26e]">&gt;&gt;</a>&nbsp;&nbsp;&nbsp;http_server_run
</UL>

<P><STRONG><a name="[2cb]"></a>search_delim</STRONG> (Thumb, 72 bytes, Stack size 16 bytes, net_http_server.o(i.search_delim))
<BR><BR>[Stack]<UL><LI>Max Depth = 16<LI>Call Chain = search_delim
</UL>
<BR>[Calls]<UL><LI><a href="#[295]">&gt;&gt;</a>&nbsp;&nbsp;&nbsp;str_scomp
</UL>
<BR>[Called By]<UL><LI><a href="#[2c2]">&gt;&gt;</a>&nbsp;&nbsp;&nbsp;http_proc_multipart
</UL>

<P><STRONG><a name="[2b4]"></a>utc_to_http</STRONG> (Thumb, 196 bytes, Stack size 40 bytes, net_http_server.o(i.utc_to_http))
<BR><BR>[Stack]<UL><LI>Max Depth = 64<LI>Call Chain = utc_to_http &rArr; __2sprintf
</UL>
<BR>[Calls]<UL><LI><a href="#[d9]">&gt;&gt;</a>&nbsp;&nbsp;&nbsp;__2sprintf
</UL>
<BR>[Called By]<UL><LI><a href="#[2b1]">&gt;&gt;</a>&nbsp;&nbsp;&nbsp;http_add_header
</UL>

<P><STRONG><a name="[65]"></a>net_timer_tick</STRONG> (Thumb, 14 bytes, Stack size 0 bytes, net_sys.o(i.net_timer_tick))
<BR>[Address Reference Count : 1]<UL><LI> net_sys.o(.constdata)
</UL>
<P><STRONG><a name="[30d]"></a>rt_init_context</STRONG> (Thumb, 66 bytes, Stack size 16 bytes, rt_task.o(i.rt_init_context))
<BR><BR>[Stack]<UL><LI>Max Depth = 32<LI>Call Chain = rt_init_context &rArr; rt_init_stack
</UL>
<BR>[Calls]<UL><LI><a href="#[30e]">&gt;&gt;</a>&nbsp;&nbsp;&nbsp;rt_init_stack
<LI><a href="#[2]">&gt;&gt;</a>&nbsp;&nbsp;&nbsp;rt_alloc_box
</UL>
<BR>[Called By]<UL><LI><a href="#[323]">&gt;&gt;</a>&nbsp;&nbsp;&nbsp;rt_tsk_create
<LI><a href="#[31c]">&gt;&gt;</a>&nbsp;&nbsp;&nbsp;rt_sys_init
</UL>

<P><STRONG><a name="[318]"></a>rt_ret_regs</STRONG> (Thumb, 16 bytes, Stack size 0 bytes, hal_cm.o(i.rt_ret_regs))
<BR><BR>[Called By]<UL><LI><a href="#[30a]">&gt;&gt;</a>&nbsp;&nbsp;&nbsp;rt_ret_val2
<LI><a href="#[310]">&gt;&gt;</a>&nbsp;&nbsp;&nbsp;rt_ret_val
</UL>

<P><STRONG><a name="[287]"></a>arp_cache_alloc</STRONG> (Thumb, 132 bytes, Stack size 20 bytes, net_arp.o(i.arp_cache_alloc))
<BR><BR>[Stack]<UL><LI>Max Depth = 20<LI>Call Chain = arp_cache_alloc
</UL>
<BR>[Called By]<UL><LI><a href="#[28a]">&gt;&gt;</a>&nbsp;&nbsp;&nbsp;arp_cache_find
<LI><a href="#[288]">&gt;&gt;</a>&nbsp;&nbsp;&nbsp;arp_cache_early
<LI><a href="#[284]">&gt;&gt;</a>&nbsp;&nbsp;&nbsp;arp_cache_add
</UL>

<P><STRONG><a name="[285]"></a>arp_is_cacheable</STRONG> (Thumb, 54 bytes, Stack size 0 bytes, net_arp.o(i.arp_is_cacheable))
<BR><BR>[Called By]<UL><LI><a href="#[288]">&gt;&gt;</a>&nbsp;&nbsp;&nbsp;arp_cache_early
<LI><a href="#[284]">&gt;&gt;</a>&nbsp;&nbsp;&nbsp;arp_cache_add
</UL>

<P><STRONG><a name="[290]"></a>arp_proc_response</STRONG> (Thumb, 110 bytes, Stack size 20 bytes, net_arp.o(i.arp_proc_response))
<BR><BR>[Stack]<UL><LI>Max Depth = 20<LI>Call Chain = arp_proc_response
</UL>
<BR>[Called By]<UL><LI><a href="#[28e]">&gt;&gt;</a>&nbsp;&nbsp;&nbsp;arp_process
</UL>

<P><STRONG><a name="[28f]"></a>arp_send_reply</STRONG> (Thumb, 134 bytes, Stack size 16 bytes, net_arp.o(i.arp_send_reply))
<BR><BR>[Stack]<UL><LI>Max Depth = 32<LI>Call Chain = arp_send_reply &rArr; mem_free
</UL>
<BR>[Calls]<UL><LI><a href="#[292]">&gt;&gt;</a>&nbsp;&nbsp;&nbsp;mem_free
<LI><a href="#[291]">&gt;&gt;</a>&nbsp;&nbsp;&nbsp;mem_alloc
</UL>
<BR>[Called By]<UL><LI><a href="#[28e]">&gt;&gt;</a>&nbsp;&nbsp;&nbsp;arp_process
</UL>

<P><STRONG><a name="[289]"></a>arp_send_request</STRONG> (Thumb, 178 bytes, Stack size 24 bytes, net_arp.o(i.arp_send_request))
<BR><BR>[Stack]<UL><LI>Max Depth = 40<LI>Call Chain = arp_send_request &rArr; mem_free
</UL>
<BR>[Calls]<UL><LI><a href="#[292]">&gt;&gt;</a>&nbsp;&nbsp;&nbsp;mem_free
<LI><a href="#[291]">&gt;&gt;</a>&nbsp;&nbsp;&nbsp;mem_alloc
</UL>
<BR>[Called By]<UL><LI><a href="#[28d]">&gt;&gt;</a>&nbsp;&nbsp;&nbsp;arp_probe
<LI><a href="#[28c]">&gt;&gt;</a>&nbsp;&nbsp;&nbsp;arp_notify
<LI><a href="#[28b]">&gt;&gt;</a>&nbsp;&nbsp;&nbsp;arp_cache_update
<LI><a href="#[28a]">&gt;&gt;</a>&nbsp;&nbsp;&nbsp;arp_cache_find
<LI><a href="#[288]">&gt;&gt;</a>&nbsp;&nbsp;&nbsp;arp_cache_early
</UL>

<P><STRONG><a name="[2ef]"></a>mem_lock</STRONG> (Thumb, 12 bytes, Stack size 0 bytes, net_mem.o(i.mem_lock))
<BR><BR>[Calls]<UL><LI><a href="#[2f4]">&gt;&gt;</a>&nbsp;&nbsp;&nbsp;osMutexWait
</UL>
<BR>[Called By]<UL><LI><a href="#[2f5]">&gt;&gt;</a>&nbsp;&nbsp;&nbsp;mem_resize
<LI><a href="#[292]">&gt;&gt;</a>&nbsp;&nbsp;&nbsp;mem_free
<LI><a href="#[291]">&gt;&gt;</a>&nbsp;&nbsp;&nbsp;mem_alloc
</UL>

<P><STRONG><a name="[2f0]"></a>mem_unlock</STRONG> (Thumb, 8 bytes, Stack size 0 bytes, net_mem.o(i.mem_unlock))
<BR><BR>[Calls]<UL><LI><a href="#[2f6]">&gt;&gt;</a>&nbsp;&nbsp;&nbsp;osMutexRelease
</UL>
<BR>[Called By]<UL><LI><a href="#[2f5]">&gt;&gt;</a>&nbsp;&nbsp;&nbsp;mem_resize
<LI><a href="#[292]">&gt;&gt;</a>&nbsp;&nbsp;&nbsp;mem_free
<LI><a href="#[291]">&gt;&gt;</a>&nbsp;&nbsp;&nbsp;mem_alloc
</UL>

<P><STRONG><a name="[2f1]"></a>get_crc32</STRONG> (Thumb, 24 bytes, Stack size 0 bytes, net_common.o(i.get_crc32))
<BR><BR>[Called By]<UL><LI><a href="#[2a7]">&gt;&gt;</a>&nbsp;&nbsp;&nbsp;mem_crc32
</UL>

<P><STRONG><a name="[27f]"></a>_printf_core</STRONG> (Thumb, 996 bytes, Stack size 104 bytes, printf8.o(i._printf_core), UNUSED)
<BR><BR>[Calls]<UL><LI><a href="#[281]">&gt;&gt;</a>&nbsp;&nbsp;&nbsp;_printf_pre_padding
<LI><a href="#[282]">&gt;&gt;</a>&nbsp;&nbsp;&nbsp;_printf_post_padding
<LI><a href="#[271]">&gt;&gt;</a>&nbsp;&nbsp;&nbsp;__aeabi_uldivmod
</UL>
<BR>[Called By]<UL><LI><a href="#[280]">&gt;&gt;</a>&nbsp;&nbsp;&nbsp;__0sprintf$8
<LI><a href="#[27e]">&gt;&gt;</a>&nbsp;&nbsp;&nbsp;__0printf$8
</UL>

<P><STRONG><a name="[282]"></a>_printf_post_padding</STRONG> (Thumb, 36 bytes, Stack size 24 bytes, printf8.o(i._printf_post_padding), UNUSED)
<BR><BR>[Called By]<UL><LI><a href="#[27f]">&gt;&gt;</a>&nbsp;&nbsp;&nbsp;_printf_core
</UL>

<P><STRONG><a name="[281]"></a>_printf_pre_padding</STRONG> (Thumb, 46 bytes, Stack size 24 bytes, printf8.o(i._printf_pre_padding), UNUSED)
<BR><BR>[Called By]<UL><LI><a href="#[27f]">&gt;&gt;</a>&nbsp;&nbsp;&nbsp;_printf_core
</UL>

<P><STRONG><a name="[d]"></a>_sputc</STRONG> (Thumb, 10 bytes, Stack size 0 bytes, printf8.o(i._sputc))
<BR><BR>[Called By]<UL><LI><a href="#[280]">&gt;&gt;</a>&nbsp;&nbsp;&nbsp;__0sprintf$8
</UL>
<BR>[Address Reference Count : 1]<UL><LI> printf8.o(i.__0sprintf$8)
</UL><P>
<H3>
Undefined Global Symbols
</H3><HR></body></html>
