FCARM FILE CONVERTER V2.54                                                              04/05/2016  19:08:28  PAGE 1


FCARM FILE CONVERTER V2.54, INVOKED BY:
C:\KEIL_V5\ARM\BIN\FCARM.EXE ~graph.html, ~index.htm, ~jquery.min.js.gz, ~smoothie.js.gz, ~loc.cgx TO web.c RTE PRINT RO
>> OT (Web) 


INPUT FILE: graph.html
  File type  = HTML CODE
  Input size = 3145 bytes
  Optimization OFF
+---------------------------------------------------------------------------------------------------------------------+
<html>
<head>
<script type="text/javascript" src="smoothie.js.gz"></script>
<script type="text/javascript" src="jquery.min.js.gz"></script>
<style>
html *
{
   font-family: Verdana  !important;
}
</style>
</head>
<body>
<h2>Magnetometer Realtime Data</h2>
<table>
<td>
<canvas id="magcanvas" width="600" height="200"></canvas>
</td>
<td>
<p style="color:red">x</p>
<p style="color:green">y</p>
<p style="color:blue">z</p>
</td>
</table>
</br>
<h2>Accelerometer Realtime Data</h2>
<table>
<td>
<canvas id="acccanvas" width="600" height="200"></canvas>
</td>
<td>
<p style="color:red">x</p>
<p style="color:green">y</p>
<p style="color:blue">z</p>
</td>
</table>
<p>
Update Interval in milliseconds:
<input id="updateInterval" type="text" value="" style="text-align: right; width:5em">
</p>

<script>


   var updateInterval = 300;
   $("#updateInterval").val(updateInterval).change(function () {
~var v = $(this).val();
~if (v && !isNaN(+v)) {
~  updateInterval = +v;
~    if (updateInterval < 1) {
~~~updateInterval = 1;
~~} else if (updateInterval > 2000) {
~~~updateInterval = 2000;
~~}
~~$(this).val("" + updateInterval);
~~}
~});
FCARM FILE CONVERTER V2.54                                                            04/05/2016  19:08:28  PAGE 2




  var smoothie_mag = new SmoothieChart({scaleSmoothing:0.01,maxValue:800,minValue:-800});
  var smoothie_acc = new SmoothieChart({scaleSmoothing:0.01,maxValue:2000,minValue:-2000});
  smoothie_mag.streamTo(document.getElementById("magcanvas"), 10);
  smoothie_acc.streamTo(document.getElementById("acccanvas"), 10);
  
   // Data
   var linex = new TimeSeries();
   var liney = new TimeSeries();
   var linez = new TimeSeries();
   var lineax = new TimeSeries();
   var lineay = new TimeSeries();
   var lineaz = new TimeSeries();

   
  // Add a random value to each line every x milliseconds
   var timer_callback = function(){ 
   clearInterval(interval);
   $.getJSON("loc.cgx", function(loc) { 
~    linex.append(new Date().getTime(), loc.x);~~
~~liney.append(new Date().getTime(), loc.y);    
~~linez.append(new Date().getTime(), loc.z);    
        lineax.append(new Date().getTime(), loc.ax);~~
~~lineay.append(new Date().getTime(), loc.ay);    
~~lineaz.append(new Date().getTime(), loc.az);    
~~});
~~interval = setInterval(timer_callback, updateInterval);
   };
   var interval = setInterval(timer_callback, updateInterval);
   
   
   

  // Add to SmoothieChart
  smoothie_mag.addTimeSeries(linex, { strokeStyle:'rgb(0, 255, 0)', fillStyle:'rgba(0, 255, 0, 0.4)', lineWidth:2 });
  smoothie_mag.addTimeSeries(liney, { strokeStyle:'rgb(0, 0, 255)', fillStyle:'rgba(0, 0, 255, 0.4)', lineWidth:2 });
  smoothie_mag.addTimeSeries(linez, { strokeStyle:'rgb(255, 0, 0)', fillStyle:'rgba(255, 0, 0, 0.4)', lineWidth:2 });
  smoothie_acc.addTimeSeries(lineax, { strokeStyle:'rgb(55, 255, 0)', fillStyle:'rgba(55, 255, 0, 0.4)', lineWidth:2 })
;
  smoothie_acc.addTimeSeries(lineay, { strokeStyle:'rgb(0, 55, 255)', fillStyle:'rgba(0, 55, 255, 0.4)', lineWidth:2 })
;
  smoothie_acc.addTimeSeries(lineaz, { strokeStyle:'rgb(255, 0, 55)', fillStyle:'rgba(255, 0, 55, 0.4)', lineWidth:2 })
;
</script>
</body>
+---------------------------------------------------------------------------------------------------------------------+


INPUT FILE: index.htm
  File type  = HTML CODE
  Input size = 1306 bytes
  Optimization OFF
+---------------------------------------------------------------------------------------------------------------------+
<html>
  <head>
    <script language="javascript" type="text/javascript" src="jquery.min.js.gz"></script>
~<script type="text/javascript">
      $(function() {
      var json_sample = [];
        function getData() {
          $.getJSON("loc.cgx", function(loc) { json_sample = loc; });
          $('#val_x').val(json_sample.x);
          $('#val_y').val(json_sample.y);
          $('#val_z').val(json_sample.z);
FCARM FILE CONVERTER V2.54                                                            04/05/2016  19:08:28  PAGE 3


~~  $('#val_ax').val(json_sample.ax);
          $('#val_ay').val(json_sample.ay);
          $('#val_az').val(json_sample.az);
        }
        function update() {
          getData();
          setTimeout(update, 300);
        }
        update();
~~      });
    </script>
~<style>
    html *
   {
      font-family: Verdana  !important;
   }
    </style>
  </head>
  <body>
    <h2>MEMS FRDM-K64F</h2>
    <p>Magnetometer values are:
    x = <input id="val_x" type="text" value="">,
    y = <input id="val_y" type="text" value="">,
    z = <input id="val_z" type="text" value=""></p>
~<p>Accelerometer values are:
    x = <input id="val_ax" type="text" value="">,
    y = <input id="val_ay" type="text" value="">,
    z = <input id="val_az" type="text" value=""></p>
~</br>
~<a href="graph.html" target=_blank>Graphical View</a>
~
  </body>
</html>
+---------------------------------------------------------------------------------------------------------------------+


INPUT FILE: jquery.min.js.gz
  File type  = BINARY
  Input size = 33151 bytes
+---------------------------------------------------------------------------------------------------------------------+
....;(.T..jquery.min.js..;is.F...j....h...H_U..B...x.W,'.]..j.M...P........n.....Ml....~........u+........^..].{:....;y
^._D........6t.Xxu.3F./O...a"z.'.._..6tq...C.....n.1.>lD...#o......!.7Q.&V..q....Z........."../.~....8......&..X.r2bq..
c..x...=Xs..+x*vjd..t..=.Bv...5 ^,.PxZ.8..o......6)..q.e..z.5.d..p.F..S....6Y.%...q.qAW.qG}.2..2..pI..a...w..8..8}...(`
...F...7??..6.!..S9..!;.j...........x>.Z.G'K....:....;......osr...M72.N....w......1.....4B..G..f@..I.o.4..5MD ....@..te
.i...c.PI.D.........,E.....m.........6...P......M`(.......(E.(Y.x).R.F.N(.4......Z3....M..z,......+...k..$&......*%...:
..o...:.-.sE,.!P.p.Nv....3.f.<.'...N.....$=.@..cX..?]2...q........|..8.s\..uN........l)`w>7.9....T....=....za.h.n..C..M
6.u.$o@D..R......5.H...x.QA.`.%#..<...Wl.._..._..d.@..DQ xX9..`._.e..*.6....a.Y.6...8..d...wB.;c>.[*.].Fd......|..(]40.
...z~.......AR./.>c..o0..b..p?T........D.:..b....r.7.......(I......@2.g...+`2.5o#......%0Z(.........+7.P...`...+#...N..
.M.].....Kj..~.Yp......@...v.....hSWFp..<:.\+.@.@..Q..Yc...QY..........u.w...A.U..w|......._....mx... .(.0J..f.I....m].
..z.I.s.../w....[..,+.._.5...F....J...0UaJ....x......r..j.q..f...PG58p..q.U.v.....>.F........M.=6..38...B..v.p.,.-.QD}H
. W..5.............s.d^..,........[.TH!.9h...............MZ.UX.3..F......E..E.).4..j..h.}n..45O|...aV.............4....
....bQ....1...s/..<j.+..%yD.N..b*.[........<....< qb..w".....%..s.a\...QP..{..|W....(.?.:.9.5..T.^.3.k...j)4(.=......e.
 V...TKd.\._..8..E..).....p.g)M.......E..a.4G.N....o....k~...7t.....w.N]%..9.v.@z.L,..........trbX..@.D.k............s.
..\..a.#jA..az.ZZ....@.`. .=. ...Cy...,+._..;]......c}...........@..M...L....].!@..\.......a,..q(m..._!...T..R...P.1.;.
...c.{.......ZL...{.....Q...:.S..9...r..eyyR.\.)...g.<?..rXZ..z....].xt`g......!.E....n?o.b>s.S.X..`mn^....j.^.$....#..
.b{.a=ipr{..X........I..t.k=H..<]....NO.:Cm...|3.d.'...^Yh..L;.+...X..9A.-...Z.?6......W.%...;.X..&R.vx...%/UE@W..W...t
MC.Q.b4..M..i...[ ...`?...D....=.}`K.j.o..J]^w..........P.....9.9......}..A..q.v.3.06....W.d.-n..7...w........!.....zS.
..:.Y.2.i.IgZ..wLsW...^...p......6....D.A.y..... ..@.g..p'..+..D.....,..<[o....".b..B....C..........L.g.....,....,...s.
~`.n.3...`..h.._a.x<._>...F?..e...4....:..i.......c].~.j.@........}n1..X...B...O...<.fZ{b...L...G.K...l.g..Ah...f.....I
....0`>...'.|L2....5..P.......,C..k.yN.h.S...........T]`.K..n....Q...K.k,e.R8....ul..$q.^..+..h#.....?...s.1.C.b.={....
9..V._^...........W_.|6[....t.......8../o...f.R.eG'..M..+.;..2.]H .,Z....J.sK...D.......D...c.f.....3L.A.J.J..|..{.-.Q.
...G..P./9S..6m.N...N%n.%..(..l...`.....k..-f.....G...a'x*?.l...dx..."s.i.........V3.o.....q>.=..................n.....
.;..]......;..........dI]..y....<>Z..'..NRae.D.=I......L.i.{..../^<{Y.=..A..b....TD7.q.>[...b.....bvN..N....O.|I'....^.
....c.....<y.`.S...!U...M.m>].....[.........G....WY...KQE.....Qg..k)w.gs...g2-Sf...nW&!.Gr.........|$......Vw,.[.">..y.
9.-...P@.. K..#..xX.Q......}D."e.2...5.H.o.......U*w...}!...........+..'s9.#.]x..pK........[O."..........)..q...c.xU...
FCARM FILE CONVERTER V2.54                                                            04/05/2016  19:08:28  PAGE 4


z.JX..-.!%AL..}.@O.......C.g?.....y.NO...._b..y@..%......\y..$Q....._b+W"5pT.....K......HE".[....l........`..D..Z_..^.y
....&=Vb|......h.{..X...0.C....4b:F.^L....~..O.a2...{..X.,G...Dv0g......L..w........4.........u.V..rO.O.q.../....G....%
...x .;.d..a/......hQ..........jG..F.v+..lZ....,...E./.1.}....S,. I}'.2.xpZ.}....._.:....k.L.gq*.+.....sH..0/.}..tB....
.\.t..o52....s...w!.F....]=..;C..<.V.5gw.4.f^.e...S.P... ._x...vm1..ZA.n@sP.=l.....c5......5...x.UG..C..........*:$.s..
......^e..q...(.$...w_.8......I8`.E%*..YS"...S........^C..Ce)..........Q.j....kSP......b..-.'...-.j..5....].. ;....=..=
Dd..<R.....y..t....@mv.[.J.N..8_.......~1......9)...K....~...]...}l.I."-.t.....{..[..0.H.P..........t.....}8K........._
...1....%h........@.....T.y..!..".8..ZGh......K4f.sr.@.?.Z....mX...GN._..z..-"%.....V.*...#..u8.....=..D.@...r...st.I..
..>.c-c;;R.N.....C'.C.;...~.O..d.'...O'.|......F.!..IS.wO..<..`y...........#.l`K.-B.0.2.......{p..3....V...{k.lP...r..d
.z_.b"W.5.v.....". .q.m.B,2..R....)......nGL=..%...h..uOX"G.s/.7...`.-.."?*.........Z.T.M......:.q.]..^...F.z. ...`..Y.
X...|.A0MpkN3.....^.z-v...C........(w....Be...h.4...*.*O..{...[F.t..K.['..Ewn.o.....F...y*.N. ..a.O.2m...........n.w5lX
.Y.....L6.:!...@eY....Z.T.L5...2..p..j....4ev..F...L........A.'.{D.......v~.~.g^.#.N..*{..(...kwQ^LQ.,.....S......865..
A..X=..X_.e.e[>.e.q'.k?}.\....[.h..2i...`..@........,)...........*i.s..L............M^.f...P"w...k..#..Fk.6Ez.)J|<8.).s
j....aB...'k....x;.3.4r..ZY.0....}....W.....%j..............Y...E....?vX........xZ...5s.=8.V......OU....L..sh.t.....ue.
.....2.X.Y..sB'....X.\`*,<...M..g!}.?Yj ..[lv.RN...t.*..*8.........v..{8..|>....KT.X../....J.P...IW..s|/...b..<(?......
...a..G...$.*.../0u..V.{M.V.6T...W9....*.b...2.....pX....9*g.|.-../.'&.kA...K..../]eO.['...r...>uO,].Y........oTcO.&..)
......l.,..b....!.cM.Dd.M.UR...[&Y..pQa..w;A7S.T..2.....qW....b.hP..N..7._..._......`........C@...Z_.../...Q\........]@
.S$x.O....Z..j..d......pd?.w06..d#\....Z.|..]:._~..(2......p..'W..6...-C...z.~..$..T{..+.nC.R.Kl...7j).4c.%.;P.........
+..,...).#X.....1&&8..&4(.z....&.2n......d(_.R./...l.N....."...m....p..~...a......Z,...H,).......('..?3...|c...;...o.8.
..S>..z+..2..n....B.\bn|..;.^...&.UI.U%.B..:U.7$....6_..J.?%b.E........J...k,....@..4..S.|....*....`....z..0<,.cq.G.$..
....EP.......G.Z..F.'s.?...r.......W`?../.......R.;.....uPn..2.F6.i...9X.z................@.5tU#..-..SP.O.%[..-K2......
F..&E.~.....j.[....9.3j....r.......B/T..M......~4..3..~^....FI7......?R..(~.".`....g...0."...y......j.....K....^..s:.<m
f....~...h....`#....J&.!.....Hq(.i.O..q_...M.$.Z=.Y...kv9..%...!O3},.....>q.X......n.L.J_t..O.i]......C2.N.G..z..lI..i.
..............6`Pa.oi.6.....)C...}.6.M..U.A.[.@...e...do.#C...........@..p.. ,......@......-..?.....X.n.W.......pEL`...
LV.[.........[2}........v=....\Y78.b..i.5...0....S.....&.=.......D.....[b...[..d.\.../.x..-.I;*N.....A..lA.......8...q.
m....v.8.....p...in..y2..G.;....-.a..y.u.\.W..Fi9g...>.:=...`.8}d..'.;.P..z.y.......n...=....8..&.%...=....X..==...@-*7
^........3\.lo.]z8...^....2...ZY..!.yT;zz....8..OhE2|K....%@...[.=.3iz....{G....Z{9.{..oi..89....p...{.B..tbI..1.....1e
%..?.DrA..y...C...yw..d.h..U@.'.......y...).H..........>`N.4r.%....J.Q.l..o.<s...w......g...U.H.j$?.gqd.0....w.Q...:.d.
i.^L.(~Z.v..M.....HO...N;.1.v....UM..H....@.j...g$.i..Ef...N.?....xc.....U@@E..#@"./V.Jh..=k.........|i..7..f...=.k.!..
..I..-)..|d..'G>......>.P.}^.*}......^....v....k...=,.1....gr.....V...3R..w,a.c.H.u.c.k$rjG..]..D..~..<.%.....V.hr.^J..
. .h.j.R.FlE.&...=_........5.?.9;...u......g.n..nJ...7.H3v|.Hh......&..]$.....L".6.......%C......$..Mh.~d.D.e.....0..l.
<..U.;Q"F.R.o..9t.,......*mh....H......2-.M[...7..S..b.....RX...............]..q....}....\......".F..a. A.w..7.S.....$"
.L.k.=..0;.D...^..&C....,..$I...L.K.\.3..L^Fi.....$}?...;^.7.R..Kl[.gg`t....R..7W....f...g.Y.$.$.r....O.....C..?[=..D..
..$!.]m.\....7.....Q2.B/>.i{.-fP..MI.R..B....5.:...C+1..[.....B.:....v[BMZS/.0@....j$t.}....E|k..}b^8.....g.Y........a.
....i..........*.-....H.p.1...+.,P..m.p.#.W;......%r...\.......}.J.2.......:....s._..o.'Qvz.....w.b..A.X.#_..).1.v...y<
.8]V..J.5..........j^0@..P......rw.%..1..Ydt|n..D..S.B.!...Y.29y....w.........3.ZkK......i..J.Gc^..f.-5.....v....x. ...
...h..m..tje.)...^..n2.:.U@..Q|.....u[q.u.Te,.6..I..%..H.l9.c(...wY....6q.......dD.`..O.o...|e.......)U9sK.&......pp.H:
..y8.z"v....u....(.!..&....ID..X.cTW.P...U".D.....Q.3X...>(a....J&./kX4h..R."PS..@...,..%........i..jA.1.W.$..R...4^.T.
...x....7q.!Bj.$M.MB/o..~.7......Mu!.Bv.........t...N_.#.S...xo.....[.3R.o#....../.._2.#._7.4....MR...X..x..$.!.|x.fN..
m.m..^..>....J..D...s..1...E.........U......0.....Y.....;...>..H.......v.Xa-......B....,.....|...^._ (...A..-..."..nu.x
./...?...g.......`D.....Y.Q....I....+..V.....7z....o.t........|....}8..e ..K.hV.<;...P.>ai"..3;{)U.h..Ap...Ll.........r
.....r.*..]>P...p..l...U.P...../...V.:qQ...T.P4_......KD*h;m..vtp......qr..(...$o....;Z......w...{..1/...%N....GW....-k
....Ft...)...<zZ.0.....VY..C..)B.dx.....o.M.D.....t.s....35.....4h.M...DC..oe..U..C|....W..C........o.....?....9....F.C
.f...&..o..P.,T..^.Y....x...a;...{.../....4............F...cw..b..pT.[O.1.:<Nh.....)4... ..U....=.l..7.&.$.\.g..^.....M
. ..6.%D:...&58Y...TA.J.~Q7.\.p;...d..i..:..7s..8./?...o...i..:.Kd..K....d..m.Lf../q.....Y.....p/.S....u,+.K6.V.r....#.
.Km.y.%?...o.IH.T..........*s..yr[!..r..t.!....x.O&....i...:p....3u.N.};.D....PQ..U...^_...9ZL...;v%......T.A..6D.t`^..
.....q......t:.^.j..3....|.=.=@....5.&=.J3......^.*.....h..n..!......h.Z.i9.Lw...b7.T.N....f.u.,.X#iU.D'.K.@r^\.-..Ub..
....8...Q..w.[....7...XmQ.u....X..4v1:6q....,.t.[.U.M........\.j#...c.p...W..pD.........-.@.7...A.[C.~.Tr..z..>...;....
.n.G..:...W...&_.-......g.3.a.S.q.....!.B.;.|p......./....xC.{....]..{j...s..xk...P.`*...E.._....A...7...xJ.....~.-.Tyw
.r......z..*.Y6.k..uw,......K.MI'.Ur!.8....`....u.$.......f.t"..C..G......~...2 .?&..Z.>.;..u........l...wmnXlXeH0h4...
M@.;..)..>=....5..Z...i......1..RF....d...P...$.F.W........Id./.l~.*..........]-.[..[.s,@....I..W.}."b..6.OG.lzT..:..C.
.V.H...%?.G...W..!..~8.~{...{.......k\...#.Qb....h.R..C.~..GN...D.4.|.#......-#....VS.F...C.w..>..5.#...NN......;.....>
.f.!.K'.....}.*..bB.....]...j~...g......\.3..T..9.m.........."...(..'Y......8..@_..".b..\...7#.F.|.....8Q..6:...u.3....
....$.y-..].)..C......l.$........+..J.x.cQ\.=l.......q......t.[......u...RU...+..Z..0........a......e.~,;NFz......~....
..y.>I..+.J.iK.5.....M[...S}.B....3..\pBF?-.>>.@h..s..*.p.EXF4...}YC.."o......F...3w....#....x..#...8.......#....5mg...
..S.g..J..SE.1%P..W.."ii...>d}...x....MMM.K....@.U.0.y.......!;.........aK@.......N...z....H.#..c.R....b,..lcg9..0.3.|@
.n......:nL...S.i.......8.3...t<.......$.0b8.......-*-..l.avL.*.........1~*U.q=I._!=...q-.@\.m.,..>z....bE.....?.....3.
k....O.......t......!M..z........2.o0.<....*...".|.#Qq...B5...;...iQ<...O...#_.m.......~...]...&.G.K?E...x...<..$*eO.g.
.U.x..m./....>.o..e.......3....r....DeS...a..m.s.....g....dN..x.+.......3/..a..8...VU....;..=....((....A.K...r..J..O...
..Yr~..{>Q.'O.k......=~..sM.R...g.}...V.c...S...OH....Upb.x...s..>.;...t.d...g..a.+....r......w.E.Xm.OO.t.....A.}..5..*
.G} .k.o8....r6.A2......C.[..]~.......E.o.]d.....J.7....I......qpd.....r....a.L3.6...C....j.x.%.EM+..B]...5szz..NN.25.t
.......@..BI.......I...'@I.u...?....l...9S0...,.y.7.q.E..I..),%..DS....8 ..+.......ggP.Jk....(|e....N..'......zb.Q..zv[
...<.F.Z.%.PgzP.....zf..b......K....[..a..d.p`}._.`..U*.......x`..i...;......?.O....g.]O......Nq....O..)..7....a.)....(
.....x...ayy"..*o]..F./2....)..w.w.>...r...........k...F...X.|....v....,'.7..>n[...mYz......Q.M... L.b..........66N..t.
a.Q..Q.C.....g'......../..  /fDc..2...yOO..4~c".....(....J...u...`..eZ..Z%..DRy.&..P..E...`.....pv.B....&...Q..g....Q.1
N...Z..<.........p...?.yB4#.^....=C...K...@B8.....5.:T....wl.<...p..2#..+.qB._....o.e..8. ..%8....Y.@....R.8.9h~.....G.
FCARM FILE CONVERTER V2.54                                                            04/05/2016  19:08:28  PAGE 5


..........%x..gM#I.....X.............x....k...`s=....YH.....B%b.*?o+?...Z..X.......Ah.-r....47.J.G.;`...=A.j.m..Z~.9.E.
.....<.7+5+..y...R.+?..]L|.j^...c9...T..._a...7.....s1...yo..u.......lE.......-...../..._`...*==.TzuA.....{TC...P..5...
...F..kw..k..2.........K._..~lbo...k......_....Vi.....2.......E...,.."'....|..'t...U.J.J".;./......^..b..&.....=..G..W.
*../.X...~a.......;_..."...........l~.....7.z.-.~.u..##^+eF\@.....O.E..h...X....:$..XT(V...j>.....R.....7la.M9...(...oL
K......<.B+W|a.F.../..$....._.$..oMT.....=.._.[b.....8...U......9n.`^.]..W.#>d+HD..H...{..L...m.).8.@....-...k........]
..V.Dq]........].pJ.b.........`.c..Q.JPY`I.........h|.).R .M,#._..8[..m...|...\?....U....!O....M4....x.\C.{mJ....../...
.g..l_..M....-.3I..=.n@%.e.1US........<.4..k6..r..4..-..PZ.............z&...~).Ga...G.M...i...0..W....'1...>....z.K.7.y
8....H..N.o=w.g.....d..u.,.:..oTp...Z. .zk.....:..$.v.{..9...C...^..&A~1.L7......_....6...........[..r.Wqj7....evP.s..^
.Mx...0x7.c.J.R..8.q.6p........\.lgr...}..N.-;.`Mr.....$g.gF_.Sb$g..p....t.....3#..n9...S.#..h..v....d..o..1.':..e~....
R.T.....!~......5.u.IC........pM.)/....mz...b8..G[(DrL......I"?".:..}1.:e(..Q..J....d#%.f....w#......N...7U...:..N*....
N!.....b{..W..a_.Q@.p#.?.WH.&.n...<...E..g...j=/...QWcN...O.G.....K....J^...]=....i.....B.[..J.BD*.7mO.w.W.G..A.@.H.G. 
...7.4..rIF<....I$O...$...'.....).F....0..."+.}m...D......._.|...?;...?~zvy............>.............\s..[...q[...cW._.
....w..]T.....3.O.k?...%..a.....)..~.MUr.......M...Xz'.hc.3...R".y..mgaB?....g..5..<c[..,p4m!d..3i..O.......@eu.^{.ELNC
...{....?...V"....A.lm...Q...f.e...Z...t.E..\....._....x....P.2.<t........p/...z0...../.+....".;......._....'...Z.)$%.I
.?...x. ...u'..c.lg.......j..Z.Z...|.9..j.F$..\....vk!t*.Q.z.}.V.e3.c^.....&.'C4$.N2..........uK..1w....XQ.....Z>.A....
V...%..i6..3.`..'...W.......j..f..j..rI.R./mS'..i...w....X.....U}#}......e.....w...P].v...KC...'...O';.].V.....Z....fK%
8V7.{...Pe. ..Ms.GY]........'.#j.o....xv.Rm............ .I..A....J..5..h......U../M/.yJ./}=.V..B......X................
.G.:..z.....u...C.....v.......e..?.....|A`....../..,.....9....._...0..mMkn,.:..-b.V {..........5..)..<2....*'.K.^O_..p.
f..T.Z....p....\.]p.I(...M..f~J.. o0.s....w..}......."6F...*.(rk.......#.g..1Ca....."..X.=.. .....Wh.....v)....~.I'\B.Y
x1B''..g.....9....s...E....J..%.D..$..i...]tK. ......8.5..Z....Y......,..I...D.fV.mo.[._..Y:..J....H..?|2.}...........L
6.....9.s..-...8J.(%.A:34u<P.S.+2.e-....R..V....dx.z..7.....[n....J.,.c%v...Hd..0=...~.b..{}...N.....\.-.Xo......n."...
USz.Y]S..W|[I.U....F...[!...../..|E....6..L..i.[`.DA. D.V.-.B(..g..Tx;$6......6.%... .Vc.r.........aD.............gr.s.
a$#.-..9.0.\....~..-iC...1u.>....s.b*.{&Y.._.C..~.."'%......,....|.~dY..x..v....#...e.|...9C....z.&.U..!...x+...\I..aV.
......n.)fj.v.$'.;3w.... ..Ev?+._...Q.E.N..4o+g..%86...*#..._m.U...{...R..fbNdP:.e&....{.Q...q.../<..A....C..E.......+.
t<S...I...).....S..u.9t.2.-.. .H....4.#/..p5..)U.U ...m@...M/#......J.}w.t.O...R+."..N.%......OS...)3.qYM..n.G.-u.-.ODZ
....:@.......2.P.0.r.@6.w...i.^.....5.^...R..-B);.TC..8h1/.hu..9.....0.RI8....L.../.#57k.....DF.:...x...F....f..xB.....
.!J.....w.o..Z......L].u{....u~S_.7..4uK..[.S....-u@J._..`^]...J_&.\.....?...~}....Yv..hp..5$.(LB\...p....=xRN.%.W.S...
.g6.~..........:[...g.}.~.R....^.....q.y+..2....Nm....*.5qzj..2..m...S...i.. .....ya.,..[j..C./..0*.L..[p..p~.FfJ.u....
....]Ws...Pj4.h(5.Y..g.........z.$C..G....j......7.............K..i2O8...z......O.....l.m.O...iO..+.g.w...$...........{
5.../......v.O9.x.......Z5.O.....}-MK....}..Ar.(...f*.~.Z...;.a,.... ......1.0.g.%.Q..#g.KE..`qT.........[3..)..6!z.;@@
G..;`...d..l+..0.<.3.m.T..k.g|.]cW.^..@...]..2.rtPO..X'&..'..p.}Z.......J......B...W.%0....`.....]~.[..T.Z....W..Y|kI-.
2NBslL.F.....6r....-LkD,.<.Sx....;...=........5Py.........."#.FZ..~..lsw....4:...-.W.`..k.=..O_.i..HlZ.IAK.. .(..s.5..u
.j..k.....x.m.(_/.7..pn."fD..[..l.G.....!..K*.%M'..7..a_.sa...mn3...  ......"{.+.Y.I.T......fiE.l.....f..~)u.N...1...^.
..u......6.n.X................,f...VsHe|...,..IC.X.......1)1l0..b...0..wi...D...P..6GzQ...<k?cr.m....v0.n-%.@^?.oe..h.l
wf..q.....J..5cz..ip:.*..:X9.. >=....4.....I..t..h...D@.H`.#.8LVC.V..Y.v.>j.X..2t.E..C...2............*..e.D....2n..L..
5..'..N.7.......K."]Z.Pc.>a..37.........8....i[...i...<4..=......mz...a..T......?.S.~3.$.4...oYM#f...On.G...B....zk"...
x}.'Q..!......*EU>..~..+).nL.X..cY.%Q..&.j....}.K.S...7....[oQ............8...FB.1I.l.Zo. ....I&......s,..|...Q........
F.$..'..V......-m<.....].X..!.....4..a..E...........|B.<......*j.3.......y... ..L..wI.X..Y...[J.]BEN....|F.......x.Z.)=
.g.....N.L.?..?.l.MY.....:...[......i...b.o.kc..6....s......:g..F5.h&Z0M(]............9-..7..3)%.x..........S....u.r.].
...~.P...*.....v.......f2BO.8^H.5PRE..uy:.X...~....2....O...~...#...].D%O.!....`.....C..S...t.w.}...(L.........Ozu&....
.@.K........~..XN..s_.......=.\...Z...hM..@...Gl......]..z.U...$d%....R...Z..[..G.....w....Xvjwz.u6R...^.........Uy..^k
j.S.N#..H.l.J....*_%.z....&F.....T.k.....HKy......CIk...n}n...X....S]=.....#R..k.."..!9...I..#.U.s .3..t.(.I..J..B...9.
..,..&.E5..7...X(H{.#6..2Zne.e..Y.e...o"<..#.k.....N...'4~K.aE<.g...A..UtH....y.OO.>R.T..%....P..............-....)...A
.2T5.._iI.g.-.j..BE....y69F..5E....W......Jk..=.L..7{..C v....l.....l....e..4..xP....._...._1..4....4....r.e....R..F.n.
. k|...[.]sea......NH&..v..[)....mh..7....D$.....]......S.<yb..o9..T\...L......%....."..]....F....Y...d.s.e.....:....h.
I..{N...*=g.c...@{.Rs....+..<R..Q.....P...6.O4T..a.5JZ.....W......*. ......^m..2v."Yc..q|....k.G....6.. .....>`o.....JC
.:g.4......'&..:..Y......Y.....v.k*..:.nc..}.YK}.[?t.>.f.........m.K.Zv.....X..}=;.5p..3....o.3[..[....&.cb..kc.y~..K..
..v..{..{...{...\...d.7.R.*.7..i.<E.R..{.u........d.j9..]s..$j.D..}i..[....Te......g._?..Q....^x...B..f..8..H..p.H% GyE
........Z./}.....$Wy...V1.k.g.F%.cPu....l.wT....p3T.....=\...8;....Nz.....J........*.$...E..Q[c.....%:.`.0SV.....,[u...
b.t..l...]j....e#....>....)..7..k..._..Y.A.5.....c..j.l..}M.7.Xz..v.V..^......XBb...yM.j..k2..g./,...zA.{..G..)......K.
...=.eE.-._..T]S.#..q09..ZY$.5.F)...c.|...)j.......3..L..b..4NIk@...q...*d.`(..gRd.x*mD.....g....g..Ed,:Q.1..p.x."...,.
.,....n...}.............$.7.v....gN.n...l...g.<.........j..ZI...NH4[....v.(.`....i..\.....<.....J>......f..............
&A8`:...Qp>Q.,..P>..A...A4...._...9...K....v.....X........=......l1...0....tO,H..B@.... .G..W........su.....>Ss....np..
.?W..n..7..n..........fZ.G?..?'.}B.....b+.....9..I...2_...H..x...*.{A...^.......'.~.......,....z..+*....&K.$}t<.T..B.N.
....$/..\..id><..W.H.-..M....yA...q.F.#.e..Z...H...#.9..\#1.-() ...\_..M<|i...."|....n)k..c^.........~...F.os..Q...E{..
.*@v.........../F.......D..d.U...=.i.g=.Enw".4.4.:0.....0..k......oL.g...}V3U%..5.Ck...W...t..(..0......6-~.~........y.
...}.[b..:...%|P!! .E<Y.<.`l...?w........6..8....Vo........gc.c..I..&...q....LSK...dU.`^gATiK....W.w6.(.l...j..*.?Uv...
...F..?T...6+..H4.:gmH..f.....V.{.=zG.:../d.-6........X.....Z..Z...z....uF..4E.....tNBg..}95......H..........f`...&..|.
...=....k...S...Y.m*.)o...."...a.*...e0.....\.U......"....q.N.....P......:....S.....v8D.)...x.W...c.84......G.@..@@.2NP
%.?........sap..G..b/"4.Tr.......F.\G.0>..6...2.....(.....+...nU.^%3hP..d6......_.].....FM..=]kF.zj.....o.eZ...^#....,.
-.....j....V2oJc.....'.F.s>yo..8A..qJ..Dg..>..>....O..*azq..N.....%'T.NL..C...W{=FRr...A..7j...N.GRP..8.#vt....`B....D.
'....u.M..r...e.L.{..}.....&DB>r....tolI..H.m.T8...W.....)....>;MJ....Ae.4jF.j...-..@. <..r..Uep.'n..........J4.......@
..h.q...~....`8..c..8....?. .....,....F.pc.....q2...DJ...Nib......"..{wl..f.1..].o..KZ..9Px..`..j...m.+.V-1...S.....0N.
C...m1..@.T&..#..%.o.E<..ome........."..S..)."..{M.&.-.I....*.....i.....{..M3.S?....q../..`/......*..S..5..q6.F.....W..
.a..S..y......."^.:.)Y..t>e..9..enP....ge.GK.5Zj(Luy.#o.OxwO.f...}~:,9...cc.."..h.\V.....c...d..K.p......I4.......B.t.N
FCARM FILE CONVERTER V2.54                                                            04/05/2016  19:08:28  PAGE 6


n..B.X..'..*1....@.\.m..X..8.......Y.....YP..U..].X..5;S#~.......0U......w.Y..5.X;.-....t3...\....2.L.\R..0.Hh0;C.(...5
.b.. .<.....T..C\....^.Z|..g..$..K....U.r.?....B2....g5...A....j m.r......I.l5h......m..k7.....t.;.....G+...Qk nUXL....
..7T#N.,..!.F...m....h.h.U..2...y...s&..W}....rR.QUU...a..r......!........j.H.E.d...SZiM.Q?...mM...P...D.1i./j.Y.....d.
.u..T....*.E....m.Y....;(....".....C.s:..........*.4-sg..q......%Y--3...."+....I..3..J..iY..9...`..S..(..q.Nq..s....\..
.).k.,.EVA..5K.<..C.w~..I.==t..9e.iF<..;)R...{5....C...-...!...P..Qf..{.k..`P4....2.a..dhZ_.:.I.++..i.uU8..V...e....U2?
.$!.....yU.,d...s..j.......yNO.z.....9.:...r.DQw..|1J.^dZ.s'-.N#Vx......3...W.45}o.&..u.M..x..D.....S.N.k.......<..!. Z
C..W7...2....de@7..!..=.. .".LDw...F.2..(.B.pw.Z..........6N.c.......g....^..{.yMT.....)....M....".o..e...!.bWK.O.a...O
..OK......;....N$..rj.......x........[.2P>..k7,s.#f[..^.CK..1..J..j-._.L..iS..m....O......A.n...Y ...N...#<D....@......
.5..'..4.$..,.}....ax...}...,...,}S;=|.Z.hZ..tj.....dE..1.._..q....Pu:...VN;..gIx.M.)2.X.8'..L...hP.g...,...0...%1...+y
..._.......$/..9.u.0d..+............M..#..<......j.0V.........w.........m.D.o...k.b...(..P..%H_..t1......Gb..Y....ev;..
e.....W$..S.[.....c...6.<....y)~..XwB.m...I......h..p......gx.H#...U........D...~......1....4..._2.W.....7..}...{L....*
T.. .2k....)=..F..S...Z......R.*...$|.......w...-..z.{...M^C....LX.;n.`...|N.(.pj.!:-...3.....q...l)iF...>..w..k.K&h...
.+.wJ....d+.L..x...C.7.....C...._..?..p.p...@. .....!c.....>.Xq..q...). .(...Cd@.......u0?..4..H.b..ApY....=..g.%..v.l9
.B...:......U...}U..x.uX.Z.$.m......_.?...|..m..;..#....)RIf.6.c4..8J+....N...........d...t.c..+.tg..... .._IpA.9C.....
..s..t:....q..o8......I.........C......^X.zX0n{.^....$I$I......|............D....5.aV...E........v..BF........;cyg|P.3.
3....../!.K._.....G...[.......g.W&..-..|..U....mcT.......?.C`P.l...[....=.?....g7cf....#5l>&...v..A..q....../.m........
7.SjV...A\.E`[.p.%.UY.....}..O...);...m.7....@T.j6......./.b'W..R{z....].<G.G..~f..P.`.'.(iX..4...c0W.^..%...t.........
 ...o.u..^..0 ....H.,...#.......x....rV.:....W..Y.Y.O#.;....u8.9......7tS.z....G......Yut|..E\.Y>,.Q..+.wGx.........A..
(.%u..g.....#.of.Y6.....|$...l.. 8.W.2.5.r........G..P....K.:K...~..o.?:....6..C.{.......C..E.f>....5....J...P.....M{..
,........U...{.)1..t\d.AV.]0..?1...g.....9y`......[...A..+..+$..7.].J....m.H1?Q{pz.=c.=.U.y....-B..2.{*....n...nk...\..
.O'....[/..I.}.....n..d.=LA,u9...x.CV...N.S2.*5.:....^.....R.]DQ7,.j..r.g...3?....q.3.. .r..]rv....8`./..%.......f..H.R
.U.N.6.F.}.....nW. ....g.;.&.A..Sw.Y^7..#.7.._.%....fw..h..5.......6K(..#..:.8..".....SN...M..&.H.......+d.../..2..4jL.
...{...!...[Z.I./...^{.c...%.t].e....7.."..YlPU.--X.".m}...V.n.a.*.Z.k.V.k..[..N~.\.1`......~..Y.....X2v g#.....o...|..
f..\.b...-....B6./....@8....r..%...[...K....Tp....}..cO"k..........a....x..E.J...5_.?.~.F... ...gV..'..Bn.p:....w.=lS.H
...$..a5..9.9m.U0`....3...J.R'lv...|..e<....e..z.(9.d..M..<.......e..$...V..UP.......H.....5.2.:.....R.q......@../...+K
-8....t..[...Zn...:!.d[.....q.w.F\..b(0~..r..E...1D........g.*~.lW...A..^...V....t...t0n..\.+s;.2..*c..h..|.V..XG.^..3.
..j.$HD|..r.Ly.@dfb..f..&7.{I.......[MM.9.h)...w.....r..TS.....C..k...mi......|...e6...49.......X._D.aFS;.8xx.:..^..|..
.LTU':..H5..^i.g...A....7."......$.3&.A..!{^..[.......K....wB...^^\.@.(>@$....4Z..*...N....*...3...."....u...../.9_r".F
..|........n.B...k..]..M.....R.....K._e.....T..fnA?YIK....../.......n.....k..F...t.Eu..5M.v..].T..uK .\..P.t..o......g.
 ..t.SI5...#T?...=.{...^x..A.....k-..N~....l.`.w...<.....?..2.........Z...3.BFv......+c..9...grR.pa.......RW..6%v.I....
K...d.6....H..d2oK.H.j..)?..N........0......#...5....*g.t..?+..Q!.o.....#........mY...f./..S...x..u.!.k.. .Y.V%......9.
....j}....L...A.!.........}+.9.zJ%.")..... .>.....].......q.iz.I....m3.*2N. ..............._V..V...crgE.O..........=...
...q...~...u..,...0.kh....zD...U.d.+......<.....o\...@#..>;.....&.X.....)........z=!u.b.z....!...>E;.x.L...9.T....8).g)
&N.............S.<..........li......\...9JYi>.....7V..,..=....g.......3lR.z.[..{|..4..q...T..gw.is.Mi.A_Z...p.j.|ES../.
.2:..5.....Sv&....z/S..Y.KR=..{..=H1r.eyM7<..zx..U.x.8}rN....TI.'.Y>Re.<./.xx......t.6..PL:Ys.......G5..:.Igu....:,.t..
5.........wIR.K>..w........F.'5..T......~.:....6..y2Uf].z..;6n.S..S..s4............n..>F.....B.P9.........I."..]......$
8...OK..l..O..~.`....^.hpZ.......O..J..q...R.........<..<y...bh4.].].:.!.L.d.>.F.(...!......g^.Y..9...Qd....Zq#..(TMZ..
Dg......GB.s.VVG.}p.7..JD.v.&.qm%...&.{..^jG...V.".cx.p..z.v.3..g.4...._....M......{..w...8-..t.j.K.o.... .......K<.M..
..j2wFO.G..F+.....Q....%2@...t....Z......F.QXS..ybST.....M,.=.Q..#.QZ..ksc...vQ F........2.|.>.....\.m.j....[....T$8..2
].\ev(....(..q.|yo.Z.:..............y(......bD....R.-M.[<b.....Q.......}).p.}...5..2.m<P..<....-....PcW.....nXHt.S....$
.....n.E....".....g..F...6.3.4..N.....(n...)Q.~3...]...p!7...W.E..E.S#...sa..y.,i1..OV./Q...;x3..&......2. .hI..Oh.B..F
.y.;....c....9..........KrS=F..:t.T...9......./...c..p.Wy.@Q@[Hgsg,......5.j!.TQe...G.D.*C.i.-F...HZ...&....tU....'...m
...s..M..N.O.q.. .@.f.-.1Wq.4....22....l.......'..3e.......X..L..sw.<.8.<+..=Knz;ph.^Nk:...d.....MLiC.f.GD[...oh.1..Wp6
..q....j...EF..{ .>.#...*..H....c.P.I...u........l$i@F;.C...g.6...oE .se.&..g.#...(.q..+..Vrd...VIP.n wnY. ..JC....DB..
hG^.c.O......?...lP...iaY....Z....g.1.i..`..........Z..L8.-...1......~GU...-[vC..y.qg.U..u..9R.U...gX%.d........\...Mh.
.L....g......u.......|........wqm:...k...7NgsS..v..{............-r.`..x..!H.:.\..p.1.@..._.kJ{5(*.."...[...C...A...I.}k
:.lP.. ....7H.N..AY...#[F..t.o|....h....E.M.......M.l.X.f:...n........=........1V.V.b.w..K..".....w=t..U..wP2...0...`..
...o..Hz...0..E.K.......`i..N....j......,....V=T5......;.zu....s...@].f....@^.D...?;(....~.LF.*..F....+.........i.au...
$,...`..g..v.F...n...mL.=y.L..w.&.r.....,.....$.S...h..KZ...|._. ..5.Pt....`..a3................K#.+G+...n.d..........E
&..d......Ok1..\..u-.-..yn.k.Kr..-5;;.Gc.....$......#n-<8....Xa2.H.......^*.*....G...2...~.^.c.~&zh..W............(.S.{
T..bP8...W.2i....!.0.....V.zA..`...f2.....8.xf#..S.6.....i3....(.........@!...[...(..M..Q..@..JDK%Bg..@.&...F}..?.*.'..
......#..xz.9...L@.:.WyF.....)p........~......k.....&.+../...K.8..o.w...I....3].....M.nz..R......X.p..u.. ..ls.Ptz.~n3.
2..&..T....d.ffY.gg.....Ii.8g.v.N....Y...n..1.....cW.U..8...t.\..\i.........m..R....T+.L.h._..@...!....P1...Hh5..... ..
....ta.J.\\....O....-e....@..2fK.O....\l...S6C.....c.h......l..p6.........z.........M5.:J....c...."9...&.o5B.8...#.x..7
4.Lr....>......s.!1..'.@sn{..o.ul.+q..y*....PJ<.0h..9.....w..+--X)=(i.1..NcD$..).r.!...W...Q..4|...._Z[2.....P.R!..Kk].
rx_pYi@.u1...ykP._...O,..........|..0.T......&......s,.gM.jc5.^-...2...p...[.....p.....P...tD..x..v.KZ.......D.k).6G|:.
.=.....~...x..m...yN.....R..5..e~.HC.X.I.1eKK.g.1i6.a......A9....]..Ge...9.O..2.....zK..}....ZP.....=.:...}.4. cO+.....
:R1\.q.`........b|.Lk.S.fsqUBb...1'.......w.f.....=(..y5..D...&d'...c..314...1pT%...ym...4?pI......l._.>.....0O..M.Ov.I
.6.H....=xr..R.v7#:.mu[..5..)....9..9a].F.u.WW...@.........t.+..C..\.J...(....K...6...%"....]..rY.F....l.Q.;........f..
We3.L@..Z8.wt..A......p.;1.......iD.E...Z......'.n.Z.g.f...E....].4.w..M>....*}..q..=.a.\d.".5....<..B....ZH........lA.
^.o.i....q;@\]...8T2h'ctU....P.v.:.........gr..hP+..<^T...A.h}a...uQh...C..(.in..#U*....#.tk+..9....+.1%......&2...[sd.
..F2(.x........j.....d,...K......#...P..`....A....=...0r....-....<.%....%............fzc...BI.}..o4.6Uf=...-.+<.u....%f
.b..v......e.$m. ..a.bm.iz[.....]..W..^}....L.<..V7gq.....^...o....U...u<.].}..4...0...8.....NjTRIi...~gP....Ys.1..c...
}xtp.h.Z;&..&......&.u]qC.jN..I.1..........YB..R!....G..V..?g..%..[Z9C:J.3.....p..y@.......{....3..o.Zm.m..._....WY...a
n.@.....r?...-......m3.W......I...T$.tP.r...e1cED..........T;.I.0...h.Z..Y.+v......">............E.....-.U......m......
FCARM FILE CONVERTER V2.54                                                            04/05/2016  19:08:28  PAGE 7


...jNIR....7.M.2.{1'2.....=..V._.]|..$....K.U......e.Z...L7...H.,...Ew5..!"..Y.....BP0.V?.+%.1..[..A5.[sxl..&..M....Nl.
\..Z..c..T....?..0.[.../..t.N.s;.7r.NA..!.q.x...\(.x.),.6...I..o...8......G.}..../.x...?..l..5or..M.....A..Uul6..P.j*.n
......3.nR.....C.....9..I.......;.f5......U-(.p...'.J.2-.].....>|.{.....5.....v2.WVo....Ws}u.-.N.t....K..2...iR\.<....T
E...3.I....H/X.f@.+n.P.{.D.....zy=......O.M.i....>..M3..VY...)..Ar....>...W..P'KF...&.{.......p.....&..N.:...u......l..
.]...@\....'&......{&.....,z..p.c...^.w.........p.........\..^........k.....O.......wd..g..B).W.S.}...r...S...k.*6...z1
+zj..E........&~.n#E>N|......\...L.......N.D.,....p..g..x...Y.SY.:.1.s1;H......VV:CRI....[l....V...u..^.+$.6..b...KP_..
.I.'1W"&...x....9%t..U...Z....?.8Rz.a.+..=.....{..y.K.....q.... ..oN.$.m._.(...~w2_......'q"j...%.........r.X..X.l'W.k.
.).+...+../ ..{4.T0....}H2.o...lwr[>r..w..I\P..f......aGD.>.......~.NVnp........L.zs...Y.H.4E...[.z....4\....<.1q..G.e"
...e......}.SIH..wx.q.......[....ch.}>x........._..f`&.Mn.5.[.2......*.......9.G.>.....5.....z...l.....~x].g...>.=}p.^.
....`....qJ.....g.p........4.=...Pw...A.........y..7..<B.....o..r.Z...B..)7$IWi..y...L........,...N[.1o.....K.l..XD.Ig|
.).S.h`..@..h..D.m.._....P.....tRP.p.H...^....d........t.....O...;...P{..jo0N...lV.W\.t........E...G..7...+3.zF.h...z..
.....^.}\.I...c....C..R..........i6.#...........J.....%l.1W...#Z....x.\}.E>...._..........,.^..xxr.....W...z3x.|.P...CF
tt.....l.[m.I..u.. m..1..vO$s.vVPW..>..~........G."Z.s..>.>?W......T...c[........F/...+r.S..A..~.........._....yxq...J.
....k..W9.-......DS~mq{Ii^...$..TD.:<...u.....S.p....rO..:.5..uo... Q6\T?Rcok<v....X1....X.Il..BKrJt%QG)..! .8.....gl..
......33.....2w.1....g...<..:.'H.[jX...Wn..v.>. |.....rx3....p...._....C......Dj.......5[......H.F8=..rr........M......
m..x..t...m.XD..A.K.....h.$.y"..Q.8..#.~....?'...Q.@4......l.4gL].....'C.Y.K....-t.9...{.]S../.. .".it.^K.v.<a.L...d..-
..Zt.....I..h....$.Bo....%!...\.[3.g..F...7......`..q.Fh..HK..Y.....qG:~z....0d.4.b;...........?.zwI..........f8..c.."b
...I1.O#f.6z.>...b+.=.a.}ZD.gG..7...s4.+6....l.8..Xy.....V.......a..=e,.K....'c..0.=|.:.......T..}..Pi.7W...ik._.r&.M2@
.r....._0....[;..5....KF......t.z..FQ.L`...........4......y..O<.......L!...1..X......p8...l.....@a....V.2.._(d..zU..&..
V.RD.*...O..yLG=...:i.5.~Eg.<.T.p.s...tX..\oV.8g..I....M1^sU.....y.p....386...X/X.}.P.@X}....?.J.....E.....$..\..9[...Q
..2P..]..b.N,?.n.......].&}..|e..v.:.....9.....o.C..o.y%07...t..-XqLc.=p..].q.onX..k)......+?Q..|.....o..`:J.1".lf..0..
.........T|XU.'hX.o.)..........#N...6t..&]R.7;..R..}...'.....;..v.4..Qq.......E.e....V-.O.z..E..n....#p..,j ..ZU"...~~.
....D@.2/O..b.......m...'T-g....o...x..$.Sz.>u.M.....+....q:.`!..y.]..e7.......$7.......1.+x9:dD.....'........m.h>.6.-.
.7j0...-zB...5:...+M..Z..K.2J$-g..j..H...[lfE..f,Z]......Ij.u..>.....j.Y@.4..&f...,i.U..11......Q-.-I<.V..~.oJ...qA./"Z
......lH....7..jT.Y9..7.w.F$:.. [.c.y.B......9@-...#...??....np~.n.l..z.r7].....sk.H.*i...*p.XL..K"A0..`.1I@.~.Z..g...K
.....*..x."........i......0.R0...1+c.(..."...>x..O@d<6.=6.........w.:5...L9=".S.......UX ..Q_.^.[b..DJv..M.O........,..
...v.....F..0!DL..K.SM...l..lx..L..R...<..R..t...n.........j.D].Km.._<s$.I.(......u.O..V.{..$A..4.q.m.L`Kp4..p<...g.8..
M.N......)s.jF.:P.7Y.M..s.|C..xe.4p..U.[/n.....8V........"5.J-.j{.#.......r......d48.......A..I.K...'w.E..qs..U.a.N....
.$ji/.c.c.c!..$..+bp.P...c.\.Q.Q".([...Mb.>..|...<i*._j^.R.8..C...O..n.,......D.{..O..-.....[.....&.......]]....RfZ...A
.?m.#.....n4~..o...9..{.'Y.R....Cxv.........a...C#}.J.7j...^.U.I......]..x2.....?..3f|..s.AJ......sCW........WtF....T..
.z.|...7..}.|.....&R7.........X..6...D......-=h..{...72.'.,...A...Bh....\&.A..#ww...8|H..a(.7......^|4,.-4g..A...<.`Huh
q...../p....F.\...L4.8.i.V.$....2QoFQ...L.X..j;r..I...d....o...........X...M......}..!#um.|....+gg.pcUu.......*..*...:.
N....X....W,.....w..d..u.a.NX.).Z.....J.uM...*./...r+..X.......)C~.R4..2.....;V@..S.....2..Q...V.P.f...1...J.tP....f...
..*#..iM.d.....v..........D.U.-1.$:D.:..G..GH....<.}S../..........!.l|.b`...7.....YH+.]. ..O.$WD.....e.............YG..
......J.....m.f&.M..P.)..............U.D.X>u..~.:22.@|i..Y.w.....H.m..l.w.;...:....2..v...3[......%..0..~.O$D...q`..$.a
.!E...6...S....Po".U..-m..v.s..........8.....?...w.^qX..zI._k..8e.....FG:...[..=..g..o..I...g.;.G]..........C.~.w....h.
"s.j..........d`...(P..8DV}N...:.......&.54.,..).:.}...D...h....V.Qm.d. .M8n..#:..&Tu................$..<.".{X+R...}5#d
......=.D...Z.........$.iJ}.W.....\\..x...F4W....u8Z7..2$..iV.F.G7..LD.g...B1..@..MA...Q..1..zT..A!5.v.p~..$tA..K...F.j
=yx.UH....:....a..h.....6.D.#5.k.?......w~0."N.......#......5........-..O...&..$.%.3..f......-E....Njb]Y...Mb-.i..;2hLo
.GF.iNO.|Q.{..{..{.2Q..u.4(.7.;.-.3...{..!.g....8.....?.u.4.....<..p........~2..)6..y.c>LGz.s.....6.....I...1...$j..%.E
p.O9.r.m.b...P.+..5.....B(+..jR.'H.^R..DK.....y....>{.5. .z...KE../..... ...]m.DcR%b"r...M......wF...q...n...W..J..a...
V...........O.......n..h..R...V.u`....N)$....X..iE.%vb.$c|-7.:{.[r8E.....R... .9Y+.i-M..Z...A....8g...jM....V.....;..5~
JeD.n.P.{.1..w.x.I..(ff....z.[Z.I...D.R.}...M................x....//....>8...ML^.^......6..!..8EQ.:l<.I.g.|.Y2.. .....j
..\.syil.^ua..\...Z_|........".......Ex.vcg.U'.....e.h..p..T...kpCC.{....y...v[]E.P..*..p.......kf..p\.t........E......
~&!;,v....89.Im.........=.2..M...q....>..D..%-PXF.C".xQr.v...x.pT..0.=c..... .....]I....~...;.....s.K<...k`..B..5.}F\..
...Y... /Pk...g.!.{?...h.<a.....k.l../9d.j.y.D..p..........y....Z[.A......6F.fn._r..cE.C..../b...JX.1.....`..uP.f....z\
..R.f.h.D......U..i.M'..g$h.F........ ....._.~#&J....jbA.P.2.5I.......!.#.;j:..I..,...0...:..VV3..Q3v8]\.;l0.%M.W.].%M.
e.|..#.6..,W..,#V.Oh...:$..q....}...<q...U.....,.s..............`....:.8...n..]z.K........|u]53.-^.i.K.5.K........8....
#:...l..f2+...FV..;.... .'Z..&....~,..j.H.`.K.w..g.r3).!P.<-...d.C...{.^..A..oVX....|....J..8.z.tn.]%..i..R.x9U........
.N[W{...J.8k......w..z.%lCv..R.x.=m...i.........-m....b@......U`u..R..........:. .}U...b$......V...H..=jjj:..Z...'DbB.|
.k.-T....|.c.=..ta....`....|o.....z.m[..g..g..Ef.[0.r...q..8I..2t.(?.C..|.L.....R...2.Z.[+..?..r.|.(NM.$....,/.[..nE(..
.j6~...1/...n.:...j~.c..-.Kg.D@........[..X.F...%L..}...E_:. <%P..wQ.N....3../y.[...Z...".y7it.../...Z...)..N\.|...B..R
..s&@...Q......S.(...-.:.S...3.=....i..kK...0..gW.........>...B......\..oU...........p...b...g..F....c$..!.d>...'.D.._.
..y...<)8#.7.WA...&.O.1. 6...3pF\.....].ec....&..z..'.=DqqPf...y+f6....,,Z.....@vK...A&.em...Z.)...6.......C/.......6G7
.)....\R....I.b...e.Z.a.\A=9.g..3.AI@..f.....o..zQT.h._....t........%Y...<.0...!.-....~.VS...UPq...foW\..J..z.7.>....'#
.E.....?mfR...k..I....r0..[.x...x|.LC~*DN1..Rq......q.m!Z....e.....*.*.........k.D...|.<....y.ic...3..R....M..L....,B..
..QCUv..2v`K.7.b......M.k..&t..d.}3.v.M..&F..8X.....>..<..?.nZ.C.......*...9~.1#$.K........8..j.......n..O ..:7b.'sl...
...f..z0>..F..........i.T...Gf69.W67:6....i.......xP.F.k...\GL....!...>]....XD.Z..Cv...^*...a:m.o/]..:..j.D ....>.K0.7.
CI5..{n...OV.1.........b...{...|$...D.,.....D...m....JD......,.YL.v..
+---------------------------------------------------------------------------------------------------------------------+


INPUT FILE: smoothie.js.gz
  File type  = BINARY
  Input size = 3312 bytes
FCARM FILE CONVERTER V2.54                                                            04/05/2016  19:08:28  PAGE 8


+---------------------------------------------------------------------------------------------------------------------+
.......T..smoothie.js...]s.6..8.9..(..]{3..L....i.L......%B.....![...~./..AZ.S.b...o...t.-w......~[.Z....\.Aq....."....
...n..Z}.....t:...$....Y....4G...c<..G.....pq....../=}a.N.w..{Rn...........4q?...O.dT....t...1pQ..X.....I..J.%.l.Q^!.".
.T...@..tu...G.!...n...c....x.......-[...5......X.-.4C.t..w.1P.c.}...x~...........Y.kA.yH...a... .d..X..%%-....D.+.8Ki.
|..Rl....|...w.9"....%..6...&.....b'#S...l..A.{...5...-.........q8............H.*.....o7f.5.....5$.$8J.m....n..mQJQ..3.
.-3.Nl.Lf......7Ixyi.&..i...&..;..=.i.2..9^ /....%..6f....o.....o...c.p,,.;..y.]T.R.v...&........j.9..X..x.3...G...t..M
...[...Q.i.....dz.,.\.....\..Z.g.......H.....M._.a.m.....<MB.Z..jH7.MG...q<c!rmI..u.1.Pm.Y...H.p|=..m.....uJ.y.....4.pg
.....m..bG......i.B......*G........ .....9...~R.......y..(......<Go..n.V-V.f..`y[.MJ......O.%h.+xb...q.....eJ..?..-P...
.....E0.?A0.......F.,P...1+..2O..h4G_1"..b`i(P6...~..rt.x.........@%].p....Yt\............KI.......Q..E...P...8b..,(b./
.b4c...Z,...!n........A..M...y:.tc...?. ..sh&.,......>..6...h.).....4j..]...$.+......}..q.S...pz6[.......O+."....4...|K
..j.............6=."+..N..$..h........_...'.W=..ZM ......Z..n'........y.t%0=."|.#$hI....Q....c.......|.3au'......e$x...
..Fd.^Cb..../r.:..\.u.{~......g.).:...H....Z.1.@h.Y....l..Z`.....v.."F.=.9..W..s..v.%.....C.......+.-....@~..XP.z..7..'
8.1..}N..}.."...F.X.....R..........6..].. .Y..b...`..s../um:.kJy..k.#..G...WE._.F2otw.@.........[.../..#.^....w....mn..
..CfB..c....!.....A..2.. ...W..h.R...^..lU.KX7.gz.<........M......7..X....|....-.......YrNx.....td......wPMG.q..|......
.M`.}.r..p.....N..U-.........p...}u}.1.(.E....:...4...(.xh.L".PM.[...v?.-U_...2.....?....t.F..........A)-.gk-p$p@oizC.u
K.)..:.o.}....k..d}.J]5..T......L.n....g.#........v:.C......e@.r;...b..0.F...Qt....{...;.....b._j...p....M....&.g...kwa
...P..V1..b.3....u...@-7.............`.X..2....AY...."5.#c=p.........H.,)vyn...*Fk...7&..wYJaL.Jo'..R.M.n.t^..x.$.%....
..R...c.V.....p.@...#2...G.}..7..d.t.ip....h1.......8....vN....q3...o.r.x6..{$&J.2..jz.gb&...db*V.3./M...p:;......zFvc3
..!...G.po.....".T..Bb..c...IR>`.}s.(...QE.&.f..A._.\.)....^/...P7...r.{.;..684........?09mX.F.|:i.C...;.....k...).9..c
.}@/.....$=.I._.2 _TbX.e;...-)..-_$..r.....@4D&D.du`M......!.I;..n.o.>....6..K....r.nC.Cg5./...x...4..N........{....'..
..6;'~.>..,.(....j........,._......]19..4{\k.... Co...f..........b4.C....\.>..)..*g.B..E.....o..s......F......m3.].5. .
...K.fjn..f.-L..R..{.`..k#.,Z...A3.th.........Ac;.9....M.\.RM4.....'hA..I.....CFs.O(.}..N8.n.....q..$...Z)........i[...
Pm...#....E.l.......H.K..A..V.D;......ij...`..u..m.`u.....:..i...o...e...C...=h.`.k...!h.....:...:.>c..).3.&C[>...`..A.
.^......O.......e^...y...-..y<.f.........1..C.>.~n%.o....x..Mp...Ae...$dK.....':.L..V.......O.v.WO...1.,1.........'....
K.H[_^........a++KT.}....3\5....B.y...)....}p._.T......5^.....z.l...Q..<:Z.....;....<..+.H.H..zG.,zk..8../.|a....pp.lv.
E[.P.N.$i..Z.m....Xz5.s3..R....8...>......z.....T...a#..|.....&...X........bT...iiIf......1..[}...e.a..[...t.7.r1...t..
....h.....s..q...O.\.?E.../+{^b..^.Q...$..V;.>...i._b^=uYP. g.8.7B;.S.-.A..dK.{....W......F........((.?...iSCfi.3...:..
_.~a.I......uk8.t...0...].~.....P+..............v..u.j?...W.....w..'.$...U..{...Cy..%.{#.t..5.e.ml..z........6.....<R3.
.x=._..Q4..c.R7_3..F...~)w..|...c..iqG....... .b....j_...6PC9..c.........6.QAK..l....H.'J....y..2..
+---------------------------------------------------------------------------------------------------------------------+


INPUT FILE: loc.cgx
  File type  = CGI SCRIPT
  Input size = 8 bytes
  Redundancy = 5 bytes (63%)
  Image size = 3 bytes (37%)
+---------------------------------------------------------------------------------------------------------------------+
c L
.
+---------------------------------------------------------------------------------------------------------------------+

MODULE INFORMATION:
  Number of files  = 5
  Total input size = 40922 bytes
  Redundant data   = 5 bytes (1%)
  Web image size   = 40917 bytes (99%)


FCARM COMPLETE.  0 ERROR(s)
